Archive member included to satisfy reference by file (symbol)

../StdPeriphDriver\libISP583.a(ISP583.o)
                              ./StdPeriphDriver/CH58x_flash.o (FLASH_EEPROM_CMD)
C:\Users\86135\Desktop\WearableGasDetect\MainBoard_CH582\MainBoard_CH582\LIB\libCH58xBLE.a(message.o)
                              ./user/src/central.o (tmos_msg_deallocate)
C:\Users\86135\Desktop\WearableGasDetect\MainBoard_CH582\MainBoard_CH582\LIB\libCH58xBLE.a(tmos.o)
                              ./user/src/central.o (tmos_rand)
C:\Users\86135\Desktop\WearableGasDetect\MainBoard_CH582\MainBoard_CH582\LIB\libCH58xBLE.a(tmos_hw.o)
                              C:\Users\86135\Desktop\WearableGasDetect\MainBoard_CH582\MainBoard_CH582\LIB\libCH58xBLE.a(tmos.o) (bleClock_t)
C:\Users\86135\Desktop\WearableGasDetect\MainBoard_CH582\MainBoard_CH582\LIB\libCH58xBLE.a(tmos_snv.o)
                              C:\Users\86135\Desktop\WearableGasDetect\MainBoard_CH582\MainBoard_CH582\LIB\libCH58xBLE.a(tmos.o) (tmos_snv_init)
C:\Users\86135\Desktop\WearableGasDetect\MainBoard_CH582\MainBoard_CH582\LIB\libCH58xBLE.a(gap.o)
                              ./user/src/central.o (GAP_SetParamValue)
C:\Users\86135\Desktop\WearableGasDetect\MainBoard_CH582\MainBoard_CH582\LIB\libCH58xBLE.a(gap_central.o)
                              C:\Users\86135\Desktop\WearableGasDetect\MainBoard_CH582\MainBoard_CH582\LIB\libCH58xBLE.a(gap.o) (gapProcessPeriodicAdvertisingSyncEstablishedEvt)
C:\Users\86135\Desktop\WearableGasDetect\MainBoard_CH582\MainBoard_CH582\LIB\libCH58xBLE.a(gap_peripheral.o)
                              C:\Users\86135\Desktop\WearableGasDetect\MainBoard_CH582\MainBoard_CH582\LIB\libCH58xBLE.a(gap.o) (GAP_PeripheralParamInit)
C:\Users\86135\Desktop\WearableGasDetect\MainBoard_CH582\MainBoard_CH582\LIB\libCH58xBLE.a(gatt.o)
                              ./user/src/central.o (GATT_ExchangeMTU)
C:\Users\86135\Desktop\WearableGasDetect\MainBoard_CH582\MainBoard_CH582\LIB\libCH58xBLE.a(gatt_uuid.o)
                              C:\Users\86135\Desktop\WearableGasDetect\MainBoard_CH582\MainBoard_CH582\LIB\libCH58xBLE.a(gatt.o) (serviceChangedUUID)
C:\Users\86135\Desktop\WearableGasDetect\MainBoard_CH582\MainBoard_CH582\LIB\libCH58xBLE.a(gattclientapp.o)
                              C:\Users\86135\Desktop\WearableGasDetect\MainBoard_CH582\MainBoard_CH582\LIB\libCH58xBLE.a(gatt.o) (gattGetClientStatus)
C:\Users\86135\Desktop\WearableGasDetect\MainBoard_CH582\MainBoard_CH582\LIB\libCH58xBLE.a(gattservapp.o)
                              ./Profile/gattprofile.o (GATTServApp_ReadCharCfg)
C:\Users\86135\Desktop\WearableGasDetect\MainBoard_CH582\MainBoard_CH582\LIB\libCH58xBLE.a(l2cap.o)
                              C:\Users\86135\Desktop\WearableGasDetect\MainBoard_CH582\MainBoard_CH582\LIB\libCH58xBLE.a(gatt.o) (L2CAP_GetMTU)
C:\Users\86135\Desktop\WearableGasDetect\MainBoard_CH582\MainBoard_CH582\LIB\libCH58xBLE.a(l2cap_input.o)
                              C:\Users\86135\Desktop\WearableGasDetect\MainBoard_CH582\MainBoard_CH582\LIB\libCH58xBLE.a(l2cap.o) (l2capProcessRxData)
C:\Users\86135\Desktop\WearableGasDetect\MainBoard_CH582\MainBoard_CH582\LIB\libCH58xBLE.a(l2cap_output.o)
                              C:\Users\86135\Desktop\WearableGasDetect\MainBoard_CH582\MainBoard_CH582\LIB\libCH58xBLE.a(l2cap_input.o) (l2capNotifyData)
C:\Users\86135\Desktop\WearableGasDetect\MainBoard_CH582\MainBoard_CH582\LIB\libCH58xBLE.a(l2cap_sdu.o)
                              C:\Users\86135\Desktop\WearableGasDetect\MainBoard_CH582\MainBoard_CH582\LIB\libCH58xBLE.a(l2cap_input.o) (l2capBuildDisconnectRsp)
C:\Users\86135\Desktop\WearableGasDetect\MainBoard_CH582\MainBoard_CH582\LIB\libCH58xBLE.a(linkdb.o)
                              C:\Users\86135\Desktop\WearableGasDetect\MainBoard_CH582\MainBoard_CH582\LIB\libCH58xBLE.a(l2cap.o) (linkDB_Init)
C:\Users\86135\Desktop\WearableGasDetect\MainBoard_CH582\MainBoard_CH582\LIB\libCH58xBLE.a(sm.o)
                              C:\Users\86135\Desktop\WearableGasDetect\MainBoard_CH582\MainBoard_CH582\LIB\libCH58xBLE.a(gap.o) (smFreePairingParams)
C:\Users\86135\Desktop\WearableGasDetect\MainBoard_CH582\MainBoard_CH582\LIB\libCH58xBLE.a(sm_initiator.o)
                              C:\Users\86135\Desktop\WearableGasDetect\MainBoard_CH582\MainBoard_CH582\LIB\libCH58xBLE.a(sm.o) (smInitiatorSendNextKeyInfo)
C:\Users\86135\Desktop\WearableGasDetect\MainBoard_CH582\MainBoard_CH582\LIB\libCH58xBLE.a(sm_pdu.o)
                              C:\Users\86135\Desktop\WearableGasDetect\MainBoard_CH582\MainBoard_CH582\LIB\libCH58xBLE.a(sm.o) (smpBuildPairingReq)
C:\Users\86135\Desktop\WearableGasDetect\MainBoard_CH582\MainBoard_CH582\LIB\libCH58xBLE.a(sm_responding.o)
                              C:\Users\86135\Desktop\WearableGasDetect\MainBoard_CH582\MainBoard_CH582\LIB\libCH58xBLE.a(sm.o) (smResponderSendNextKeyInfo)
C:\Users\86135\Desktop\WearableGasDetect\MainBoard_CH582\MainBoard_CH582\LIB\libCH58xBLE.a(sm_toolbox.o)
[...]
Memory Configuration

Name             Origin             Length             Attributes
FLASH            0x0000000000000000 0x0000000000070000 xr
RAM              0x0000000020000000 0x0000000000008000 xrw
*default*        0x0000000000000000 0xffffffffffffffff

Linker script and memory map

LOAD ./user/src/central.o
LOAD ./user/src/control.o
LOAD ./user/src/main.o
LOAD ./StdPeriphDriver/CH58x_adc.o
LOAD ./StdPeriphDriver/CH58x_clk.o
LOAD ./StdPeriphDriver/CH58x_flash.o
LOAD ./StdPeriphDriver/CH58x_gpio.o
LOAD ./StdPeriphDriver/CH58x_i2c.o
LOAD ./StdPeriphDriver/CH58x_pwr.o
LOAD ./StdPeriphDriver/CH58x_spi1.o
LOAD ./StdPeriphDriver/CH58x_sys.o
LOAD ./StdPeriphDriver/CH58x_uart0.o
LOAD ./StdPeriphDriver/CH58x_uart1.o
LOAD ./StdPeriphDriver/CH58x_usb2dev.o
LOAD ./StdPeriphDriver/CH58x_usb2hostBase.o
LOAD ./StdPeriphDriver/CH58x_usb2hostClass.o
LOAD ./Startup/startup_CH583.o
LOAD ./RVMSIS/core_riscv.o
LOAD ./Profile/devinfoservice.o
LOAD ./Profile/gattprofile.o
LOAD ./HAL/KEY.o
LOAD ./HAL/LED.o
LOAD ./HAL/MCU.o
LOAD ./HAL/RTC.o
LOAD ./HAL/SLEEP.o
LOAD ../StdPeriphDriver\libISP583.a
LOAD d:/mounriver/mounriver_studio/toolchain/risc-v embedded gcc/bin/../lib/gcc/riscv-none-embed/8.2.0/../../../../riscv-none-embed/lib/rv32imac/ilp32\libm.a
LOAD C:\Users\86135\Desktop\WearableGasDetect\MainBoard_CH582\MainBoard_CH582\LIB\libCH58xBLE.a
LOAD d:/mounriver/mounriver_studio/toolchain/risc-v embedded gcc/bin/../lib/gcc/riscv-none-embed/8.2.0/rv32imac/ilp32\libgcc.a
LOAD d:/mounriver/mounriver_studio/toolchain/risc-v embedded gcc/bin/../lib/gcc/riscv-none-embed/8.2.0/../../../../riscv-none-embed/lib/rv32imac/ilp32\libg_nano.a
LOAD d:/mounriver/mounriver_studio/toolchain/risc-v embedded gcc/bin/../lib/gcc/riscv-none-embed/8.2.0/../../../../riscv-none-embed/lib/rv32imac/ilp32\libc_nano.a
LOAD d:/mounriver/mounriver_studio/toolchain/risc-v embedded gcc/bin/../lib/gcc/riscv-none-embed/8.2.0/rv32imac/ilp32\libgcc.a
START GROUP
LOAD d:/mounriver/mounriver_studio/toolchain/risc-v embedded gcc/bin/../lib/gcc/riscv-none-embed/8.2.0/rv32imac/ilp32\libgcc.a
LOAD d:/mounriver/mounriver_studio/toolchain/risc-v embedded gcc/bin/../lib/gcc/riscv-none-embed/8.2.0/../../../../riscv-none-embed/lib/rv32imac/ilp32\libc_nano.a
LOAD d:/mounriver/mounriver_studio/toolchain/risc-v embedded gcc/bin/../lib/gcc/riscv-none-embed/8.2.0/../../../../riscv-none-embed/lib/rv32imac/ilp32\libnosys.a
END GROUP
START GROUP
LOAD d:/mounriver/mounriver_studio/toolchain/risc-v embedded gcc/bin/../lib/gcc/riscv-none-embed/8.2.0/rv32imac/ilp32\libgcc.a
LOAD d:/mounriver/mounriver_studio/toolchain/risc-v embedded gcc/bin/../lib/gcc/riscv-none-embed/8.2.0/../../../../riscv-none-embed/lib/rv32imac/ilp32\libc_nano.a
LOAD d:/mounriver/mounriver_studio/toolchain/risc-v embedded gcc/bin/../lib/gcc/riscv-none-embed/8.2.0/../../../../riscv-none-embed/lib/rv32imac/ilp32\libnosys.a
END GROUP
                0x0000000000000200                __stack_size = 0x200
                [!provide]                        PROVIDE (_stack_size = __stack_size)

.init           0x0000000000000000        0x4
                0x0000000000000000                _sinit = .
                0x0000000000000000                . = ALIGN (0x4)
 *(SORT_NONE(.init))
 .init          0x0000000000000000        0x4 ./Startup/startup_CH583.o
                0x0000000000000000                _start
                0x0000000000000004                . = ALIGN (0x4)
                0x0000000000000004                _einit = .

.highcodelalign
                0x0000000000000004        0x0
                0x0000000000000004                . = ALIGN (0x4)
                0x0000000000000004                PROVIDE (_highcode_lma = .)

.highcode       0x0000000020000000     0x2148 load address 0x0000000000000004
                0x0000000020000000                . = ALIGN (0x4)
                0x0000000020000000                PROVIDE (_highcode_vma_start = .)
 *(.vector)
 .vector        0x0000000020000000       0x90 ./Startup/startup_CH583.o
 *(SORT_NONE(.vector_handler))
 .vector_handler
                0x0000000020000090        0x2 ./Startup/startup_CH583.o
                0x0000000020000090                GPIOB_IRQHandler
                0x0000000020000090                GPIOA_IRQHandler
                0x0000000020000090                SysTick_Handler
                0x0000000020000090                NMI_Handler
                0x0000000020000090                BB_IRQHandler
                0x0000000020000090                Break_Point_Handler
                0x0000000020000090                TMR0_IRQHandler
                0x0000000020000090                Ecall_M_Mode_Handler
                0x0000000020000090                UART2_IRQHandler
                0x0000000020000090                PWMX_IRQHandler
                0x0000000020000090                ADC_IRQHandler
                0x0000000020000090                TMR2_IRQHandler
                0x0000000020000090                USB_IRQHandler
                0x0000000020000090                I2C_IRQHandler
                0x0000000020000090                USB2_IRQHandler
                0x0000000020000090                LLE_IRQHandler
                0x0000000020000090                WDOG_BAT_IRQHandler
                0x0000000020000090                Ecall_U_Mode_Handler
                0x0000000020000090                TMR3_IRQHandler
                0x0000000020000090                SW_Handler
                0x0000000020000090                SPI0_IRQHandler
                0x0000000020000090                UART3_IRQHandler
                0x0000000020000090                TMR1_IRQHandler
 *(.highcode)
 .highcode      0x0000000020000092        0xc ./user/src/main.o
                0x0000000020000092                UART1_IRQHandler
 .highcode      0x000000002000009e       0x18 ./StdPeriphDriver/CH58x_clk.o
                0x000000002000009e                RTC_GetCycle32k
 .highcode      0x00000000200000b6      0x4ec ./StdPeriphDriver/CH58x_sys.o
                0x00000000200000b6                SetSysClock
                0x000000002000043c                SYS_ResetExecute
                0x00000000200004ae                HardFault_Handler
                0x000000002000056c                mDelayuS
                0x000000002000057a                mDelaymS
 .highcode      0x00000000200005a2       0x16 ./HAL/RTC.o
                0x00000000200005a2                RTC_IRQHandler
 .highcode      0x00000000200005b8      0x426 ../StdPeriphDriver\libISP583.a(ISP583.o)
                0x00000000200005b8                FLASH_ROM_BEG
                0x00000000200005ca                FLASH_ROM_END
                0x00000000200005d8                FLASH_ROM_IN
                0x00000000200005e6                FLASH_ROM_OUT
                0x00000000200005f4                FLASH_ROM_ADDR
                0x000000002000063c                FLASH_ROM_WAIT
                0x0000000020000674                FLASH_EEPROM_CMD
 .highcode      0x00000000200009de      0x430 C:\Users\86135\Desktop\WearableGasDetect\MainBoard_CH582\MainBoard_CH582\LIB\libCH58xBLE.a(tmos.o)
                0x00000000200009de                tmos_memcpy
                0x00000000200009fe                tmos_memcpy_word
                0x0000000020000a16                tmos_memset
                0x0000000020000a28                tmos_strlen
                0x0000000020000a3c                tmos_memdup
                0x0000000020000a6e                tmos_memcmp
                0x0000000020000a9c                tmos_revmemcpy
                0x0000000020000ab8                tmos_isbufset
                0x0000000020000ada                tmos_proces_system_time
                0x0000000020000c1e                TMOS_SystemProcess
 .highcode      0x0000000020000e0e       0x50 C:\Users\86135\Desktop\WearableGasDetect\MainBoard_CH582\MainBoard_CH582\LIB\libCH58xBLE.a(tmos_hw.o)
                0x0000000020000e58                TMOS_TimerIRQHandler
 .highcode      0x0000000020000e5e       0xa0 C:\Users\86135\Desktop\WearableGasDetect\MainBoard_CH582\MainBoard_CH582\LIB\libCH58xBLE.a(ll_scan.o)
                0x0000000020000e5e                ll_scan_duplicate_filter
 .highcode      0x0000000020000efe       0x4e C:\Users\86135\Desktop\WearableGasDetect\MainBoard_CH582\MainBoard_CH582\LIB\libCH58xBLE.a(ll_whitelist.o)
                0x0000000020000efe                LL_WhitelistLookup
 .highcode      0x0000000020000f4c      0x1b6 C:\Users\86135\Desktop\WearableGasDetect\MainBoard_CH582\MainBoard_CH582\LIB\libCH58xBLE.a(aes.o)
                0x0000000020000f4c                AES_DevAESEnc
 .highcode      0x0000000020001102      0x15a C:\Users\86135\Desktop\WearableGasDetect\MainBoard_CH582\MainBoard_CH582\LIB\libCH58xBLE.a(bb.o)
                0x0000000020001102                BB_IRQLibHandler
                0x0000000020001212                BB_IRQLibFunction
 .highcode      0x000000002000125c      0x38c C:\Users\86135\Desktop\WearableGasDetect\MainBoard_CH582\MainBoard_CH582\LIB\libCH58xBLE.a(ip.o)
                0x000000002000125c                ll_rx_wait_finish
                0x000000002000129a                ble_ll_chkcrc
                0x000000002000133c                ll_tx_wait_finish
                0x0000000020001444                BLE_CheckHoppingMap
 .highcode      0x00000000200015e8      0x23c C:\Users\86135\Desktop\WearableGasDetect\MainBoard_CH582\MainBoard_CH582\LIB\libCH58xBLE.a(lle.o)
                0x00000000200015e8                LLE_IRQLibHandler
                0x00000000200017da                LLE_IRQLibFunction
 .highcode      0x0000000020001824       0x3a C:\Users\86135\Desktop\WearableGasDetect\MainBoard_CH582\MainBoard_CH582\LIB\libCH58xBLE.a(rfend.o)
                0x0000000020001824                RFEND_WaitTune
 .highcode      0x000000002000185e      0x1ba C:\Users\86135\Desktop\WearableGasDetect\MainBoard_CH582\MainBoard_CH582\LIB\libCH58xBLE.a(memory.o)
                0x000000002000185e                tmos_memory_allocate
                0x0000000020001930                tmos_memory_free
 .highcode      0x0000000020001a18      0x2e6 C:\Users\86135\Desktop\WearableGasDetect\MainBoard_CH582\MainBoard_CH582\LIB\libCH58xBLE.a(ll_connect.o)
                0x0000000020001a18                ll_connect_send_data
                0x0000000020001b44                ll_connect_recv_data
                0x0000000020001c24                ll_connect_event_continue
                0x0000000020001cee                ll_wait_connect_event
 .highcode      0x0000000020001cfe      0x310 C:\Users\86135\Desktop\WearableGasDetect\MainBoard_CH582\MainBoard_CH582\LIB\libCH58xBLE.a(ll_hop.o)
                0x0000000020001cfe                LL_HopGetChannel
                0x0000000020001da4                LL_HopGetChannel2
 .highcode      0x000000002000200e      0x138 C:\Users\86135\Desktop\WearableGasDetect\MainBoard_CH582\MainBoard_CH582\LIB\libCH58xBLE.a(ll_resolvinglist.o)
                0x000000002000200e                ll_resolvinglist_checkRPA
                0x000000002000207a                LL_ResolvinglistPeerIdentifyAddressGetIrk
                0x00000000200020ce                LL_ResolvinglistPeerRpaAddressGetIrk
                0x000000002000210a                LL_ResolvinglistLocalRpaAddressGetIrk
 *(.highcode.*)
                0x0000000020002148                . = ALIGN (0x4)
 *fill*         0x0000000020002146        0x2 
                0x0000000020002148                PROVIDE (_highcode_vma_end = .)

.text           0x0000000000002150    0x2aa84
                0x0000000000002150                . = ALIGN (0x4)
 *(SORT_NONE(.handle_reset))
 .handle_reset  0x0000000000002150       0xae ./Startup/startup_CH583.o
                0x0000000000002150                handle_reset
 *(.text)
 .text          0x00000000000021fe       0xa8 d:/mounriver/mounriver_studio/toolchain/risc-v embedded gcc/bin/../lib/gcc/riscv-none-embed/8.2.0/../../../../riscv-none-embed/lib/rv32imac/ilp32\libg_nano.a(lib_a-memset.o)
                0x00000000000021fe                memset
 *(.text.*)
 .text.centralHciMTUChangeCB
                0x00000000000022a6       0x1c ./user/src/central.o
 .text.centralRssiCB
                0x00000000000022c2       0x10 ./user/src/central.o
 .text.centralPasscodeCB
                0x00000000000022d2       0x3e ./user/src/central.o
 .text.centralPairStateCB
                0x0000000000002310       0x5a ./user/src/central.o
 .text.centralAddDeviceInfo.part.1
                0x000000000000236a       0xac ./user/src/central.o
 .text.Central_ProcessEvent
                0x0000000000002416      0x476 ./user/src/central.o
                0x0000000000002416                Central_ProcessEvent
 .text.centralEventCB
                0x000000000000288c      0x332 ./user/src/central.o
 .text.Central_Init
                0x0000000000002bbe       0xb8 ./user/src/central.o
                0x0000000000002bbe                Central_Init
 .text.BLEDataTransfer
                0x0000000000002c76       0x52 ./user/src/control.o
                0x0000000000002c76                BLEDataTransfer
 .text.startup.main
                0x0000000000002cc8       0xac ./user/src/main.o
                0x0000000000002cc8                main
 .text.UART0_IRQHandler
                0x0000000000002d74        0xa ./user/src/main.o
                0x0000000000002d74                UART0_IRQHandler
 .text.ADC_InterTSSampInit
                0x0000000000002d7e       0x28 ./StdPeriphDriver/CH58x_adc.o
                0x0000000000002d7e                ADC_InterTSSampInit
 .text.LSECFG_Current
                0x0000000000002da6       0x68 ./StdPeriphDriver/CH58x_clk.o
                0x0000000000002da6                LSECFG_Current
 .text.RTC_InitTime
                0x0000000000002e0e      0x204 ./StdPeriphDriver/CH58x_clk.o
                0x0000000000002e0e                RTC_InitTime
 .text.Calibration_LSI
                0x0000000000003012      0x8de ./StdPeriphDriver/CH58x_clk.o
                0x0000000000003012                Calibration_LSI
 .text.GPIOA_ModeCfg
                0x00000000000038f0       0xa6 ./StdPeriphDriver/CH58x_gpio.o
                0x00000000000038f0                GPIOA_ModeCfg
 .text.GPIOB_ModeCfg
                0x0000000000003996       0xa6 ./StdPeriphDriver/CH58x_gpio.o
                0x0000000000003996                GPIOB_ModeCfg
 .text.PWR_DCDCCfg
                0x0000000000003a3c      0x13c ./StdPeriphDriver/CH58x_pwr.o
                0x0000000000003a3c                PWR_DCDCCfg
 .text.GetSysClock
                0x0000000000003b78       0x42 ./StdPeriphDriver/CH58x_sys.o
                0x0000000000003b78                GetSysClock
 .text.SYS_DisableAllIrq
                0x0000000000003bba       0x20 ./StdPeriphDriver/CH58x_sys.o
                0x0000000000003bba                SYS_DisableAllIrq
 .text.SYS_RecoverIrq
                0x0000000000003bda       0x14 ./StdPeriphDriver/CH58x_sys.o
                0x0000000000003bda                SYS_RecoverIrq
 .text.SYS_GetSysTickCnt
                0x0000000000003bee        0xa ./StdPeriphDriver/CH58x_sys.o
                0x0000000000003bee                SYS_GetSysTickCnt
 .text._write   0x0000000000003bf8       0x28 ./StdPeriphDriver/CH58x_sys.o
                0x0000000000003bf8                _write
 .text._sbrk    0x0000000000003c20       0x2c ./StdPeriphDriver/CH58x_sys.o
                0x0000000000003c20                _sbrk
 .text.UART0_BaudRateCfg
                0x0000000000003c4c       0x30 ./StdPeriphDriver/CH58x_uart0.o
                0x0000000000003c4c                UART0_BaudRateCfg
 .text.UART0_DefInit
                0x0000000000003c7c       0x32 ./StdPeriphDriver/CH58x_uart0.o
                0x0000000000003c7c                UART0_DefInit
 .text.UART0_ByteTrigCfg
                0x0000000000003cae       0x1a ./StdPeriphDriver/CH58x_uart0.o
                0x0000000000003cae                UART0_ByteTrigCfg
 .text.UART0_INTCfg
                0x0000000000003cc8       0x2a ./StdPeriphDriver/CH58x_uart0.o
                0x0000000000003cc8                UART0_INTCfg
 .text.UART1_BaudRateCfg
                0x0000000000003cf2       0x30 ./StdPeriphDriver/CH58x_uart1.o
                0x0000000000003cf2                UART1_BaudRateCfg
 .text.UART1_DefInit
                0x0000000000003d22       0x32 ./StdPeriphDriver/CH58x_uart1.o
                0x0000000000003d22                UART1_DefInit
 .text.UART1_ByteTrigCfg
                0x0000000000003d54       0x1a ./StdPeriphDriver/CH58x_uart1.o
                0x0000000000003d54                UART1_ByteTrigCfg
 .text.UART1_INTCfg
                0x0000000000003d6e       0x2a ./StdPeriphDriver/CH58x_uart1.o
                0x0000000000003d6e                UART1_INTCfg
 .text.UART1_SendString
                0x0000000000003d98       0x28 ./StdPeriphDriver/CH58x_uart1.o
                0x0000000000003d98                UART1_SendString
 .text.Lib_Calibration_LSI
                0x0000000000003dc0        0x6 ./HAL/MCU.o
                0x0000000000003dc0                Lib_Calibration_LSI
 .text.Lib_Read_Flash
                0x0000000000003dc6       0x1c ./HAL/MCU.o
                0x0000000000003dc6                Lib_Read_Flash
 .text.Lib_Write_Flash
                0x0000000000003de2       0x40 ./HAL/MCU.o
                0x0000000000003de2                Lib_Write_Flash
 .text.HAL_GetInterTempValue
                0x0000000000003e22       0x72 ./HAL/MCU.o
                0x0000000000003e22                HAL_GetInterTempValue
 .text.HAL_ProcessEvent
                0x0000000000003e94       0x7a ./HAL/MCU.o
                0x0000000000003e94                HAL_ProcessEvent
 .text.CH58X_BLEInit
                0x0000000000003f0e      0x132 ./HAL/MCU.o
                0x0000000000003f0e                CH58X_BLEInit
 .text.HAL_Init
                0x0000000000004040       0x2e ./HAL/MCU.o
                0x0000000000004040                HAL_Init
 .text.HAL_TimeInit
                0x000000000000406e       0xe0 ./HAL/RTC.o
                0x000000000000406e                HAL_TimeInit
 .text.tmos_msg_enqueue
                0x000000000000414e       0x1e C:\Users\86135\Desktop\WearableGasDetect\MainBoard_CH582\MainBoard_CH582\LIB\libCH58xBLE.a(message.o)
                0x000000000000414e                tmos_msg_enqueue
 .text.tmos_msg_deallocate
                0x000000000000416c       0x2c C:\Users\86135\Desktop\WearableGasDetect\MainBoard_CH582\MainBoard_CH582\LIB\libCH58xBLE.a(message.o)
                0x000000000000416c                tmos_msg_deallocate
 .text.tmos_msg_allocate
                0x0000000000004198       0x46 C:\Users\86135\Desktop\WearableGasDetect\MainBoard_CH582\MainBoard_CH582\LIB\libCH58xBLE.a(message.o)
                0x0000000000004198                tmos_msg_allocate
 .text.tmos_msg_receive
                0x00000000000041de       0x70 C:\Users\86135\Desktop\WearableGasDetect\MainBoard_CH582\MainBoard_CH582\LIB\libCH58xBLE.a(message.o)
                0x00000000000041de                tmos_msg_receive
 .text.tmos_msg_send
                0x000000000000424e       0x60 C:\Users\86135\Desktop\WearableGasDetect\MainBoard_CH582\MainBoard_CH582\LIB\libCH58xBLE.a(message.o)
                0x000000000000424e                tmos_msg_send
 .text.tmos_msg_init
                0x00000000000042ae        0xa C:\Users\86135\Desktop\WearableGasDetect\MainBoard_CH582\MainBoard_CH582\LIB\libCH58xBLE.a(message.o)
                0x00000000000042ae                tmos_msg_init
 .text.tmosFindTask
                0x00000000000042b8       0x24 C:\Users\86135\Desktop\WearableGasDetect\MainBoard_CH582\MainBoard_CH582\LIB\libCH58xBLE.a(tmos.o)
 .text.TMOS_CB_PeriodicProcessEvent
                0x00000000000042dc       0x86 C:\Users\86135\Desktop\WearableGasDetect\MainBoard_CH582\MainBoard_CH582\LIB\libCH58xBLE.a(tmos.o)
                0x00000000000042dc                TMOS_CB_PeriodicProcessEvent
 .text.TMOS_CB_ProcessEvent
                0x0000000000004362       0x80 C:\Users\86135\Desktop\WearableGasDetect\MainBoard_CH582\MainBoard_CH582\LIB\libCH58xBLE.a(tmos.o)
                0x0000000000004362                TMOS_CB_ProcessEvent
 .text.tmos_rand
                0x00000000000043e2       0x52 C:\Users\86135\Desktop\WearableGasDetect\MainBoard_CH582\MainBoard_CH582\LIB\libCH58xBLE.a(tmos.o)
                0x00000000000043e2                tmos_rand
 .text.tmos_start_periodic_callback_task
                0x0000000000004434       0xea C:\Users\86135\Desktop\WearableGasDetect\MainBoard_CH582\MainBoard_CH582\LIB\libCH58xBLE.a(tmos.o)
                0x0000000000004434                tmos_start_periodic_callback_task
 .text.tmos_set_event
                0x000000000000451e       0x2e C:\Users\86135\Desktop\WearableGasDetect\MainBoard_CH582\MainBoard_CH582\LIB\libCH58xBLE.a(tmos.o)
                0x000000000000451e                tmos_set_event
 .text.tmos_clear_event
                0x000000000000454c       0x32 C:\Users\86135\Desktop\WearableGasDetect\MainBoard_CH582\MainBoard_CH582\LIB\libCH58xBLE.a(tmos.o)
                0x000000000000454c                tmos_clear_event
 .text.tmos_update_callback_timer
                0x000000000000457e       0xc2 C:\Users\86135\Desktop\WearableGasDetect\MainBoard_CH582\MainBoard_CH582\LIB\libCH58xBLE.a(tmos.o)
                0x000000000000457e                tmos_update_callback_timer
 .text.tmos_update_periodic_callback_timer
                0x0000000000004640       0x5e C:\Users\86135\Desktop\WearableGasDetect\MainBoard_CH582\MainBoard_CH582\LIB\libCH58xBLE.a(tmos.o)
                0x0000000000004640                tmos_update_periodic_callback_timer
 .text.tmos_start_task
                0x000000000000469e      0x132 C:\Users\86135\Desktop\WearableGasDetect\MainBoard_CH582\MainBoard_CH582\LIB\libCH58xBLE.a(tmos.o)
                0x000000000000469e                tmos_start_task
 .text.tmos_start_callback_task
                0x00000000000047d0       0x9a C:\Users\86135\Desktop\WearableGasDetect\MainBoard_CH582\MainBoard_CH582\LIB\libCH58xBLE.a(tmos.o)
                0x00000000000047d0                tmos_start_callback_task
 .text.tmos_start_reload_task
                0x000000000000486a       0x56 C:\Users\86135\Desktop\WearableGasDetect\MainBoard_CH582\MainBoard_CH582\LIB\libCH58xBLE.a(tmos.o)
                0x000000000000486a                tmos_start_reload_task
 .text.tmos_stop_task
                0x00000000000048c0       0x50 C:\Users\86135\Desktop\WearableGasDetect\MainBoard_CH582\MainBoard_CH582\LIB\libCH58xBLE.a(tmos.o)
                0x00000000000048c0                tmos_stop_task
 .text.tmos_stop_callback_task
                0x0000000000004910       0x5a C:\Users\86135\Desktop\WearableGasDetect\MainBoard_CH582\MainBoard_CH582\LIB\libCH58xBLE.a(tmos.o)
                0x0000000000004910                tmos_stop_callback_task
 .text.tmos_get_task_timer
                0x000000000000496a       0x62 C:\Users\86135\Desktop\WearableGasDetect\MainBoard_CH582\MainBoard_CH582\LIB\libCH58xBLE.a(tmos.o)
                0x000000000000496a                tmos_get_task_timer
 .text.tmos_proces_sleep
                0x00000000000049cc       0xd0 C:\Users\86135\Desktop\WearableGasDetect\MainBoard_CH582\MainBoard_CH582\LIB\libCH58xBLE.a(tmos.o)
                0x00000000000049cc                tmos_proces_sleep
 .text.TMOS_TimerRegister
                0x0000000000004a9c       0x1e C:\Users\86135\Desktop\WearableGasDetect\MainBoard_CH582\MainBoard_CH582\LIB\libCH58xBLE.a(tmos.o)
                0x0000000000004a9c                TMOS_TimerRegister
 .text.TMOS_ProcessRegister
                0x0000000000004aba       0x16 C:\Users\86135\Desktop\WearableGasDetect\MainBoard_CH582\MainBoard_CH582\LIB\libCH58xBLE.a(tmos.o)
                0x0000000000004aba                TMOS_ProcessRegister
 .text.TMOS_Init
                0x0000000000004ad0      0x12e C:\Users\86135\Desktop\WearableGasDetect\MainBoard_CH582\MainBoard_CH582\LIB\libCH58xBLE.a(tmos.o)
                0x0000000000004ad0                TMOS_Init
 .text.TMOS_ProcessEventRegister
                0x0000000000004bfe       0x3c C:\Users\86135\Desktop\WearableGasDetect\MainBoard_CH582\MainBoard_CH582\LIB\libCH58xBLE.a(tmos.o)
                0x0000000000004bfe                TMOS_ProcessEventRegister
 .text.BLE_LibInit
                0x0000000000004c3a      0x17c C:\Users\86135\Desktop\WearableGasDetect\MainBoard_CH582\MainBoard_CH582\LIB\libCH58xBLE.a(tmos.o)
                0x0000000000004c3a                BLE_LibInit
 .text.clockGetTickValve
                0x0000000000004db6       0x7e C:\Users\86135\Desktop\WearableGasDetect\MainBoard_CH582\MainBoard_CH582\LIB\libCH58xBLE.a(tmos_hw.o)
 .text.ll_get_sca_divisor
                0x0000000000004e34       0x40 C:\Users\86135\Desktop\WearableGasDetect\MainBoard_CH582\MainBoard_CH582\LIB\libCH58xBLE.a(tmos_hw.o)
                0x0000000000004e34                ll_get_sca_divisor
 .text.ll_get_sca_own
                0x0000000000004e74       0x46 C:\Users\86135\Desktop\WearableGasDetect\MainBoard_CH582\MainBoard_CH582\LIB\libCH58xBLE.a(tmos_hw.o)
                0x0000000000004e74                ll_get_sca_own
 .text.ble_ll_common_rand8
                0x0000000000004eba       0x24 C:\Users\86135\Desktop\WearableGasDetect\MainBoard_CH582\MainBoard_CH582\LIB\libCH58xBLE.a(tmos_hw.o)
                0x0000000000004eba                ble_ll_common_rand8
 .text.ble_ll_common_rand16
                0x0000000000004ede       0x24 C:\Users\86135\Desktop\WearableGasDetect\MainBoard_CH582\MainBoard_CH582\LIB\libCH58xBLE.a(tmos_hw.o)
                0x0000000000004ede                ble_ll_common_rand16
 .text.ble_ll_common_rand32
                0x0000000000004f02       0x20 C:\Users\86135\Desktop\WearableGasDetect\MainBoard_CH582\MainBoard_CH582\LIB\libCH58xBLE.a(tmos_hw.o)
                0x0000000000004f02                ble_ll_common_rand32
 .text.TMOS_TempSample
                0x0000000000004f22       0x62 C:\Users\86135\Desktop\WearableGasDetect\MainBoard_CH582\MainBoard_CH582\LIB\libCH58xBLE.a(tmos_hw.o)
                0x0000000000004f22                TMOS_TempSample
 .text.TMOS_TimerInit
                0x0000000000004f84      0x152 C:\Users\86135\Desktop\WearableGasDetect\MainBoard_CH582\MainBoard_CH582\LIB\libCH58xBLE.a(tmos_hw.o)
                0x0000000000004f84                TMOS_TimerInit
 .text.tmos_snv_init
                0x00000000000050d6       0xc0 C:\Users\86135\Desktop\WearableGasDetect\MainBoard_CH582\MainBoard_CH582\LIB\libCH58xBLE.a(tmos_snv.o)
                0x00000000000050d6                tmos_snv_init
 .text.tmos_snv_read
                0x0000000000005196      0x292 C:\Users\86135\Desktop\WearableGasDetect\MainBoard_CH582\MainBoard_CH582\LIB\libCH58xBLE.a(tmos_snv.o)
                0x0000000000005196                tmos_snv_read
 .text.tmos_snv_notify
                0x0000000000005428       0x5a C:\Users\86135\Desktop\WearableGasDetect\MainBoard_CH582\MainBoard_CH582\LIB\libCH58xBLE.a(tmos_snv.o)
                0x0000000000005428                tmos_snv_notify
 .text.tmos_snv_write
                0x0000000000005482      0x2ce C:\Users\86135\Desktop\WearableGasDetect\MainBoard_CH582\MainBoard_CH582\LIB\libCH58xBLE.a(tmos_snv.o)
                0x0000000000005482                tmos_snv_write
 .text.tmos_snv_compact
                0x0000000000005750        0x4 C:\Users\86135\Desktop\WearableGasDetect\MainBoard_CH582\MainBoard_CH582\LIB\libCH58xBLE.a(tmos_snv.o)
                0x0000000000005750                tmos_snv_compact
 .text.disconnectNext
                0x0000000000005754       0x22 C:\Users\86135\Desktop\WearableGasDetect\MainBoard_CH582\MainBoard_CH582\LIB\libCH58xBLE.a(gap.o)
 .text.GAP_ParamInit
                0x0000000000005776      0x16c C:\Users\86135\Desktop\WearableGasDetect\MainBoard_CH582\MainBoard_CH582\LIB\libCH58xBLE.a(gap.o)
                0x0000000000005776                GAP_ParamInit
 .text.sendTerminateEvent
                0x00000000000058e2       0x58 C:\Users\86135\Desktop\WearableGasDetect\MainBoard_CH582\MainBoard_CH582\LIB\libCH58xBLE.a(gap.o)
                0x00000000000058e2                sendTerminateEvent
 .text.gapRegisterCentral
                0x000000000000593a        0x6 C:\Users\86135\Desktop\WearableGasDetect\MainBoard_CH582\MainBoard_CH582\LIB\libCH58xBLE.a(gap.o)
                0x000000000000593a                gapRegisterCentral
 .text.gapRegisterCentralConn
                0x0000000000005940        0x6 C:\Users\86135\Desktop\WearableGasDetect\MainBoard_CH582\MainBoard_CH582\LIB\libCH58xBLE.a(gap.o)
                0x0000000000005940                gapRegisterCentralConn
 .text.gapRegisterPeripheral
                0x0000000000005946        0x6 C:\Users\86135\Desktop\WearableGasDetect\MainBoard_CH582\MainBoard_CH582\LIB\libCH58xBLE.a(gap.o)
                0x0000000000005946                gapRegisterPeripheral
 .text.gapRegisterPeripheralConn
                0x000000000000594c        0x6 C:\Users\86135\Desktop\WearableGasDetect\MainBoard_CH582\MainBoard_CH582\LIB\libCH58xBLE.a(gap.o)
                0x000000000000594c                gapRegisterPeripheralConn
 .text.smGenerateRandBuf
                0x0000000000005952       0x56 C:\Users\86135\Desktop\WearableGasDetect\MainBoard_CH582\MainBoard_CH582\LIB\libCH58xBLE.a(gap.o)
                0x0000000000005952                smGenerateRandBuf
 .text.gapL2capConnParamUpdateReq
                0x00000000000059a8       0x36 C:\Users\86135\Desktop\WearableGasDetect\MainBoard_CH582\MainBoard_CH582\LIB\libCH58xBLE.a(gap.o)
                0x00000000000059a8                gapL2capConnParamUpdateReq
 .text.gapValidADType
                0x00000000000059de       0x16 C:\Users\86135\Desktop\WearableGasDetect\MainBoard_CH582\MainBoard_CH582\LIB\libCH58xBLE.a(gap.o)
                0x00000000000059de                gapValidADType
 .text.gapFindADType
                0x00000000000059f4       0x92 C:\Users\86135\Desktop\WearableGasDetect\MainBoard_CH582\MainBoard_CH582\LIB\libCH58xBLE.a(gap.o)
                0x00000000000059f4                gapFindADType
 .text.GAP_SecParamsInit
                0x0000000000005a86       0xaa C:\Users\86135\Desktop\WearableGasDetect\MainBoard_CH582\MainBoard_CH582\LIB\libCH58xBLE.a(gap.o)
                0x0000000000005a86                GAP_SecParamsInit
 .text.GAP_ParamsInit
                0x0000000000005b30       0x50 C:\Users\86135\Desktop\WearableGasDetect\MainBoard_CH582\MainBoard_CH582\LIB\libCH58xBLE.a(gap.o)
                0x0000000000005b30                GAP_ParamsInit
 .text.gapAddAddrAdj
                0x0000000000005b80       0x48 C:\Users\86135\Desktop\WearableGasDetect\MainBoard_CH582\MainBoard_CH582\LIB\libCH58xBLE.a(gap.o)
                0x0000000000005b80                gapAddAddrAdj
 .text.gapDetermineAddrType
                0x0000000000005bc8       0x28 C:\Users\86135\Desktop\WearableGasDetect\MainBoard_CH582\MainBoard_CH582\LIB\libCH58xBLE.a(gap.o)
                0x0000000000005bc8                gapDetermineAddrType
 .text.gapFreeAuthLink
                0x0000000000005bf0       0x4a C:\Users\86135\Desktop\WearableGasDetect\MainBoard_CH582\MainBoard_CH582\LIB\libCH58xBLE.a(gap.o)
                0x0000000000005bf0                gapFreeAuthLink
 .text.gapGetDevAddress
                0x0000000000005c3a       0x24 C:\Users\86135\Desktop\WearableGasDetect\MainBoard_CH582\MainBoard_CH582\LIB\libCH58xBLE.a(gap.o)
                0x0000000000005c3a                gapGetDevAddress
 .text.gapGetDevAddressMode
                0x0000000000005c5e        0xa C:\Users\86135\Desktop\WearableGasDetect\MainBoard_CH582\MainBoard_CH582\LIB\libCH58xBLE.a(gap.o)
                0x0000000000005c5e                gapGetDevAddressMode
 .text.gapGetIRK
                0x0000000000005c68        0xc C:\Users\86135\Desktop\WearableGasDetect\MainBoard_CH582\MainBoard_CH582\LIB\libCH58xBLE.a(gap.o)
                0x0000000000005c68                gapGetIRK
 .text.gapGetSRK
                0x0000000000005c74        0xc C:\Users\86135\Desktop\WearableGasDetect\MainBoard_CH582\MainBoard_CH582\LIB\libCH58xBLE.a(gap.o)
                0x0000000000005c74                gapGetSRK
 .text.gapGetSignCounter
                0x0000000000005c80        0xe C:\Users\86135\Desktop\WearableGasDetect\MainBoard_CH582\MainBoard_CH582\LIB\libCH58xBLE.a(gap.o)
                0x0000000000005c80                gapGetSignCounter
 .text.gapIncSignCounter
                0x0000000000005c8e       0x28 C:\Users\86135\Desktop\WearableGasDetect\MainBoard_CH582\MainBoard_CH582\LIB\libCH58xBLE.a(gap.o)
                0x0000000000005c8e                gapIncSignCounter
 .text.gapProcessConnEvt
                0x0000000000005cb6       0x48 C:\Users\86135\Desktop\WearableGasDetect\MainBoard_CH582\MainBoard_CH582\LIB\libCH58xBLE.a(gap.o)
                0x0000000000005cb6                gapProcessConnEvt
 .text.gapProcessDisconnectCompleteEvt
                0x0000000000005cfe       0xa6 C:\Users\86135\Desktop\WearableGasDetect\MainBoard_CH582\MainBoard_CH582\LIB\libCH58xBLE.a(gap.o)
                0x0000000000005cfe                gapProcessDisconnectCompleteEvt
 .text.sendAuthEvent
                0x0000000000005da4      0x11e C:\Users\86135\Desktop\WearableGasDetect\MainBoard_CH582\MainBoard_CH582\LIB\libCH58xBLE.a(gap.o)
                0x0000000000005da4                sendAuthEvent
 .text.gapSendBondCompleteEvent
                0x0000000000005ec2       0x74 C:\Users\86135\Desktop\WearableGasDetect\MainBoard_CH582\MainBoard_CH582\LIB\libCH58xBLE.a(gap.o)
                0x0000000000005ec2                gapSendBondCompleteEvent
 .text.gapSendPairingReqEvent
                0x0000000000005f36       0x96 C:\Users\86135\Desktop\WearableGasDetect\MainBoard_CH582\MainBoard_CH582\LIB\libCH58xBLE.a(gap.o)
                0x0000000000005f36                gapSendPairingReqEvent
 .text.gapSendSlaveSecurityReqEvent
                0x0000000000005fcc       0x68 C:\Users\86135\Desktop\WearableGasDetect\MainBoard_CH582\MainBoard_CH582\LIB\libCH58xBLE.a(gap.o)
                0x0000000000005fcc                gapSendSlaveSecurityReqEvent
 .text.gapSendDeviceInitDoneEvent
                0x0000000000006034       0x88 C:\Users\86135\Desktop\WearableGasDetect\MainBoard_CH582\MainBoard_CH582\LIB\libCH58xBLE.a(gap.o)
                0x0000000000006034                gapSendDeviceInitDoneEvent
 .text.gapSendLinkUpdateEvent
                0x00000000000060bc       0xb2 C:\Users\86135\Desktop\WearableGasDetect\MainBoard_CH582\MainBoard_CH582\LIB\libCH58xBLE.a(gap.o)
                0x00000000000060bc                gapSendLinkUpdateEvent
 .text.gapSendPhyUpdateEvent
                0x000000000000616e       0x58 C:\Users\86135\Desktop\WearableGasDetect\MainBoard_CH582\MainBoard_CH582\LIB\libCH58xBLE.a(gap.o)
                0x000000000000616e                gapSendPhyUpdateEvent
 .text.gapSendEstLinkEvent
                0x00000000000061c6       0xbc C:\Users\86135\Desktop\WearableGasDetect\MainBoard_CH582\MainBoard_CH582\LIB\libCH58xBLE.a(gap.o)
                0x00000000000061c6                gapSendEstLinkEvent
 .text.gapProcessNewAddr
                0x0000000000006282       0x3e C:\Users\86135\Desktop\WearableGasDetect\MainBoard_CH582\MainBoard_CH582\LIB\libCH58xBLE.a(gap.o)
                0x0000000000006282                gapProcessNewAddr
 .text.gapProcessRandomAddrComplete
                0x00000000000062c0       0xb6 C:\Users\86135\Desktop\WearableGasDetect\MainBoard_CH582\MainBoard_CH582\LIB\libCH58xBLE.a(gap.o)
                0x00000000000062c0                gapProcessRandomAddrComplete
 .text.GAP_Authenticate
                0x0000000000006376       0xde C:\Users\86135\Desktop\WearableGasDetect\MainBoard_CH582\MainBoard_CH582\LIB\libCH58xBLE.a(gap.o)
                0x0000000000006376                GAP_Authenticate
 .text.GAP_Bond
                0x0000000000006454       0xaa C:\Users\86135\Desktop\WearableGasDetect\MainBoard_CH582\MainBoard_CH582\LIB\libCH58xBLE.a(gap.o)
                0x0000000000006454                GAP_Bond
 .text.GAP_GetParamValue
                0x00000000000064fe       0x20 C:\Users\86135\Desktop\WearableGasDetect\MainBoard_CH582\MainBoard_CH582\LIB\libCH58xBLE.a(gap.o)
                0x00000000000064fe                GAP_GetParamValue
 .text.GAP_PasscodeUpdate
                0x000000000000651e       0x54 C:\Users\86135\Desktop\WearableGasDetect\MainBoard_CH582\MainBoard_CH582\LIB\libCH58xBLE.a(gap.o)
                0x000000000000651e                GAP_PasscodeUpdate
 .text.GAP_RegisterForMsgs
                0x0000000000006572        0xa C:\Users\86135\Desktop\WearableGasDetect\MainBoard_CH582\MainBoard_CH582\LIB\libCH58xBLE.a(gap.o)
                0x0000000000006572                GAP_RegisterForMsgs
 .text.GAP_ResolvePrivateAddr
                0x000000000000657c        0x4 C:\Users\86135\Desktop\WearableGasDetect\MainBoard_CH582\MainBoard_CH582\LIB\libCH58xBLE.a(gap.o)
                0x000000000000657c                GAP_ResolvePrivateAddr
 .text.gapPairingCompleteCB
                0x0000000000006580      0x18c C:\Users\86135\Desktop\WearableGasDetect\MainBoard_CH582\MainBoard_CH582\LIB\libCH58xBLE.a(gap.o)
                0x0000000000006580                gapPairingCompleteCB
 .text.gapPasskeyNeededCB
                0x000000000000670c       0x8e C:\Users\86135\Desktop\WearableGasDetect\MainBoard_CH582\MainBoard_CH582\LIB\libCH58xBLE.a(gap.o)
                0x000000000000670c                gapPasskeyNeededCB
 .text.gapOobNeededCB
                0x000000000000679a       0xa6 C:\Users\86135\Desktop\WearableGasDetect\MainBoard_CH582\MainBoard_CH582\LIB\libCH58xBLE.a(gap.o)
                0x000000000000679a                gapOobNeededCB
 .text.gapFreeEstLink
                0x0000000000006840       0x20 C:\Users\86135\Desktop\WearableGasDetect\MainBoard_CH582\MainBoard_CH582\LIB\libCH58xBLE.a(gap.o)
                0x0000000000006840                gapFreeEstLink
 .text.gapUpdateConnSignCounter
                0x0000000000006860       0x7a C:\Users\86135\Desktop\WearableGasDetect\MainBoard_CH582\MainBoard_CH582\LIB\libCH58xBLE.a(gap.o)
                0x0000000000006860                gapUpdateConnSignCounter
 .text.GAP_SendSlaveSecurityRequest
                0x00000000000068da       0x4a C:\Users\86135\Desktop\WearableGasDetect\MainBoard_CH582\MainBoard_CH582\LIB\libCH58xBLE.a(gap.o)
                0x00000000000068da                GAP_SendSlaveSecurityRequest
 .text.GAP_Signable
                0x0000000000006924       0x6a C:\Users\86135\Desktop\WearableGasDetect\MainBoard_CH582\MainBoard_CH582\LIB\libCH58xBLE.a(gap.o)
                0x0000000000006924                GAP_Signable
 .text.GAP_TerminateAuth
                0x000000000000698e       0x2a C:\Users\86135\Desktop\WearableGasDetect\MainBoard_CH582\MainBoard_CH582\LIB\libCH58xBLE.a(gap.o)
                0x000000000000698e                GAP_TerminateAuth
 .text.GAP_NumActiveConnections
                0x00000000000069b8        0x4 C:\Users\86135\Desktop\WearableGasDetect\MainBoard_CH582\MainBoard_CH582\LIB\libCH58xBLE.a(gap.o)
                0x00000000000069b8                GAP_NumActiveConnections
 .text.GAP_TerminateLinkReq
                0x00000000000069bc       0x8e C:\Users\86135\Desktop\WearableGasDetect\MainBoard_CH582\MainBoard_CH582\LIB\libCH58xBLE.a(gap.o)
                0x00000000000069bc                GAP_TerminateLinkReq
 .text.GAP_SetParamValue
                0x0000000000006a4a       0x6c C:\Users\86135\Desktop\WearableGasDetect\MainBoard_CH582\MainBoard_CH582\LIB\libCH58xBLE.a(gap.o)
                0x0000000000006a4a                GAP_SetParamValue
 .text.GAP_Init
                0x0000000000006ab6       0x48 C:\Users\86135\Desktop\WearableGasDetect\MainBoard_CH582\MainBoard_CH582\LIB\libCH58xBLE.a(gap.o)
                0x0000000000006ab6                GAP_Init
 .text.GAP_ProcessEvent
                0x0000000000006afe      0x66a C:\Users\86135\Desktop\WearableGasDetect\MainBoard_CH582\MainBoard_CH582\LIB\libCH58xBLE.a(gap.o)
                0x0000000000006afe                GAP_ProcessEvent
 .text.gapSendScanEnable
                0x0000000000007168       0x3a C:\Users\86135\Desktop\WearableGasDetect\MainBoard_CH582\MainBoard_CH582\LIB\libCH58xBLE.a(gap_central.o)
 .text.gapCentProcessConnEvt
                0x00000000000071a2      0x168 C:\Users\86135\Desktop\WearableGasDetect\MainBoard_CH582\MainBoard_CH582\LIB\libCH58xBLE.a(gap_central.o)
                0x00000000000071a2                gapCentProcessConnEvt
 .text.gapProcessScanningPeriodicAdvEvt
                0x000000000000730a       0xa0 C:\Users\86135\Desktop\WearableGasDetect\MainBoard_CH582\MainBoard_CH582\LIB\libCH58xBLE.a(gap_central.o)
                0x000000000000730a                gapProcessScanningPeriodicAdvEvt
 .text.gapCancelLinkReq
                0x00000000000073aa       0x38 C:\Users\86135\Desktop\WearableGasDetect\MainBoard_CH582\MainBoard_CH582\LIB\libCH58xBLE.a(gap_central.o)
                0x00000000000073aa                gapCancelLinkReq
 .text.gapProcessAdvertDevInfo
                0x00000000000073e2      0x242 C:\Users\86135\Desktop\WearableGasDetect\MainBoard_CH582\MainBoard_CH582\LIB\libCH58xBLE.a(gap_central.o)
                0x00000000000073e2                gapProcessAdvertDevInfo
 .text.gapProcessExtAdvertDevInfo
                0x0000000000007624      0x260 C:\Users\86135\Desktop\WearableGasDetect\MainBoard_CH582\MainBoard_CH582\LIB\libCH58xBLE.a(gap_central.o)
                0x0000000000007624                gapProcessExtAdvertDevInfo
 .text.gapProcessPeriodicAdvertisingSyncEstablishedEvt
                0x0000000000007884       0xae C:\Users\86135\Desktop\WearableGasDetect\MainBoard_CH582\MainBoard_CH582\LIB\libCH58xBLE.a(gap_central.o)
                0x0000000000007884                gapProcessPeriodicAdvertisingSyncEstablishedEvt
 .text.gapProcessPeriodicAdvertisingSyncLostEvt
                0x0000000000007932       0x56 C:\Users\86135\Desktop\WearableGasDetect\MainBoard_CH582\MainBoard_CH582\LIB\libCH58xBLE.a(gap_central.o)
                0x0000000000007932                gapProcessPeriodicAdvertisingSyncLostEvt
 .text.gapFreeScanRecs
                0x0000000000007988       0xa6 C:\Users\86135\Desktop\WearableGasDetect\MainBoard_CH582\MainBoard_CH582\LIB\libCH58xBLE.a(gap_central.o)
                0x0000000000007988                gapFreeScanRecs
 .text.gapSendDevDiscEvent
                0x0000000000007a2e      0x124 C:\Users\86135\Desktop\WearableGasDetect\MainBoard_CH582\MainBoard_CH582\LIB\libCH58xBLE.a(gap_central.o)
                0x0000000000007a2e                gapSendDevDiscEvent
 .text.gapSetScanParamStatus
                0x0000000000007b52       0x56 C:\Users\86135\Desktop\WearableGasDetect\MainBoard_CH582\MainBoard_CH582\LIB\libCH58xBLE.a(gap_central.o)
 .text.gapCentProcessHCICmdEvt
                0x0000000000007ba8       0x3c C:\Users\86135\Desktop\WearableGasDetect\MainBoard_CH582\MainBoard_CH582\LIB\libCH58xBLE.a(gap_central.o)
                0x0000000000007ba8                gapCentProcessHCICmdEvt
 .text.gapProcessScanningEvt
                0x0000000000007be4      0x10e C:\Users\86135\Desktop\WearableGasDetect\MainBoard_CH582\MainBoard_CH582\LIB\libCH58xBLE.a(gap_central.o)
                0x0000000000007be4                gapProcessScanningEvt
 .text.gapProcessScanningDirectEvt
                0x0000000000007cf2       0xfe C:\Users\86135\Desktop\WearableGasDetect\MainBoard_CH582\MainBoard_CH582\LIB\libCH58xBLE.a(gap_central.o)
                0x0000000000007cf2                gapProcessScanningDirectEvt
 .text.gapProcessScanningExtAdvEvt
                0x0000000000007df0      0x2c4 C:\Users\86135\Desktop\WearableGasDetect\MainBoard_CH582\MainBoard_CH582\LIB\libCH58xBLE.a(gap_central.o)
                0x0000000000007df0                gapProcessScanningExtAdvEvt
 .text.GAP_DeviceDiscoveryRequest
                0x00000000000080b4      0x120 C:\Users\86135\Desktop\WearableGasDetect\MainBoard_CH582\MainBoard_CH582\LIB\libCH58xBLE.a(gap_central.o)
                0x00000000000080b4                GAP_DeviceDiscoveryRequest
 .text.GAP_EstablishLinkReq
                0x00000000000081d4      0x28c C:\Users\86135\Desktop\WearableGasDetect\MainBoard_CH582\MainBoard_CH582\LIB\libCH58xBLE.a(gap_central.o)
                0x00000000000081d4                GAP_EstablishLinkReq
 .text.GAP_CentConnRegister
                0x0000000000008460       0x1a C:\Users\86135\Desktop\WearableGasDetect\MainBoard_CH582\MainBoard_CH582\LIB\libCH58xBLE.a(gap_central.o)
                0x0000000000008460                GAP_CentConnRegister
 .text.GAP_CentralParamInit
                0x000000000000847a       0x6e C:\Users\86135\Desktop\WearableGasDetect\MainBoard_CH582\MainBoard_CH582\LIB\libCH58xBLE.a(gap_central.o)
                0x000000000000847a                GAP_CentralParamInit
 .text.GAP_CentDevMgrInit
                0x00000000000084e8       0x9c C:\Users\86135\Desktop\WearableGasDetect\MainBoard_CH582\MainBoard_CH582\LIB\libCH58xBLE.a(gap_central.o)
                0x00000000000084e8                GAP_CentDevMgrInit
 .text.gapFreeAdvertState
                0x0000000000008584       0x20 C:\Users\86135\Desktop\WearableGasDetect\MainBoard_CH582\MainBoard_CH582\LIB\libCH58xBLE.a(gap_peripheral.o)
 .text.gapSetPeriodicAdvParams
                0x00000000000085a4       0x30 C:\Users\86135\Desktop\WearableGasDetect\MainBoard_CH582\MainBoard_CH582\LIB\libCH58xBLE.a(gap_peripheral.o)
 .text.gapSetConnectionlessCTEParams
                0x00000000000085d4       0x54 C:\Users\86135\Desktop\WearableGasDetect\MainBoard_CH582\MainBoard_CH582\LIB\libCH58xBLE.a(gap_peripheral.o)
 .text.gapSetAdvParams
                0x0000000000008628      0x126 C:\Users\86135\Desktop\WearableGasDetect\MainBoard_CH582\MainBoard_CH582\LIB\libCH58xBLE.a(gap_peripheral.o)
 .text.gapPeriProcessConnEvt
                0x000000000000874e       0xd0 C:\Users\86135\Desktop\WearableGasDetect\MainBoard_CH582\MainBoard_CH582\LIB\libCH58xBLE.a(gap_peripheral.o)
 .text.gapWriteAdvDataStatus
                0x000000000000881e       0x8a C:\Users\86135\Desktop\WearableGasDetect\MainBoard_CH582\MainBoard_CH582\LIB\libCH58xBLE.a(gap_peripheral.o)
 .text.GAP_EndDiscoverable
                0x00000000000088a8       0x66 C:\Users\86135\Desktop\WearableGasDetect\MainBoard_CH582\MainBoard_CH582\LIB\libCH58xBLE.a(gap_peripheral.o)
                0x00000000000088a8                GAP_EndDiscoverable
 .text.gapProcessAdvertisingEvt
                0x000000000000890e      0x116 C:\Users\86135\Desktop\WearableGasDetect\MainBoard_CH582\MainBoard_CH582\LIB\libCH58xBLE.a(gap_peripheral.o)
 .text.GAP_GetAdvertisingAdvData
                0x0000000000008a24       0x26 C:\Users\86135\Desktop\WearableGasDetect\MainBoard_CH582\MainBoard_CH582\LIB\libCH58xBLE.a(gap_peripheral.o)
                0x0000000000008a24                GAP_GetAdvertisingAdvData
 .text.GAP_GetAdvertisingRspData
                0x0000000000008a4a       0x34 C:\Users\86135\Desktop\WearableGasDetect\MainBoard_CH582\MainBoard_CH582\LIB\libCH58xBLE.a(gap_peripheral.o)
                0x0000000000008a4a                GAP_GetAdvertisingRspData
 .text.GAP_GetPeriodicAdvertisingData
                0x0000000000008a7e       0x34 C:\Users\86135\Desktop\WearableGasDetect\MainBoard_CH582\MainBoard_CH582\LIB\libCH58xBLE.a(gap_peripheral.o)
                0x0000000000008a7e                GAP_GetPeriodicAdvertisingData
 .text.GAP_PeriConnRegister
                0x0000000000008ab2       0x2e C:\Users\86135\Desktop\WearableGasDetect\MainBoard_CH582\MainBoard_CH582\LIB\libCH58xBLE.a(gap_peripheral.o)
                0x0000000000008ab2                GAP_PeriConnRegister
 .text.GAP_PeripheralParamInit
                0x0000000000008ae0       0x6c C:\Users\86135\Desktop\WearableGasDetect\MainBoard_CH582\MainBoard_CH582\LIB\libCH58xBLE.a(gap_peripheral.o)
                0x0000000000008ae0                GAP_PeripheralParamInit
 .text.gapSendMakeDiscEvent
                0x0000000000008b4c       0x50 C:\Users\86135\Desktop\WearableGasDetect\MainBoard_CH582\MainBoard_CH582\LIB\libCH58xBLE.a(gap_peripheral.o)
                0x0000000000008b4c                gapSendMakeDiscEvent
 .text.gapWriteAdvEnableStatus
                0x0000000000008b9c      0x110 C:\Users\86135\Desktop\WearableGasDetect\MainBoard_CH582\MainBoard_CH582\LIB\libCH58xBLE.a(gap_peripheral.o)
 .text.gapSendMakePeriodicEvent
                0x0000000000008cac       0x3a C:\Users\86135\Desktop\WearableGasDetect\MainBoard_CH582\MainBoard_CH582\LIB\libCH58xBLE.a(gap_peripheral.o)
                0x0000000000008cac                gapSendMakePeriodicEvent
 .text.gapSendMakeConnectionlessCTEEvent
                0x0000000000008ce6       0x3a C:\Users\86135\Desktop\WearableGasDetect\MainBoard_CH582\MainBoard_CH582\LIB\libCH58xBLE.a(gap_peripheral.o)
                0x0000000000008ce6                gapSendMakeConnectionlessCTEEvent
 .text.gapPeriProcessHCICmdCompleteEvt
                0x0000000000008d20      0x22e C:\Users\86135\Desktop\WearableGasDetect\MainBoard_CH582\MainBoard_CH582\LIB\libCH58xBLE.a(gap_peripheral.o)
 .text.GAP_PeriDevMgrInit
                0x0000000000008f4e       0x2e C:\Users\86135\Desktop\WearableGasDetect\MainBoard_CH582\MainBoard_CH582\LIB\libCH58xBLE.a(gap_peripheral.o)
                0x0000000000008f4e                GAP_PeriDevMgrInit
 .text.gattRead
                0x0000000000008f7c       0x4c C:\Users\86135\Desktop\WearableGasDetect\MainBoard_CH582\MainBoard_CH582\LIB\libCH58xBLE.a(gatt.o)
 .text.gattWrite.part.0
                0x0000000000008fc8       0x4c C:\Users\86135\Desktop\WearableGasDetect\MainBoard_CH582\MainBoard_CH582\LIB\libCH58xBLE.a(gatt.o)
 .text.gattReadByType
                0x0000000000009014       0x8c C:\Users\86135\Desktop\WearableGasDetect\MainBoard_CH582\MainBoard_CH582\LIB\libCH58xBLE.a(gatt.o)
                0x0000000000009014                gattReadByType
 .text.gattGetPayload
                0x00000000000090a0       0x7e C:\Users\86135\Desktop\WearableGasDetect\MainBoard_CH582\MainBoard_CH582\LIB\libCH58xBLE.a(gatt.o)
                0x00000000000090a0                gattGetPayload
 .text.gattNotifyEvent
                0x000000000000911e       0x84 C:\Users\86135\Desktop\WearableGasDetect\MainBoard_CH582\MainBoard_CH582\LIB\libCH58xBLE.a(gatt.o)
                0x000000000000911e                gattNotifyEvent
 .text.gattSendFlowCtrlEvt
                0x00000000000091a2       0x52 C:\Users\86135\Desktop\WearableGasDetect\MainBoard_CH582\MainBoard_CH582\LIB\libCH58xBLE.a(gatt.o)
                0x00000000000091a2                gattSendFlowCtrlEvt
 .text.gattStartTimer
                0x00000000000091f4        0xc C:\Users\86135\Desktop\WearableGasDetect\MainBoard_CH582\MainBoard_CH582\LIB\libCH58xBLE.a(gatt.o)
                0x00000000000091f4                gattStartTimer
 .text.gattStopTimer
                0x0000000000009200       0x32 C:\Users\86135\Desktop\WearableGasDetect\MainBoard_CH582\MainBoard_CH582\LIB\libCH58xBLE.a(gatt.o)
                0x0000000000009200                gattStopTimer
 .text.GATT_AppCompletedMsg
                0x0000000000009232       0x30 C:\Users\86135\Desktop\WearableGasDetect\MainBoard_CH582\MainBoard_CH582\LIB\libCH58xBLE.a(gatt.o)
                0x0000000000009232                GATT_AppCompletedMsg
 .text.GATT_ExchangeMTU
                0x0000000000009262       0x4c C:\Users\86135\Desktop\WearableGasDetect\MainBoard_CH582\MainBoard_CH582\LIB\libCH58xBLE.a(gatt.o)
                0x0000000000009262                GATT_ExchangeMTU
 .text.GATT_NotifyEvent
                0x00000000000092ae       0x56 C:\Users\86135\Desktop\WearableGasDetect\MainBoard_CH582\MainBoard_CH582\LIB\libCH58xBLE.a(gatt.o)
                0x00000000000092ae                GATT_NotifyEvent
 .text.GATT_ReadCharValue
                0x0000000000009304        0x4 C:\Users\86135\Desktop\WearableGasDetect\MainBoard_CH582\MainBoard_CH582\LIB\libCH58xBLE.a(gatt.o)
                0x0000000000009304                GATT_ReadCharValue
 .text.GATT_ReadUsingCharUUID
                0x0000000000009308        0x8 C:\Users\86135\Desktop\WearableGasDetect\MainBoard_CH582\MainBoard_CH582\LIB\libCH58xBLE.a(gatt.o)
                0x0000000000009308                GATT_ReadUsingCharUUID
 .text.GATT_WriteCharValue
                0x0000000000009310       0x12 C:\Users\86135\Desktop\WearableGasDetect\MainBoard_CH582\MainBoard_CH582\LIB\libCH58xBLE.a(gatt.o)
                0x0000000000009310                GATT_WriteCharValue
 .text.gattRegisterClient
                0x0000000000009322        0x6 C:\Users\86135\Desktop\WearableGasDetect\MainBoard_CH582\MainBoard_CH582\LIB\libCH58xBLE.a(gatt.o)
                0x0000000000009322                gattRegisterClient
 .text.gattRegisterServer
                0x0000000000009328        0x6 C:\Users\86135\Desktop\WearableGasDetect\MainBoard_CH582\MainBoard_CH582\LIB\libCH58xBLE.a(gatt.o)
                0x0000000000009328                gattRegisterServer
 .text.GATT_UpdateMTU
                0x000000000000932e       0x5a C:\Users\86135\Desktop\WearableGasDetect\MainBoard_CH582\MainBoard_CH582\LIB\libCH58xBLE.a(gatt.o)
                0x000000000000932e                GATT_UpdateMTU
 .text.GATT_bm_alloc
                0x0000000000009388       0xe8 C:\Users\86135\Desktop\WearableGasDetect\MainBoard_CH582\MainBoard_CH582\LIB\libCH58xBLE.a(gatt.o)
                0x0000000000009388                GATT_bm_alloc
 .text.gattFindByTypeValue
                0x0000000000009470       0x7c C:\Users\86135\Desktop\WearableGasDetect\MainBoard_CH582\MainBoard_CH582\LIB\libCH58xBLE.a(gatt.o)
                0x0000000000009470                gattFindByTypeValue
 .text.GATT_DiscPrimaryServiceByUUID
                0x00000000000094ec       0x78 C:\Users\86135\Desktop\WearableGasDetect\MainBoard_CH582\MainBoard_CH582\LIB\libCH58xBLE.a(gatt.o)
                0x00000000000094ec                GATT_DiscPrimaryServiceByUUID
 .text.gattPrepareWriteReq
                0x0000000000009564       0x6e C:\Users\86135\Desktop\WearableGasDetect\MainBoard_CH582\MainBoard_CH582\LIB\libCH58xBLE.a(gatt.o)
                0x0000000000009564                gattPrepareWriteReq
 .text.gattProcessReliableWrites
                0x00000000000095d2       0xd4 C:\Users\86135\Desktop\WearableGasDetect\MainBoard_CH582\MainBoard_CH582\LIB\libCH58xBLE.a(gatt.o)
                0x00000000000095d2                gattProcessReliableWrites
 .text.gattProcessWriteLong
                0x00000000000096a6       0xc0 C:\Users\86135\Desktop\WearableGasDetect\MainBoard_CH582\MainBoard_CH582\LIB\libCH58xBLE.a(gatt.o)
                0x00000000000096a6                gattProcessWriteLong
 .text.GATT_ServiceChangedInd
                0x0000000000009766       0x94 C:\Users\86135\Desktop\WearableGasDetect\MainBoard_CH582\MainBoard_CH582\LIB\libCH58xBLE.a(gatt.o)
                0x0000000000009766                GATT_ServiceChangedInd
 .text.GATT_bm_free
                0x00000000000097fa       0x1c C:\Users\86135\Desktop\WearableGasDetect\MainBoard_CH582\MainBoard_CH582\LIB\libCH58xBLE.a(gatt.o)
                0x00000000000097fa                GATT_bm_free
 .text.GATT_Init
                0x0000000000009816       0x2a C:\Users\86135\Desktop\WearableGasDetect\MainBoard_CH582\MainBoard_CH582\LIB\libCH58xBLE.a(gatt.o)
                0x0000000000009816                GATT_Init
 .text.GATT_ProcessEvent
                0x0000000000009840      0x13a C:\Users\86135\Desktop\WearableGasDetect\MainBoard_CH582\MainBoard_CH582\LIB\libCH58xBLE.a(gatt.o)
                0x0000000000009840                GATT_ProcessEvent
 .text.gattProcessReadByType
                0x000000000000997a      0x1d8 C:\Users\86135\Desktop\WearableGasDetect\MainBoard_CH582\MainBoard_CH582\LIB\libCH58xBLE.a(gattclientapp.o)
                0x000000000000997a                gattProcessReadByType
 .text.gattFindClientInfo
                0x0000000000009b52       0x30 C:\Users\86135\Desktop\WearableGasDetect\MainBoard_CH582\MainBoard_CH582\LIB\libCH58xBLE.a(gattclientapp.o)
                0x0000000000009b52                gattFindClientInfo
 .text.gattClientNotifyTxCB
                0x0000000000009b82       0x28 C:\Users\86135\Desktop\WearableGasDetect\MainBoard_CH582\MainBoard_CH582\LIB\libCH58xBLE.a(gattclientapp.o)
                0x0000000000009b82                gattClientNotifyTxCB
 .text.gattGetClientStatus
                0x0000000000009baa       0x36 C:\Users\86135\Desktop\WearableGasDetect\MainBoard_CH582\MainBoard_CH582\LIB\libCH58xBLE.a(gattclientapp.o)
                0x0000000000009baa                gattGetClientStatus
 .text.gattResetClientInfo
                0x0000000000009be0       0x8a C:\Users\86135\Desktop\WearableGasDetect\MainBoard_CH582\MainBoard_CH582\LIB\libCH58xBLE.a(gattclientapp.o)
                0x0000000000009be0                gattResetClientInfo
 .text.gattClientHandleConnStatusCB
                0x0000000000009c6a       0x9a C:\Users\86135\Desktop\WearableGasDetect\MainBoard_CH582\MainBoard_CH582\LIB\libCH58xBLE.a(gattclientapp.o)
                0x0000000000009c6a                gattClientHandleConnStatusCB
 .text.gattClientHandleTimerCB
                0x0000000000009d04       0x58 C:\Users\86135\Desktop\WearableGasDetect\MainBoard_CH582\MainBoard_CH582\LIB\libCH58xBLE.a(gattclientapp.o)
                0x0000000000009d04                gattClientHandleTimerCB
 .text.gattStoreClientInfo
                0x0000000000009d5c       0x72 C:\Users\86135\Desktop\WearableGasDetect\MainBoard_CH582\MainBoard_CH582\LIB\libCH58xBLE.a(gattclientapp.o)
                0x0000000000009d5c                gattStoreClientInfo
 .text.GATT_RegisterForInd
                0x0000000000009dce        0x6 C:\Users\86135\Desktop\WearableGasDetect\MainBoard_CH582\MainBoard_CH582\LIB\libCH58xBLE.a(gattclientapp.o)
                0x0000000000009dce                GATT_RegisterForInd
 .text.gattProcessFindInfo
                0x0000000000009dd4       0x92 C:\Users\86135\Desktop\WearableGasDetect\MainBoard_CH582\MainBoard_CH582\LIB\libCH58xBLE.a(gattclientapp.o)
                0x0000000000009dd4                gattProcessFindInfo
 .text.gattProcessFindByTypeValue
                0x0000000000009e66       0x7e C:\Users\86135\Desktop\WearableGasDetect\MainBoard_CH582\MainBoard_CH582\LIB\libCH58xBLE.a(gattclientapp.o)
                0x0000000000009e66                gattProcessFindByTypeValue
 .text.gattProcessReadLong
                0x0000000000009ee4       0x78 C:\Users\86135\Desktop\WearableGasDetect\MainBoard_CH582\MainBoard_CH582\LIB\libCH58xBLE.a(gattclientapp.o)
                0x0000000000009ee4                gattProcessReadLong
 .text.gattProcessReadByGrpType
                0x0000000000009f5c       0x92 C:\Users\86135\Desktop\WearableGasDetect\MainBoard_CH582\MainBoard_CH582\LIB\libCH58xBLE.a(gattclientapp.o)
                0x0000000000009f5c                gattProcessReadByGrpType
 .text.gattProcessMultiReqs
                0x0000000000009fee      0x134 C:\Users\86135\Desktop\WearableGasDetect\MainBoard_CH582\MainBoard_CH582\LIB\libCH58xBLE.a(gattclientapp.o)
                0x0000000000009fee                gattProcessMultiReqs
 .text.gattClientProcessMsgCB
                0x000000000000a122      0x1e6 C:\Users\86135\Desktop\WearableGasDetect\MainBoard_CH582\MainBoard_CH582\LIB\libCH58xBLE.a(gattclientapp.o)
                0x000000000000a122                gattClientProcessMsgCB
 .text.GATT_InitClient
                0x000000000000a308       0xcc C:\Users\86135\Desktop\WearableGasDetect\MainBoard_CH582\MainBoard_CH582\LIB\libCH58xBLE.a(gattclientapp.o)
                0x000000000000a308                GATT_InitClient
 .text.gattProcessExchangeMTUReq
                0x000000000000a3d4        0x4 C:\Users\86135\Desktop\WearableGasDetect\MainBoard_CH582\MainBoard_CH582\LIB\libCH58xBLE.a(gattservapp.o)
 .text.gattServApp_FindCharCfgItem
                0x000000000000a3d8       0x24 C:\Users\86135\Desktop\WearableGasDetect\MainBoard_CH582\MainBoard_CH582\LIB\libCH58xBLE.a(gattservapp.o)
 .text.gattServerHandleTimerCB
                0x000000000000a3fc       0x3c C:\Users\86135\Desktop\WearableGasDetect\MainBoard_CH582\MainBoard_CH582\LIB\libCH58xBLE.a(gattservapp.o)
 .text.GATTServApp_InitCharCfg.part.12
                0x000000000000a438       0x20 C:\Users\86135\Desktop\WearableGasDetect\MainBoard_CH582\MainBoard_CH582\LIB\libCH58xBLE.a(gattservapp.o)
 .text.gattProcessExecuteWriteReq
                0x000000000000a458        0x4 C:\Users\86135\Desktop\WearableGasDetect\MainBoard_CH582\MainBoard_CH582\LIB\libCH58xBLE.a(gattservapp.o)
 .text.GATTServApp_ParamInit
                0x000000000000a45c       0xd6 C:\Users\86135\Desktop\WearableGasDetect\MainBoard_CH582\MainBoard_CH582\LIB\libCH58xBLE.a(gattservapp.o)
                0x000000000000a45c                GATTServApp_ParamInit
 .text.GATTServApp_ReadCharCfg
                0x000000000000a532       0x18 C:\Users\86135\Desktop\WearableGasDetect\MainBoard_CH582\MainBoard_CH582\LIB\libCH58xBLE.a(gattservapp.o)
                0x000000000000a532                GATTServApp_ReadCharCfg
 .text.GATTServApp_WriteCharCfg
                0x000000000000a54a       0x3c C:\Users\86135\Desktop\WearableGasDetect\MainBoard_CH582\MainBoard_CH582\LIB\libCH58xBLE.a(gattservapp.o)
                0x000000000000a54a                GATTServApp_WriteCharCfg
 .text.GATTServApp_ProcessCCCWriteReq
                0x000000000000a586       0x60 C:\Users\86135\Desktop\WearableGasDetect\MainBoard_CH582\MainBoard_CH582\LIB\libCH58xBLE.a(gattservapp.o)
                0x000000000000a586                GATTServApp_ProcessCCCWriteReq
 .text.gattServApp_WriteAttrCB
                0x000000000000a5e6       0x34 C:\Users\86135\Desktop\WearableGasDetect\MainBoard_CH582\MainBoard_CH582\LIB\libCH58xBLE.a(gattservapp.o)
                0x000000000000a5e6                gattServApp_WriteAttrCB
 .text.GATTServApp_SendCCCUpdatedEvent
                0x000000000000a61a       0x5e C:\Users\86135\Desktop\WearableGasDetect\MainBoard_CH582\MainBoard_CH582\LIB\libCH58xBLE.a(gattservapp.o)
                0x000000000000a61a                GATTServApp_SendCCCUpdatedEvent
 .text.GATTServApp_SendServiceChangedInd
                0x000000000000a678       0x36 C:\Users\86135\Desktop\WearableGasDetect\MainBoard_CH582\MainBoard_CH582\LIB\libCH58xBLE.a(gattservapp.o)
                0x000000000000a678                GATTServApp_SendServiceChangedInd
 .text.gattServApp_ClearPrepareWriteQ
                0x000000000000a6ae       0x50 C:\Users\86135\Desktop\WearableGasDetect\MainBoard_CH582\MainBoard_CH582\LIB\libCH58xBLE.a(gattservapp.o)
                0x000000000000a6ae                gattServApp_ClearPrepareWriteQ
 .text.gattServApp_FindPrepareWriteQ
                0x000000000000a6fe       0x30 C:\Users\86135\Desktop\WearableGasDetect\MainBoard_CH582\MainBoard_CH582\LIB\libCH58xBLE.a(gattservapp.o)
                0x000000000000a6fe                gattServApp_FindPrepareWriteQ
 .text.gattServApp_FindServiceCBs
                0x000000000000a72e       0x18 C:\Users\86135\Desktop\WearableGasDetect\MainBoard_CH582\MainBoard_CH582\LIB\libCH58xBLE.a(gattservapp.o)
                0x000000000000a72e                gattServApp_FindServiceCBs
 .text.gattServApp_FindAuthorizeAttrCB
                0x000000000000a746       0x16 C:\Users\86135\Desktop\WearableGasDetect\MainBoard_CH582\MainBoard_CH582\LIB\libCH58xBLE.a(gattservapp.o)
                0x000000000000a746                gattServApp_FindAuthorizeAttrCB
 .text.gattServApp_IsWriteLong
                0x000000000000a75c       0xea C:\Users\86135\Desktop\WearableGasDetect\MainBoard_CH582\MainBoard_CH582\LIB\libCH58xBLE.a(gattservapp.o)
                0x000000000000a75c                gattServApp_IsWriteLong
 .text.gattFindService
                0x000000000000a846       0x1c C:\Users\86135\Desktop\WearableGasDetect\MainBoard_CH582\MainBoard_CH582\LIB\libCH58xBLE.a(gattservapp.o)
                0x000000000000a846                gattFindService
 .text.GATT_ServiceNumAttrs
                0x000000000000a862       0x18 C:\Users\86135\Desktop\WearableGasDetect\MainBoard_CH582\MainBoard_CH582\LIB\libCH58xBLE.a(gattservapp.o)
                0x000000000000a862                GATT_ServiceNumAttrs
 .text.GATT_ServiceEncKeySize
                0x000000000000a87a       0x18 C:\Users\86135\Desktop\WearableGasDetect\MainBoard_CH582\MainBoard_CH582\LIB\libCH58xBLE.a(gattservapp.o)
                0x000000000000a87a                GATT_ServiceEncKeySize
 .text.GATT_VerifyWritePermissions.part.7
                0x000000000000a892       0x2e C:\Users\86135\Desktop\WearableGasDetect\MainBoard_CH582\MainBoard_CH582\LIB\libCH58xBLE.a(gattservapp.o)
 .text.gattResetServerInfo
                0x000000000000a8c0       0x1c C:\Users\86135\Desktop\WearableGasDetect\MainBoard_CH582\MainBoard_CH582\LIB\libCH58xBLE.a(gattservapp.o)
                0x000000000000a8c0                gattResetServerInfo
 .text.gattFindServerInfo
                0x000000000000a8dc       0x2c C:\Users\86135\Desktop\WearableGasDetect\MainBoard_CH582\MainBoard_CH582\LIB\libCH58xBLE.a(gattservapp.o)
                0x000000000000a8dc                gattFindServerInfo
 .text.gattServerHandleConnStatusCB
                0x000000000000a908       0x98 C:\Users\86135\Desktop\WearableGasDetect\MainBoard_CH582\MainBoard_CH582\LIB\libCH58xBLE.a(gattservapp.o)
                0x000000000000a908                gattServerHandleConnStatusCB
 .text.gattServerProcessMsgCB
                0x000000000000a9a0      0x1c0 C:\Users\86135\Desktop\WearableGasDetect\MainBoard_CH582\MainBoard_CH582\LIB\libCH58xBLE.a(gattservapp.o)
                0x000000000000a9a0                gattServerProcessMsgCB
 .text.gattServerNotifyTxCB
                0x000000000000ab60       0x28 C:\Users\86135\Desktop\WearableGasDetect\MainBoard_CH582\MainBoard_CH582\LIB\libCH58xBLE.a(gattservapp.o)
 .text.GATT_FindHandle
                0x000000000000ab88       0x4a C:\Users\86135\Desktop\WearableGasDetect\MainBoard_CH582\MainBoard_CH582\LIB\libCH58xBLE.a(gattservapp.o)
                0x000000000000ab88                GATT_FindHandle
 .text.GATTServApp_WriteAttr
                0x000000000000abd2       0xa8 C:\Users\86135\Desktop\WearableGasDetect\MainBoard_CH582\MainBoard_CH582\LIB\libCH58xBLE.a(gattservapp.o)
                0x000000000000abd2                GATTServApp_WriteAttr
 .text.gattServApp_ProcessExecuteWriteReq
                0x000000000000ac7a      0x100 C:\Users\86135\Desktop\WearableGasDetect\MainBoard_CH582\MainBoard_CH582\LIB\libCH58xBLE.a(gattservapp.o)
                0x000000000000ac7a                gattServApp_ProcessExecuteWriteReq
 .text.GATTServApp_UpdateCharCfg
                0x000000000000ad7a       0x1e C:\Users\86135\Desktop\WearableGasDetect\MainBoard_CH582\MainBoard_CH582\LIB\libCH58xBLE.a(gattservapp.o)
                0x000000000000ad7a                GATTServApp_UpdateCharCfg
 .text.gattServApp_ProcessPrepareWriteReq
                0x000000000000ad98      0x10e C:\Users\86135\Desktop\WearableGasDetect\MainBoard_CH582\MainBoard_CH582\LIB\libCH58xBLE.a(gattservapp.o)
                0x000000000000ad98                gattServApp_ProcessPrepareWriteReq
 .text.gattServApp_ProcessWriteReq
                0x000000000000aea6       0xb0 C:\Users\86135\Desktop\WearableGasDetect\MainBoard_CH582\MainBoard_CH582\LIB\libCH58xBLE.a(gattservapp.o)
                0x000000000000aea6                gattServApp_ProcessWriteReq
 .text.GATT_Indication
                0x000000000000af56       0xa4 C:\Users\86135\Desktop\WearableGasDetect\MainBoard_CH582\MainBoard_CH582\LIB\libCH58xBLE.a(gattservapp.o)
                0x000000000000af56                GATT_Indication
 .text.GATT_FindHandleUUID
                0x000000000000affa       0x94 C:\Users\86135\Desktop\WearableGasDetect\MainBoard_CH582\MainBoard_CH582\LIB\libCH58xBLE.a(gattservapp.o)
                0x000000000000affa                GATT_FindHandleUUID
 .text.gattProcessReadByGrpTypeReq
                0x000000000000b08e       0x60 C:\Users\86135\Desktop\WearableGasDetect\MainBoard_CH582\MainBoard_CH582\LIB\libCH58xBLE.a(gattservapp.o)
 .text.gattProcessReadByTypeReq
                0x000000000000b0ee       0x34 C:\Users\86135\Desktop\WearableGasDetect\MainBoard_CH582\MainBoard_CH582\LIB\libCH58xBLE.a(gattservapp.o)
 .text.gattProcessFindByTypeValueReq
                0x000000000000b122       0x34 C:\Users\86135\Desktop\WearableGasDetect\MainBoard_CH582\MainBoard_CH582\LIB\libCH58xBLE.a(gattservapp.o)
 .text.gattProcessFindInfoReq
                0x000000000000b156      0x1aa C:\Users\86135\Desktop\WearableGasDetect\MainBoard_CH582\MainBoard_CH582\LIB\libCH58xBLE.a(gattservapp.o)
 .text.GATT_VerifyWritePermissions
                0x000000000000b300       0x6a C:\Users\86135\Desktop\WearableGasDetect\MainBoard_CH582\MainBoard_CH582\LIB\libCH58xBLE.a(gattservapp.o)
                0x000000000000b300                GATT_VerifyWritePermissions
 .text.gattProcessWriteReq
                0x000000000000b36a       0x36 C:\Users\86135\Desktop\WearableGasDetect\MainBoard_CH582\MainBoard_CH582\LIB\libCH58xBLE.a(gattservapp.o)
 .text.GATT_VerifyPrepareWritePermissions
                0x000000000000b3a0       0x56 C:\Users\86135\Desktop\WearableGasDetect\MainBoard_CH582\MainBoard_CH582\LIB\libCH58xBLE.a(gattservapp.o)
                0x000000000000b3a0                GATT_VerifyPrepareWritePermissions
 .text.gattProcessPrepareWriteReq
                0x000000000000b3f6       0x36 C:\Users\86135\Desktop\WearableGasDetect\MainBoard_CH582\MainBoard_CH582\LIB\libCH58xBLE.a(gattservapp.o)
 .text.GATT_FindNextAttr
                0x000000000000b42c       0xc2 C:\Users\86135\Desktop\WearableGasDetect\MainBoard_CH582\MainBoard_CH582\LIB\libCH58xBLE.a(gattservapp.o)
                0x000000000000b42c                GATT_FindNextAttr
 .text.GATTServApp_ReadAttr
                0x000000000000b4ee      0x2ea C:\Users\86135\Desktop\WearableGasDetect\MainBoard_CH582\MainBoard_CH582\LIB\libCH58xBLE.a(gattservapp.o)
                0x000000000000b4ee                GATTServApp_ReadAttr
 .text.gattServApp_ProcessReadMultiReq
                0x000000000000b7d8      0x16e C:\Users\86135\Desktop\WearableGasDetect\MainBoard_CH582\MainBoard_CH582\LIB\libCH58xBLE.a(gattservapp.o)
                0x000000000000b7d8                gattServApp_ProcessReadMultiReq
 .text.gattServApp_ProcessFindByTypeValueReq
                0x000000000000b946      0x1a0 C:\Users\86135\Desktop\WearableGasDetect\MainBoard_CH582\MainBoard_CH582\LIB\libCH58xBLE.a(gattservapp.o)
                0x000000000000b946                gattServApp_ProcessFindByTypeValueReq
 .text.GATT_VerifyReadPermissions
                0x000000000000bae6       0x68 C:\Users\86135\Desktop\WearableGasDetect\MainBoard_CH582\MainBoard_CH582\LIB\libCH58xBLE.a(gattservapp.o)
                0x000000000000bae6                GATT_VerifyReadPermissions
 .text.gattProcessReadMultiReq
                0x000000000000bb4e       0xae C:\Users\86135\Desktop\WearableGasDetect\MainBoard_CH582\MainBoard_CH582\LIB\libCH58xBLE.a(gattservapp.o)
 .text.gattProcessReadReq
                0x000000000000bbfc       0x30 C:\Users\86135\Desktop\WearableGasDetect\MainBoard_CH582\MainBoard_CH582\LIB\libCH58xBLE.a(gattservapp.o)
 .text.gattServApp_ProcessReadByGrpTypeReq
                0x000000000000bc2c      0x21c C:\Users\86135\Desktop\WearableGasDetect\MainBoard_CH582\MainBoard_CH582\LIB\libCH58xBLE.a(gattservapp.o)
                0x000000000000bc2c                gattServApp_ProcessReadByGrpTypeReq
 .text.gattServApp_ProcessReadByTypeReq
                0x000000000000be48      0x1ae C:\Users\86135\Desktop\WearableGasDetect\MainBoard_CH582\MainBoard_CH582\LIB\libCH58xBLE.a(gattservapp.o)
                0x000000000000be48                gattServApp_ProcessReadByTypeReq
 .text.GATTServApp_RegisterForMsg
                0x000000000000bff6        0x6 C:\Users\86135\Desktop\WearableGasDetect\MainBoard_CH582\MainBoard_CH582\LIB\libCH58xBLE.a(gattservapp.o)
                0x000000000000bff6                GATTServApp_RegisterForMsg
 .text.GATTServApp_InitCharCfg
                0x000000000000bffc       0x28 C:\Users\86135\Desktop\WearableGasDetect\MainBoard_CH582\MainBoard_CH582\LIB\libCH58xBLE.a(gattservapp.o)
                0x000000000000bffc                GATTServApp_InitCharCfg
 .text.gattServApp_HandleConnStatusCB
                0x000000000000c024       0x74 C:\Users\86135\Desktop\WearableGasDetect\MainBoard_CH582\MainBoard_CH582\LIB\libCH58xBLE.a(gattservapp.o)
                0x000000000000c024                gattServApp_HandleConnStatusCB
 .text.GATT_InitServer
                0x000000000000c098       0xfa C:\Users\86135\Desktop\WearableGasDetect\MainBoard_CH582\MainBoard_CH582\LIB\libCH58xBLE.a(gattservapp.o)
                0x000000000000c098                GATT_InitServer
 .text.GATTServApp_Init
                0x000000000000c192       0x34 C:\Users\86135\Desktop\WearableGasDetect\MainBoard_CH582\MainBoard_CH582\LIB\libCH58xBLE.a(gattservapp.o)
                0x000000000000c192                GATTServApp_Init
 .text.GATTServApp_ProcessEvent
                0x000000000000c1c6      0x36a C:\Users\86135\Desktop\WearableGasDetect\MainBoard_CH582\MainBoard_CH582\LIB\libCH58xBLE.a(gattservapp.o)
                0x000000000000c1c6                GATTServApp_ProcessEvent
 .text.l2capAllocConnChannel
                0x000000000000c530       0xe0 C:\Users\86135\Desktop\WearableGasDetect\MainBoard_CH582\MainBoard_CH582\LIB\libCH58xBLE.a(l2cap.o)
                0x000000000000c530                l2capAllocConnChannel
 .text.l2capFindLocalCID
                0x000000000000c610       0x2c C:\Users\86135\Desktop\WearableGasDetect\MainBoard_CH582\MainBoard_CH582\LIB\libCH58xBLE.a(l2cap.o)
                0x000000000000c610                l2capFindLocalCID
 .text.l2capFindLocalId
                0x000000000000c63c       0x30 C:\Users\86135\Desktop\WearableGasDetect\MainBoard_CH582\MainBoard_CH582\LIB\libCH58xBLE.a(l2cap.o)
                0x000000000000c63c                l2capFindLocalId
 .text.l2capFindPsm
                0x000000000000c66c       0x30 C:\Users\86135\Desktop\WearableGasDetect\MainBoard_CH582\MainBoard_CH582\LIB\libCH58xBLE.a(l2cap.o)
                0x000000000000c66c                l2capFindPsm
 .text.l2capFindRemoteCID
                0x000000000000c69c       0x3c C:\Users\86135\Desktop\WearableGasDetect\MainBoard_CH582\MainBoard_CH582\LIB\libCH58xBLE.a(l2cap.o)
                0x000000000000c69c                l2capFindRemoteCID
 .text.l2capFreeChannel
                0x000000000000c6d8       0x4e C:\Users\86135\Desktop\WearableGasDetect\MainBoard_CH582\MainBoard_CH582\LIB\libCH58xBLE.a(l2cap.o)
                0x000000000000c6d8                l2capFreeChannel
 .text.l2capDisconnectChannel
                0x000000000000c726       0x28 C:\Users\86135\Desktop\WearableGasDetect\MainBoard_CH582\MainBoard_CH582\LIB\libCH58xBLE.a(l2cap.o)
                0x000000000000c726                l2capDisconnectChannel
 .text.l2capHandleTimerCB
                0x000000000000c74e       0x2c C:\Users\86135\Desktop\WearableGasDetect\MainBoard_CH582\MainBoard_CH582\LIB\libCH58xBLE.a(l2cap.o)
                0x000000000000c74e                l2capHandleTimerCB
 .text.l2capFreePendingPkt
                0x000000000000c77a       0x58 C:\Users\86135\Desktop\WearableGasDetect\MainBoard_CH582\MainBoard_CH582\LIB\libCH58xBLE.a(l2cap.o)
                0x000000000000c77a                l2capFreePendingPkt
 .text.l2capGetCoChannelInfo
                0x000000000000c7d2       0x86 C:\Users\86135\Desktop\WearableGasDetect\MainBoard_CH582\MainBoard_CH582\LIB\libCH58xBLE.a(l2cap.o)
                0x000000000000c7d2                l2capGetCoChannelInfo
 .text.l2capNumActiveChannnels
                0x000000000000c858       0x48 C:\Users\86135\Desktop\WearableGasDetect\MainBoard_CH582\MainBoard_CH582\LIB\libCH58xBLE.a(l2cap.o)
                0x000000000000c858                l2capNumActiveChannnels
 .text.l2capStartTimer
                0x000000000000c8a0       0x1a C:\Users\86135\Desktop\WearableGasDetect\MainBoard_CH582\MainBoard_CH582\LIB\libCH58xBLE.a(l2cap.o)
                0x000000000000c8a0                l2capStartTimer
 .text.l2capStopTimer
                0x000000000000c8ba       0x1e C:\Users\86135\Desktop\WearableGasDetect\MainBoard_CH582\MainBoard_CH582\LIB\libCH58xBLE.a(l2cap.o)
                0x000000000000c8ba                l2capStopTimer
 .text.l2capDisconnectAllChannels
                0x000000000000c8d8       0xdc C:\Users\86135\Desktop\WearableGasDetect\MainBoard_CH582\MainBoard_CH582\LIB\libCH58xBLE.a(l2cap.o)
                0x000000000000c8d8                l2capDisconnectAllChannels
 .text.l2capHandleConnStatusCB
                0x000000000000c9b4       0x3c C:\Users\86135\Desktop\WearableGasDetect\MainBoard_CH582\MainBoard_CH582\LIB\libCH58xBLE.a(l2cap.o)
                0x000000000000c9b4                l2capHandleConnStatusCB
 .text.l2capHandleRxError
                0x000000000000c9f0        0x6 C:\Users\86135\Desktop\WearableGasDetect\MainBoard_CH582\MainBoard_CH582\LIB\libCH58xBLE.a(l2cap.o)
                0x000000000000c9f0                l2capHandleRxError
 .text.L2CAP_GetMTU
                0x000000000000c9f6        0x6 C:\Users\86135\Desktop\WearableGasDetect\MainBoard_CH582\MainBoard_CH582\LIB\libCH58xBLE.a(l2cap.o)
                0x000000000000c9f6                L2CAP_GetMTU
 .text.L2CAP_HostNumCompletedPkts
                0x000000000000c9fc       0x28 C:\Users\86135\Desktop\WearableGasDetect\MainBoard_CH582\MainBoard_CH582\LIB\libCH58xBLE.a(l2cap.o)
                0x000000000000c9fc                L2CAP_HostNumCompletedPkts
 .text.L2CAP_ParseConnectReq
                0x000000000000ca24       0x5e C:\Users\86135\Desktop\WearableGasDetect\MainBoard_CH582\MainBoard_CH582\LIB\libCH58xBLE.a(l2cap.o)
                0x000000000000ca24                L2CAP_ParseConnectReq
 .text.L2CAP_ParseFlowCtrlCredit
                0x000000000000ca82       0x2e C:\Users\86135\Desktop\WearableGasDetect\MainBoard_CH582\MainBoard_CH582\LIB\libCH58xBLE.a(l2cap.o)
                0x000000000000ca82                L2CAP_ParseFlowCtrlCredit
 .text.L2CAP_RegisterApp
                0x000000000000cab0       0x30 C:\Users\86135\Desktop\WearableGasDetect\MainBoard_CH582\MainBoard_CH582\LIB\libCH58xBLE.a(l2cap.o)
                0x000000000000cab0                L2CAP_RegisterApp
 .text.L2CAP_SetBufSize
                0x000000000000cae0       0x1e C:\Users\86135\Desktop\WearableGasDetect\MainBoard_CH582\MainBoard_CH582\LIB\libCH58xBLE.a(l2cap.o)
                0x000000000000cae0                L2CAP_SetBufSize
 .text.L2CAP_bm_alloc
                0x000000000000cafe       0x2a C:\Users\86135\Desktop\WearableGasDetect\MainBoard_CH582\MainBoard_CH582\LIB\libCH58xBLE.a(l2cap.o)
                0x000000000000cafe                L2CAP_bm_alloc
 .text.L2CAP_Init
                0x000000000000cb28      0x15e C:\Users\86135\Desktop\WearableGasDetect\MainBoard_CH582\MainBoard_CH582\LIB\libCH58xBLE.a(l2cap.o)
                0x000000000000cb28                L2CAP_Init
 .text.L2CAP_ProcessEvent
                0x000000000000cc86       0xd4 C:\Users\86135\Desktop\WearableGasDetect\MainBoard_CH582\MainBoard_CH582\LIB\libCH58xBLE.a(l2cap.o)
                0x000000000000cc86                L2CAP_ProcessEvent
 .text.l2capParseCmdReject
                0x000000000000cd5a       0x5e C:\Users\86135\Desktop\WearableGasDetect\MainBoard_CH582\MainBoard_CH582\LIB\libCH58xBLE.a(l2cap_input.o)
                0x000000000000cd5a                l2capParseCmdReject
 .text.l2capParseDisconnectReq
                0x000000000000cdb8       0x2e C:\Users\86135\Desktop\WearableGasDetect\MainBoard_CH582\MainBoard_CH582\LIB\libCH58xBLE.a(l2cap_input.o)
                0x000000000000cdb8                l2capParseDisconnectReq
 .text.l2capParseDisconnectRsp
                0x000000000000cde6       0x2e C:\Users\86135\Desktop\WearableGasDetect\MainBoard_CH582\MainBoard_CH582\LIB\libCH58xBLE.a(l2cap_input.o)
                0x000000000000cde6                l2capParseDisconnectRsp
 .text.L2CAP_ParseParamUpdateReq
                0x000000000000ce14       0x4e C:\Users\86135\Desktop\WearableGasDetect\MainBoard_CH582\MainBoard_CH582\LIB\libCH58xBLE.a(l2cap_input.o)
                0x000000000000ce14                L2CAP_ParseParamUpdateReq
 .text.l2capParseParamUpdateRsp
                0x000000000000ce62       0x1e C:\Users\86135\Desktop\WearableGasDetect\MainBoard_CH582\MainBoard_CH582\LIB\libCH58xBLE.a(l2cap_input.o)
                0x000000000000ce62                l2capParseParamUpdateRsp
 .text.l2capProcessConnectReq
                0x000000000000ce80       0xfc C:\Users\86135\Desktop\WearableGasDetect\MainBoard_CH582\MainBoard_CH582\LIB\libCH58xBLE.a(l2cap_input.o)
                0x000000000000ce80                l2capProcessConnectReq
 .text.l2capParseConnectRsp
                0x000000000000cf7c       0x5e C:\Users\86135\Desktop\WearableGasDetect\MainBoard_CH582\MainBoard_CH582\LIB\libCH58xBLE.a(l2cap_input.o)
                0x000000000000cf7c                l2capParseConnectRsp
 .text.l2capParseSignalHdr
                0x000000000000cfda       0x22 C:\Users\86135\Desktop\WearableGasDetect\MainBoard_CH582\MainBoard_CH582\LIB\libCH58xBLE.a(l2cap_input.o)
                0x000000000000cfda                l2capParseSignalHdr
 .text.l2capParsePacket
                0x000000000000cffc       0x8c C:\Users\86135\Desktop\WearableGasDetect\MainBoard_CH582\MainBoard_CH582\LIB\libCH58xBLE.a(l2cap_input.o)
                0x000000000000cffc                l2capParsePacket
 .text.l2capProcessReq
                0x000000000000d088      0x15e C:\Users\86135\Desktop\WearableGasDetect\MainBoard_CH582\MainBoard_CH582\LIB\libCH58xBLE.a(l2cap_input.o)
                0x000000000000d088                l2capProcessReq
 .text.l2capProcessRsp
                0x000000000000d1e6      0x150 C:\Users\86135\Desktop\WearableGasDetect\MainBoard_CH582\MainBoard_CH582\LIB\libCH58xBLE.a(l2cap_input.o)
                0x000000000000d1e6                l2capProcessRsp
 .text.l2capProcessRxData
                0x000000000000d336       0xf8 C:\Users\86135\Desktop\WearableGasDetect\MainBoard_CH582\MainBoard_CH582\LIB\libCH58xBLE.a(l2cap_input.o)
                0x000000000000d336                l2capProcessRxData
 .text.l2capNotifyData
                0x000000000000d42e       0x5e C:\Users\86135\Desktop\WearableGasDetect\MainBoard_CH582\MainBoard_CH582\LIB\libCH58xBLE.a(l2cap_output.o)
                0x000000000000d42e                l2capNotifyData
 .text.l2capNotifySignal
                0x000000000000d48c       0x7a C:\Users\86135\Desktop\WearableGasDetect\MainBoard_CH582\MainBoard_CH582\LIB\libCH58xBLE.a(l2cap_output.o)
                0x000000000000d48c                l2capNotifySignal
 .text.l2capNotifyCreditEvt
                0x000000000000d506       0xa4 C:\Users\86135\Desktop\WearableGasDetect\MainBoard_CH582\MainBoard_CH582\LIB\libCH58xBLE.a(l2cap_output.o)
                0x000000000000d506                l2capNotifyCreditEvt
 .text.l2capNotifyChannelEstEvt
                0x000000000000d5aa       0x5c C:\Users\86135\Desktop\WearableGasDetect\MainBoard_CH582\MainBoard_CH582\LIB\libCH58xBLE.a(l2cap_output.o)
                0x000000000000d5aa                l2capNotifyChannelEstEvt
 .text.l2capNotifyChannelTermEvt
                0x000000000000d606       0x3e C:\Users\86135\Desktop\WearableGasDetect\MainBoard_CH582\MainBoard_CH582\LIB\libCH58xBLE.a(l2cap_output.o)
                0x000000000000d606                l2capNotifyChannelTermEvt
 .text.l2capNotifyEvent
                0x000000000000d644       0x66 C:\Users\86135\Desktop\WearableGasDetect\MainBoard_CH582\MainBoard_CH582\LIB\libCH58xBLE.a(l2cap_output.o)
                0x000000000000d644                l2capNotifyEvent
 .text.l2capStoreFCPkt
                0x000000000000d6aa       0x32 C:\Users\86135\Desktop\WearableGasDetect\MainBoard_CH582\MainBoard_CH582\LIB\libCH58xBLE.a(l2cap_output.o)
                0x000000000000d6aa                l2capStoreFCPkt
 .text.l2capFreeTxSDU
                0x000000000000d6dc       0x9e C:\Users\86135\Desktop\WearableGasDetect\MainBoard_CH582\MainBoard_CH582\LIB\libCH58xBLE.a(l2cap_output.o)
                0x000000000000d6dc                l2capFreeTxSDU
 .text.l2capReassembleSegment
                0x000000000000d77a      0x178 C:\Users\86135\Desktop\WearableGasDetect\MainBoard_CH582\MainBoard_CH582\LIB\libCH58xBLE.a(l2cap_output.o)
                0x000000000000d77a                l2capReassembleSegment
 .text.l2capEncapSendData
                0x000000000000d8f2       0xf0 C:\Users\86135\Desktop\WearableGasDetect\MainBoard_CH582\MainBoard_CH582\LIB\libCH58xBLE.a(l2cap_output.o)
                0x000000000000d8f2                l2capEncapSendData
 .text.l2capSendFCPkt.part.3
                0x000000000000d9e2       0x70 C:\Users\86135\Desktop\WearableGasDetect\MainBoard_CH582\MainBoard_CH582\LIB\libCH58xBLE.a(l2cap_output.o)
 .text.l2capSendSegment
                0x000000000000da52      0x108 C:\Users\86135\Desktop\WearableGasDetect\MainBoard_CH582\MainBoard_CH582\LIB\libCH58xBLE.a(l2cap_output.o)
                0x000000000000da52                l2capSendSegment
 .text.l2capSendNextSegment
                0x000000000000db5a       0xb4 C:\Users\86135\Desktop\WearableGasDetect\MainBoard_CH582\MainBoard_CH582\LIB\libCH58xBLE.a(l2cap_output.o)
                0x000000000000db5a                l2capSendNextSegment
 .text.l2capSendPkt
                0x000000000000dc0e       0x3a C:\Users\86135\Desktop\WearableGasDetect\MainBoard_CH582\MainBoard_CH582\LIB\libCH58xBLE.a(l2cap_output.o)
                0x000000000000dc0e                l2capSendPkt
 .text.L2CAP_SendData
                0x000000000000dc48       0x82 C:\Users\86135\Desktop\WearableGasDetect\MainBoard_CH582\MainBoard_CH582\LIB\libCH58xBLE.a(l2cap_output.o)
                0x000000000000dc48                L2CAP_SendData
 .text.l2capSendCmd
                0x000000000000dcca       0x8a C:\Users\86135\Desktop\WearableGasDetect\MainBoard_CH582\MainBoard_CH582\LIB\libCH58xBLE.a(l2cap_output.o)
                0x000000000000dcca                l2capSendCmd
 .text.l2capSendReq
                0x000000000000dd54       0xc8 C:\Users\86135\Desktop\WearableGasDetect\MainBoard_CH582\MainBoard_CH582\LIB\libCH58xBLE.a(l2cap_output.o)
                0x000000000000dd54                l2capSendReq
 .text.l2capBuildDisconnectReq
                0x000000000000de1c       0x28 C:\Users\86135\Desktop\WearableGasDetect\MainBoard_CH582\MainBoard_CH582\LIB\libCH58xBLE.a(l2cap_sdu.o)
 .text.l2capBuildParamUpdateReq
                0x000000000000de44       0x4c C:\Users\86135\Desktop\WearableGasDetect\MainBoard_CH582\MainBoard_CH582\LIB\libCH58xBLE.a(l2cap_sdu.o)
 .text.l2capBuildParamUpdateRsp
                0x000000000000de90       0x16 C:\Users\86135\Desktop\WearableGasDetect\MainBoard_CH582\MainBoard_CH582\LIB\libCH58xBLE.a(l2cap_sdu.o)
 .text.l2capBuildConnectRsp
                0x000000000000dea6       0x5e C:\Users\86135\Desktop\WearableGasDetect\MainBoard_CH582\MainBoard_CH582\LIB\libCH58xBLE.a(l2cap_sdu.o)
 .text.l2capBuildCmdReject
                0x000000000000df04       0x62 C:\Users\86135\Desktop\WearableGasDetect\MainBoard_CH582\MainBoard_CH582\LIB\libCH58xBLE.a(l2cap_sdu.o)
                0x000000000000df04                l2capBuildCmdReject
 .text.l2capBuildDisconnectRsp
                0x000000000000df66       0x28 C:\Users\86135\Desktop\WearableGasDetect\MainBoard_CH582\MainBoard_CH582\LIB\libCH58xBLE.a(l2cap_sdu.o)
                0x000000000000df66                l2capBuildDisconnectRsp
 .text.l2capSendConnectRsp
                0x000000000000df8e       0xaa C:\Users\86135\Desktop\WearableGasDetect\MainBoard_CH582\MainBoard_CH582\LIB\libCH58xBLE.a(l2cap_sdu.o)
                0x000000000000df8e                l2capSendConnectRsp
 .text.L2CAP_CmdReject
                0x000000000000e038       0x12 C:\Users\86135\Desktop\WearableGasDetect\MainBoard_CH582\MainBoard_CH582\LIB\libCH58xBLE.a(l2cap_sdu.o)
                0x000000000000e038                L2CAP_CmdReject
 .text.L2CAP_DisconnectReq
                0x000000000000e04a       0x2a C:\Users\86135\Desktop\WearableGasDetect\MainBoard_CH582\MainBoard_CH582\LIB\libCH58xBLE.a(l2cap_sdu.o)
                0x000000000000e04a                L2CAP_DisconnectReq
 .text.L2CAP_ConnParamUpdateReq
                0x000000000000e074       0x16 C:\Users\86135\Desktop\WearableGasDetect\MainBoard_CH582\MainBoard_CH582\LIB\libCH58xBLE.a(l2cap_sdu.o)
                0x000000000000e074                L2CAP_ConnParamUpdateReq
 .text.L2CAP_ConnParamUpdateRsp
                0x000000000000e08a       0x12 C:\Users\86135\Desktop\WearableGasDetect\MainBoard_CH582\MainBoard_CH582\LIB\libCH58xBLE.a(l2cap_sdu.o)
                0x000000000000e08a                L2CAP_ConnParamUpdateRsp
 .text.reportStatusChange
                0x000000000000e09c       0x3e C:\Users\86135\Desktop\WearableGasDetect\MainBoard_CH582\MainBoard_CH582\LIB\libCH58xBLE.a(linkdb.o)
 .text.linkDB_Init
                0x000000000000e0da       0xa8 C:\Users\86135\Desktop\WearableGasDetect\MainBoard_CH582\MainBoard_CH582\LIB\libCH58xBLE.a(linkdb.o)
                0x000000000000e0da                linkDB_Init
 .text.linkDB_Find
                0x000000000000e182       0x34 C:\Users\86135\Desktop\WearableGasDetect\MainBoard_CH582\MainBoard_CH582\LIB\libCH58xBLE.a(linkdb.o)
                0x000000000000e182                linkDB_Find
 .text.linkDB_Authen
                0x000000000000e1b6       0x5c C:\Users\86135\Desktop\WearableGasDetect\MainBoard_CH582\MainBoard_CH582\LIB\libCH58xBLE.a(linkdb.o)
                0x000000000000e1b6                linkDB_Authen
 .text.linkDB_FindByAddr
                0x000000000000e212       0x82 C:\Users\86135\Desktop\WearableGasDetect\MainBoard_CH582\MainBoard_CH582\LIB\libCH58xBLE.a(linkdb.o)
                0x000000000000e212                linkDB_FindByAddr
 .text.linkDB_FindFirst
                0x000000000000e294       0x40 C:\Users\86135\Desktop\WearableGasDetect\MainBoard_CH582\MainBoard_CH582\LIB\libCH58xBLE.a(linkdb.o)
                0x000000000000e294                linkDB_FindFirst
 .text.linkDB_MTU
                0x000000000000e2d4       0x18 C:\Users\86135\Desktop\WearableGasDetect\MainBoard_CH582\MainBoard_CH582\LIB\libCH58xBLE.a(linkdb.o)
                0x000000000000e2d4                linkDB_MTU
 .text.linkDB_NumActive
                0x000000000000e2ec       0x36 C:\Users\86135\Desktop\WearableGasDetect\MainBoard_CH582\MainBoard_CH582\LIB\libCH58xBLE.a(linkdb.o)
                0x000000000000e2ec                linkDB_NumActive
 .text.linkDB_NumConns
                0x000000000000e322        0xa C:\Users\86135\Desktop\WearableGasDetect\MainBoard_CH582\MainBoard_CH582\LIB\libCH58xBLE.a(linkdb.o)
                0x000000000000e322                linkDB_NumConns
 .text.linkDB_Register
                0x000000000000e32c       0x28 C:\Users\86135\Desktop\WearableGasDetect\MainBoard_CH582\MainBoard_CH582\LIB\libCH58xBLE.a(linkdb.o)
                0x000000000000e32c                linkDB_Register
 .text.linkDB_Remove
                0x000000000000e354       0x4c C:\Users\86135\Desktop\WearableGasDetect\MainBoard_CH582\MainBoard_CH582\LIB\libCH58xBLE.a(linkdb.o)
                0x000000000000e354                linkDB_Remove
 .text.linkDB_Role
                0x000000000000e3a0       0x18 C:\Users\86135\Desktop\WearableGasDetect\MainBoard_CH582\MainBoard_CH582\LIB\libCH58xBLE.a(linkdb.o)
                0x000000000000e3a0                linkDB_Role
 .text.linkDB_State
                0x000000000000e3b8       0x30 C:\Users\86135\Desktop\WearableGasDetect\MainBoard_CH582\MainBoard_CH582\LIB\libCH58xBLE.a(linkdb.o)
                0x000000000000e3b8                linkDB_State
 .text.linkDB_UpdateMTU
                0x000000000000e3e8       0x28 C:\Users\86135\Desktop\WearableGasDetect\MainBoard_CH582\MainBoard_CH582\LIB\libCH58xBLE.a(linkdb.o)
                0x000000000000e3e8                linkDB_UpdateMTU
 .text.linkDB_PerformFunc
                0x000000000000e410       0x5a C:\Users\86135\Desktop\WearableGasDetect\MainBoard_CH582\MainBoard_CH582\LIB\libCH58xBLE.a(linkdb.o)
                0x000000000000e410                linkDB_PerformFunc
 .text.linkDB_GetSMEvtID
                0x000000000000e46a       0x60 C:\Users\86135\Desktop\WearableGasDetect\MainBoard_CH582\MainBoard_CH582\LIB\libCH58xBLE.a(linkdb.o)
                0x000000000000e46a                linkDB_GetSMEvtID
 .text.linkDB_Add
                0x000000000000e4ca       0xb2 C:\Users\86135\Desktop\WearableGasDetect\MainBoard_CH582\MainBoard_CH582\LIB\libCH58xBLE.a(linkdb.o)
                0x000000000000e4ca                linkDB_Add
 .text.linkDB_GetHandleFromSMEvtID
                0x000000000000e57c       0x3a C:\Users\86135\Desktop\WearableGasDetect\MainBoard_CH582\MainBoard_CH582\LIB\libCH58xBLE.a(linkdb.o)
                0x000000000000e57c                linkDB_GetHandleFromSMEvtID
 .text.linkDB_GetPairingParam
                0x000000000000e5b6       0x76 C:\Users\86135\Desktop\WearableGasDetect\MainBoard_CH582\MainBoard_CH582\LIB\libCH58xBLE.a(linkdb.o)
                0x000000000000e5b6                linkDB_GetPairingParam
 .text.linkDB_NeedSendKey
                0x000000000000e62c       0x4c C:\Users\86135\Desktop\WearableGasDetect\MainBoard_CH582\MainBoard_CH582\LIB\libCH58xBLE.a(linkdb.o)
                0x000000000000e62c                linkDB_NeedSendKey
 .text.smStartRspTimer
                0x000000000000e678       0x3a C:\Users\86135\Desktop\WearableGasDetect\MainBoard_CH582\MainBoard_CH582\LIB\libCH58xBLE.a(sm.o)
 .text.smStartEncryption
                0x000000000000e6b2       0xa0 C:\Users\86135\Desktop\WearableGasDetect\MainBoard_CH582\MainBoard_CH582\LIB\libCH58xBLE.a(sm.o)
 .text.smFreePairingParams
                0x000000000000e752       0x7e C:\Users\86135\Desktop\WearableGasDetect\MainBoard_CH582\MainBoard_CH582\LIB\libCH58xBLE.a(sm.o)
                0x000000000000e752                smFreePairingParams
 .text.smEndPairing
                0x000000000000e7d0       0x60 C:\Users\86135\Desktop\WearableGasDetect\MainBoard_CH582\MainBoard_CH582\LIB\libCH58xBLE.a(sm.o)
                0x000000000000e7d0                smEndPairing
 .text.smLinkCheck