Archive member included to satisfy reference by file (symbol)

d:/mounriver/mounriver_studio/toolchain/risc-v embedded gcc/bin/../lib/gcc/riscv-none-embed/8.2.0/../../../../riscv-none-embed/lib/rv32imacxw/ilp32\libm.a(lib_a-w_sqrt.o)
                              ./User/touch.o (sqrt)
d:/mounriver/mounriver_studio/toolchain/risc-v embedded gcc/bin/../lib/gcc/riscv-none-embed/8.2.0/../../../../riscv-none-embed/lib/rv32imacxw/ilp32\libm.a(lib_a-e_sqrt.o)
                              d:/mounriver/mounriver_studio/toolchain/risc-v embedded gcc/bin/../lib/gcc/riscv-none-embed/8.2.0/../../../../riscv-none-embed/lib/rv32imacxw/ilp32\libm.a(lib_a-w_sqrt.o) (__ieee754_sqrt)
d:/mounriver/mounriver_studio/toolchain/risc-v embedded gcc/bin/../lib/gcc/riscv-none-embed/8.2.0/../../../../riscv-none-embed/lib/rv32imacxw/ilp32\libm.a(lib_a-s_lib_ver.o)
                              d:/mounriver/mounriver_studio/toolchain/risc-v embedded gcc/bin/../lib/gcc/riscv-none-embed/8.2.0/../../../../riscv-none-embed/lib/rv32imacxw/ilp32\libm.a(lib_a-w_sqrt.o) (__fdlib_version)
d:/mounriver/mounriver_studio/toolchain/risc-v embedded gcc/bin/../lib/gcc/riscv-none-embed/8.2.0/../../../../riscv-none-embed/lib/rv32imacxw/ilp32\libm.a(lib_a-s_matherr.o)
                              d:/mounriver/mounriver_studio/toolchain/risc-v embedded gcc/bin/../lib/gcc/riscv-none-embed/8.2.0/../../../../riscv-none-embed/lib/rv32imacxw/ilp32\libm.a(lib_a-w_sqrt.o) (matherr)
d:/mounriver/mounriver_studio/toolchain/risc-v embedded gcc/bin/../lib/gcc/riscv-none-embed/8.2.0/rv32imacxw/ilp32\libgcc.a(_udivdi3.o)
                              ./Gui/lvgl/src/lv_misc/lv_printf.o (__udivdi3)
d:/mounriver/mounriver_studio/toolchain/risc-v embedded gcc/bin/../lib/gcc/riscv-none-embed/8.2.0/rv32imacxw/ilp32\libgcc.a(_umoddi3.o)
                              ./Gui/lvgl/src/lv_misc/lv_printf.o (__umoddi3)
d:/mounriver/mounriver_studio/toolchain/risc-v embedded gcc/bin/../lib/gcc/riscv-none-embed/8.2.0/rv32imacxw/ilp32\libgcc.a(adddf3.o)
                              d:/mounriver/mounriver_studio/toolchain/risc-v embedded gcc/bin/../lib/gcc/riscv-none-embed/8.2.0/../../../../riscv-none-embed/lib/rv32imacxw/ilp32\libm.a(lib_a-e_sqrt.o) (__adddf3)
d:/mounriver/mounriver_studio/toolchain/risc-v embedded gcc/bin/../lib/gcc/riscv-none-embed/8.2.0/rv32imacxw/ilp32\libgcc.a(divdf3.o)
                              d:/mounriver/mounriver_studio/toolchain/risc-v embedded gcc/bin/../lib/gcc/riscv-none-embed/8.2.0/../../../../riscv-none-embed/lib/rv32imacxw/ilp32\libm.a(lib_a-w_sqrt.o) (__divdf3)
d:/mounriver/mounriver_studio/toolchain/risc-v embedded gcc/bin/../lib/gcc/riscv-none-embed/8.2.0/rv32imacxw/ilp32\libgcc.a(gedf2.o)
                              ./User/touch.o (__gtdf2)
d:/mounriver/mounriver_studio/toolchain/risc-v embedded gcc/bin/../lib/gcc/riscv-none-embed/8.2.0/rv32imacxw/ilp32\libgcc.a(ledf2.o)
                              ./User/touch.o (__ltdf2)
d:/mounriver/mounriver_studio/toolchain/risc-v embedded gcc/bin/../lib/gcc/riscv-none-embed/8.2.0/rv32imacxw/ilp32\libgcc.a(muldf3.o)
                              d:/mounriver/mounriver_studio/toolchain/risc-v embedded gcc/bin/../lib/gcc/riscv-none-embed/8.2.0/../../../../riscv-none-embed/lib/rv32imacxw/ilp32\libm.a(lib_a-e_sqrt.o) (__muldf3)
d:/mounriver/mounriver_studio/toolchain/risc-v embedded gcc/bin/../lib/gcc/riscv-none-embed/8.2.0/rv32imacxw/ilp32\libgcc.a(subdf3.o)
                              d:/mounriver/mounriver_studio/toolchain/risc-v embedded gcc/bin/../lib/gcc/riscv-none-embed/8.2.0/../../../../riscv-none-embed/lib/rv32imacxw/ilp32\libm.a(lib_a-e_sqrt.o) (__subdf3)
d:/mounriver/mounriver_studio/toolchain/risc-v embedded gcc/bin/../lib/gcc/riscv-none-embed/8.2.0/rv32imacxw/ilp32\libgcc.a(unorddf2.o)
                              d:/mounriver/mounriver_studio/toolchain/risc-v embedded gcc/bin/../lib/gcc/riscv-none-embed/8.2.0/../../../../riscv-none-embed/lib/rv32imacxw/ilp32\libm.a(lib_a-w_sqrt.o) (__unorddf2)
d:/mounriver/mounriver_studio/toolchain/risc-v embedded gcc/bin/../lib/gcc/riscv-none-embed/8.2.0/rv32imacxw/ilp32\libgcc.a(fixunsdfsi.o)
                              ./User/touch.o (__fixunsdfsi)
d:/mounriver/mounriver_studio/toolchain/risc-v embedded gcc/bin/../lib/gcc/riscv-none-embed/8.2.0/rv32imacxw/ilp32\libgcc.a(floatunsidf.o)
                              ./User/touch.o (__floatunsidf)
d:/mounriver/mounriver_studio/toolchain/risc-v embedded gcc/bin/../lib/gcc/riscv-none-embed/8.2.0/rv32imacxw/ilp32\libgcc.a(addsf3.o)
                              ./User/touch.o (__addsf3)
d:/mounriver/mounriver_studio/toolchain/risc-v embedded gcc/bin/../lib/gcc/riscv-none-embed/8.2.0/rv32imacxw/ilp32\libgcc.a(divsf3.o)
                              ./User/powerManage.o (__divsf3)
d:/mounriver/mounriver_studio/toolchain/risc-v embedded gcc/bin/../lib/gcc/riscv-none-embed/8.2.0/rv32imacxw/ilp32\libgcc.a(mulsf3.o)
                              ./User/powerManage.o (__mulsf3)
[...]
Memory Configuration

Name             Origin             Length             Attributes
FLASH            0x0000000000000000 0x0000000000040000 xr
RAM              0x0000000020000000 0x0000000000010000 xrw
*default*        0x0000000000000000 0xffffffffffffffff

Linker script and memory map

LOAD ./User/buzzer.o
LOAD ./User/ch32v30x_it.o
LOAD ./User/ch9142.o
LOAD ./User/ch9142cmd.o
LOAD ./User/lcd.o
LOAD ./User/m780eg.o
LOAD ./User/main.o
LOAD ./User/periodicalTask.o
LOAD ./User/powerManage.o
LOAD ./User/system_ch32v30x.o
LOAD ./User/touch.o
LOAD ./Startup/startup_ch32v30x_D8C.o
LOAD ./Peripheral/src/ch32v30x_adc.o
LOAD ./Peripheral/src/ch32v30x_bkp.o
LOAD ./Peripheral/src/ch32v30x_can.o
LOAD ./Peripheral/src/ch32v30x_crc.o
LOAD ./Peripheral/src/ch32v30x_dac.o
LOAD ./Peripheral/src/ch32v30x_dbgmcu.o
LOAD ./Peripheral/src/ch32v30x_dma.o
LOAD ./Peripheral/src/ch32v30x_dvp.o
LOAD ./Peripheral/src/ch32v30x_eth.o
LOAD ./Peripheral/src/ch32v30x_exti.o
LOAD ./Peripheral/src/ch32v30x_flash.o
LOAD ./Peripheral/src/ch32v30x_fsmc.o
LOAD ./Peripheral/src/ch32v30x_gpio.o
LOAD ./Peripheral/src/ch32v30x_i2c.o
LOAD ./Peripheral/src/ch32v30x_iwdg.o
LOAD ./Peripheral/src/ch32v30x_misc.o
LOAD ./Peripheral/src/ch32v30x_opa.o
LOAD ./Peripheral/src/ch32v30x_pwr.o
LOAD ./Peripheral/src/ch32v30x_rcc.o
LOAD ./Peripheral/src/ch32v30x_rng.o
LOAD ./Peripheral/src/ch32v30x_rtc.o
LOAD ./Peripheral/src/ch32v30x_sdio.o
LOAD ./Peripheral/src/ch32v30x_spi.o
LOAD ./Peripheral/src/ch32v30x_tim.o
LOAD ./Peripheral/src/ch32v30x_usart.o
LOAD ./Peripheral/src/ch32v30x_wwdg.o
LOAD ./Gui/my_design/generated/images/_wchlogo_alpha_149x44.o
LOAD ./Gui/my_design/generated/guider_fonts/lv_font_montserratMedium_12.o
LOAD ./Gui/my_design/generated/events_init.o
LOAD ./Gui/my_design/generated/gui_guider.o
LOAD ./Gui/my_design/generated/setup_scr_screen.o
LOAD ./Gui/my_design/generated/setup_scr_screen_1.o
LOAD ./Gui/my_design/custom/custom.o
LOAD ./Gui/lvgl_app/src/lv_ex_widgets/lv_ex_win/lv_ex_win_1.o
LOAD ./Gui/lvgl_app/src/lv_ex_widgets/lv_ex_tileview/lv_ex_tileview_1.o
LOAD ./Gui/lvgl_app/src/lv_ex_widgets/lv_ex_textarea/lv_ex_textarea_1.o
LOAD ./Gui/lvgl_app/src/lv_ex_widgets/lv_ex_textarea/lv_ex_textarea_2.o
LOAD ./Gui/lvgl_app/src/lv_ex_widgets/lv_ex_textarea/lv_ex_textarea_3.o
LOAD ./Gui/lvgl_app/src/lv_ex_widgets/lv_ex_tabview/lv_ex_tabview_1.o
LOAD ./Gui/lvgl_app/src/lv_ex_widgets/lv_ex_table/lv_ex_table_1.o
LOAD ./Gui/lvgl_app/src/lv_ex_widgets/lv_ex_switch/lv_ex_switch_1.o
LOAD ./Gui/lvgl_app/src/lv_ex_widgets/lv_ex_spinner/lv_ex_spinner_1.o
LOAD ./Gui/lvgl_app/src/lv_ex_widgets/lv_ex_spinbox/lv_ex_spinbox_1.o
LOAD ./Gui/lvgl_app/src/lv_ex_widgets/lv_ex_slider/lv_ex_slider_1.o
LOAD ./Gui/lvgl_app/src/lv_ex_widgets/lv_ex_slider/lv_ex_slider_2.o
LOAD ./Gui/lvgl_app/src/lv_ex_widgets/lv_ex_roller/lv_ex_roller_1.o
LOAD ./Gui/lvgl_app/src/lv_ex_widgets/lv_ex_page/lv_ex_page_1.o
LOAD ./Gui/lvgl_app/src/lv_ex_widgets/lv_ex_objmask/lv_ex_objmask_1.o
LOAD ./Gui/lvgl_app/src/lv_ex_widgets/lv_ex_objmask/lv_ex_objmask_2.o
LOAD ./Gui/lvgl_app/src/lv_ex_widgets/lv_ex_obj/lv_ex_obj_1.o
LOAD ./Gui/lvgl_app/src/lv_ex_widgets/lv_ex_msgbox/lv_ex_msgbox_1.o
LOAD ./Gui/lvgl_app/src/lv_ex_widgets/lv_ex_msgbox/lv_ex_msgbox_2.o
LOAD ./Gui/lvgl_app/src/lv_ex_widgets/lv_ex_list/lv_ex_list_1.o
LOAD ./Gui/lvgl_app/src/lv_ex_widgets/lv_ex_linemeter/lv_ex_linemeter_1.o
LOAD ./Gui/lvgl_app/src/lv_ex_widgets/lv_ex_line/lv_ex_line_1.o
LOAD ./Gui/lvgl_app/src/lv_ex_widgets/lv_ex_led/lv_ex_led_1.o
LOAD ./Gui/lvgl_app/src/lv_ex_widgets/lv_ex_label/lv_ex_label_1.o
LOAD ./Gui/lvgl_app/src/lv_ex_widgets/lv_ex_label/lv_ex_label_2.o
LOAD ./Gui/lvgl_app/src/lv_ex_widgets/lv_ex_label/lv_ex_label_3.o
LOAD ./Gui/lvgl_app/src/lv_ex_widgets/lv_ex_keyboard/lv_ex_keyboard_1.o
LOAD ./Gui/lvgl_app/src/lv_ex_widgets/lv_ex_imgbtn/imgbtn_blue.o
LOAD ./Gui/lvgl_app/src/lv_ex_widgets/lv_ex_imgbtn/imgbtn_green.o
LOAD ./Gui/lvgl_app/src/lv_ex_widgets/lv_ex_imgbtn/lv_ex_imgbtn_1.o
LOAD ./Gui/lvgl_app/src/lv_ex_widgets/lv_ex_img/lv_ex_img_1.o
LOAD ./Gui/lvgl_app/src/lv_ex_widgets/lv_ex_img/lv_ex_img_2.o
LOAD ./Gui/lvgl_app/src/lv_ex_widgets/lv_ex_img/lv_ex_img_3.o
LOAD ./Gui/lvgl_app/src/lv_ex_widgets/lv_ex_gauge/lv_ex_gauge_1.o
LOAD ./Gui/lvgl_app/src/lv_ex_widgets/lv_ex_gauge/lv_ex_gauge_2.o
LOAD ./Gui/lvgl_app/src/lv_ex_widgets/lv_ex_dropdown/lv_ex_dropdown_1.o
LOAD ./Gui/lvgl_app/src/lv_ex_widgets/lv_ex_dropdown/lv_ex_dropdown_2.o
LOAD ./Gui/lvgl_app/src/lv_ex_widgets/lv_ex_cpicker/lv_ex_cpicker_1.o
LOAD ./Gui/lvgl_app/src/lv_ex_widgets/lv_ex_cpicker/lv_ex_cpicker_2.o
LOAD ./Gui/lvgl_app/src/lv_ex_widgets/lv_ex_cont/lv_ex_cont_1.o
LOAD ./Gui/lvgl_app/src/lv_ex_widgets/lv_ex_checkbox/lv_ex_checkbox_1.o
LOAD ./Gui/lvgl_app/src/lv_ex_widgets/lv_ex_chart/lv_ex_chart_1.o
LOAD ./Gui/lvgl_app/src/lv_ex_widgets/lv_ex_chart/lv_ex_chart_2.o
LOAD ./Gui/lvgl_app/src/lv_ex_widgets/lv_ex_canvas/lv_ex_canvas_1.o
LOAD ./Gui/lvgl_app/src/lv_ex_widgets/lv_ex_canvas/lv_ex_canvas_2.o
LOAD ./Gui/lvgl_app/src/lv_ex_widgets/lv_ex_calendar/lv_ex_calendar_1.o
LOAD ./Gui/lvgl_app/src/lv_ex_widgets/lv_ex_btnmatrix/lv_ex_btnmatrix_1.o
LOAD ./Gui/lvgl_app/src/lv_ex_widgets/lv_ex_btn/lv_ex_btn_1.o
LOAD ./Gui/lvgl_app/src/lv_ex_widgets/lv_ex_btn/lv_ex_btn_2.o
LOAD ./Gui/lvgl_app/src/lv_ex_widgets/lv_ex_bar/lv_ex_bar_1.o
LOAD ./Gui/lvgl_app/src/lv_ex_widgets/lv_ex_arc/lv_ex_arc_1.o
LOAD ./Gui/lvgl_app/src/lv_ex_widgets/lv_ex_arc/lv_ex_arc_2.o
LOAD ./Gui/lvgl_app/src/lv_ex_style/lv_ex_style_1.o
LOAD ./Gui/lvgl_app/src/lv_ex_style/lv_ex_style_10.o
LOAD ./Gui/lvgl_app/src/lv_ex_style/lv_ex_style_11.o
LOAD ./Gui/lvgl_app/src/lv_ex_style/lv_ex_style_2.o
LOAD ./Gui/lvgl_app/src/lv_ex_style/lv_ex_style_3.o
LOAD ./Gui/lvgl_app/src/lv_ex_style/lv_ex_style_4.o
LOAD ./Gui/lvgl_app/src/lv_ex_style/lv_ex_style_5.o
LOAD ./Gui/lvgl_app/src/lv_ex_style/lv_ex_style_6.o
LOAD ./Gui/lvgl_app/src/lv_ex_style/lv_ex_style_7.o
LOAD ./Gui/lvgl_app/src/lv_ex_style/lv_ex_style_8.o
LOAD ./Gui/lvgl_app/src/lv_ex_style/lv_ex_style_9.o
LOAD ./Gui/lvgl_app/src/lv_ex_get_started/lv_ex_get_started_1.o
LOAD ./Gui/lvgl_app/src/lv_ex_get_started/lv_ex_get_started_2.o
LOAD ./Gui/lvgl_app/src/lv_ex_get_started/lv_ex_get_started_3.o
LOAD ./Gui/lvgl_app/src/lv_demo_widgets/lv_demo_widgets.o
LOAD ./Gui/lvgl_app/src/lv_demo_stress/lv_demo_stress.o
LOAD ./Gui/lvgl_app/src/lv_demo_printer/images/lv_demo_printer_icon_bright.o
LOAD ./Gui/lvgl_app/src/lv_demo_printer/images/lv_demo_printer_icon_eco.o
LOAD ./Gui/lvgl_app/src/lv_demo_printer/images/lv_demo_printer_icon_hue.o
LOAD ./Gui/lvgl_app/src/lv_demo_printer/images/lv_demo_printer_icon_pc.o
LOAD ./Gui/lvgl_app/src/lv_demo_printer/images/lv_demo_printer_icon_tel.o
LOAD ./Gui/lvgl_app/src/lv_demo_printer/images/lv_demo_printer_icon_wifi.o
LOAD ./Gui/lvgl_app/src/lv_demo_printer/images/lv_demo_printer_img_btn_bg_1.o
LOAD ./Gui/lvgl_app/src/lv_demo_printer/images/lv_demo_printer_img_btn_bg_2.o
LOAD ./Gui/lvgl_app/src/lv_demo_printer/images/lv_demo_printer_img_btn_bg_3.o
LOAD ./Gui/lvgl_app/src/lv_demo_printer/images/lv_demo_printer_img_btn_bg_4.o
LOAD ./Gui/lvgl_app/src/lv_demo_printer/images/lv_demo_printer_img_cloud.o
LOAD ./Gui/lvgl_app/src/lv_demo_printer/images/lv_demo_printer_img_copy.o
LOAD ./Gui/lvgl_app/src/lv_demo_printer/images/lv_demo_printer_img_internet.o
LOAD ./Gui/lvgl_app/src/lv_demo_printer/images/lv_demo_printer_img_mobile.o
LOAD ./Gui/lvgl_app/src/lv_demo_printer/images/lv_demo_printer_img_no_internet.o
LOAD ./Gui/lvgl_app/src/lv_demo_printer/images/lv_demo_printer_img_phone.o
LOAD ./Gui/lvgl_app/src/lv_demo_printer/images/lv_demo_printer_img_print.o
LOAD ./Gui/lvgl_app/src/lv_demo_printer/images/lv_demo_printer_img_printer2.o
LOAD ./Gui/lvgl_app/src/lv_demo_printer/images/lv_demo_printer_img_ready.o
LOAD ./Gui/lvgl_app/src/lv_demo_printer/images/lv_demo_printer_img_scan.o
LOAD ./Gui/lvgl_app/src/lv_demo_printer/images/lv_demo_printer_img_scan_example.o
LOAD ./Gui/lvgl_app/src/lv_demo_printer/images/lv_demo_printer_img_setup.o
LOAD ./Gui/lvgl_app/src/lv_demo_printer/images/lv_demo_printer_img_usb.o
LOAD ./Gui/lvgl_app/src/lv_demo_printer/images/lv_demo_printer_img_wave.o
LOAD ./Gui/lvgl_app/src/lv_demo_printer/lv_demo_printer.o
LOAD ./Gui/lvgl_app/src/lv_demo_printer/lv_demo_printer_theme.o
LOAD ./Gui/lvgl_app/src/lv_demo_music/assets/img_lv_demo_music_btn_list_pause.o
LOAD ./Gui/lvgl_app/src/lv_demo_music/assets/img_lv_demo_music_btn_list_play.o
LOAD ./Gui/lvgl_app/src/lv_demo_music/assets/img_lv_demo_music_btn_loop.o
LOAD ./Gui/lvgl_app/src/lv_demo_music/assets/img_lv_demo_music_btn_next.o
LOAD ./Gui/lvgl_app/src/lv_demo_music/assets/img_lv_demo_music_btn_pause.o
LOAD ./Gui/lvgl_app/src/lv_demo_music/assets/img_lv_demo_music_btn_play.o
LOAD ./Gui/lvgl_app/src/lv_demo_music/assets/img_lv_demo_music_btn_prev.o
LOAD ./Gui/lvgl_app/src/lv_demo_music/assets/img_lv_demo_music_btn_rnd.o
LOAD ./Gui/lvgl_app/src/lv_demo_music/assets/img_lv_demo_music_corner_left.o
LOAD ./Gui/lvgl_app/src/lv_demo_music/assets/img_lv_demo_music_corner_right.o
LOAD ./Gui/lvgl_app/src/lv_demo_music/assets/img_lv_demo_music_cover_1.o
LOAD ./Gui/lvgl_app/src/lv_demo_music/assets/img_lv_demo_music_cover_2.o
LOAD ./Gui/lvgl_app/src/lv_demo_music/assets/img_lv_demo_music_cover_3.o
LOAD ./Gui/lvgl_app/src/lv_demo_music/assets/img_lv_demo_music_icon_1.o
LOAD ./Gui/lvgl_app/src/lv_demo_music/assets/img_lv_demo_music_icon_2.o
LOAD ./Gui/lvgl_app/src/lv_demo_music/assets/img_lv_demo_music_icon_3.o
LOAD ./Gui/lvgl_app/src/lv_demo_music/assets/img_lv_demo_music_icon_4.o
LOAD ./Gui/lvgl_app/src/lv_demo_music/assets/img_lv_demo_music_list_border.o
LOAD ./Gui/lvgl_app/src/lv_demo_music/assets/img_lv_demo_music_logo.o
LOAD ./Gui/lvgl_app/src/lv_demo_music/assets/img_lv_demo_music_slider_knob.o
LOAD ./Gui/lvgl_app/src/lv_demo_music/assets/img_lv_demo_music_wave_bottom.o
LOAD ./Gui/lvgl_app/src/lv_demo_music/assets/img_lv_demo_music_wave_top.o
LOAD ./Gui/lvgl_app/src/lv_demo_music/assets/lv_demo_music_font_16_bold.o
LOAD ./Gui/lvgl_app/src/lv_demo_music/lv_demo_music.o
LOAD ./Gui/lvgl_app/src/lv_demo_music/lv_demo_music_list.o
LOAD ./Gui/lvgl_app/src/lv_demo_music/lv_demo_music_main.o
LOAD ./Gui/lvgl_app/src/lv_demo_keypad_encoder/lv_demo_keypad_encoder.o
LOAD ./Gui/lvgl_app/src/lv_demo_benchmark/lv_demo_benchmark.o
LOAD ./Gui/lvgl_app/src/assets/img_cogwheel_alpha16.o
LOAD ./Gui/lvgl_app/src/assets/img_cogwheel_argb.o
LOAD ./Gui/lvgl_app/src/assets/img_cogwheel_chroma_keyed.o
LOAD ./Gui/lvgl_app/src/assets/img_cogwheel_indexed16.o
LOAD ./Gui/lvgl_app/src/assets/img_cogwheel_rgb.o
LOAD ./Gui/lvgl_app/src/assets/img_hand.o
LOAD ./Gui/lvgl_app/src/assets/lv_font_montserrat_12_compr_az.o
LOAD ./Gui/lvgl_app/src/assets/lv_font_montserrat_16_compr_az.o
LOAD ./Gui/lvgl_app/src/assets/lv_font_montserrat_28_compr_az.o
LOAD ./Gui/lvgl/tests/lv_test_widgets/lv_test_label.o
LOAD ./Gui/lvgl/tests/lv_test_fonts/font_1.o
LOAD ./Gui/lvgl/tests/lv_test_fonts/font_2.o
LOAD ./Gui/lvgl/tests/lv_test_fonts/font_3.o
LOAD ./Gui/lvgl/tests/lv_test_core/lv_test_core.o
LOAD ./Gui/lvgl/tests/lv_test_core/lv_test_font_loader.o
LOAD ./Gui/lvgl/tests/lv_test_core/lv_test_obj.o
LOAD ./Gui/lvgl/tests/lv_test_core/lv_test_style.o
LOAD ./Gui/lvgl/tests/lv_test_assert.o
LOAD ./Gui/lvgl/tests/lv_test_main.o
LOAD ./Gui/lvgl/src/lv_widgets/lv_arc.o
LOAD ./Gui/lvgl/src/lv_widgets/lv_bar.o
LOAD ./Gui/lvgl/src/lv_widgets/lv_btn.o
LOAD ./Gui/lvgl/src/lv_widgets/lv_btnmatrix.o
LOAD ./Gui/lvgl/src/lv_widgets/lv_calendar.o
LOAD ./Gui/lvgl/src/lv_widgets/lv_canvas.o
LOAD ./Gui/lvgl/src/lv_widgets/lv_chart.o
LOAD ./Gui/lvgl/src/lv_widgets/lv_checkbox.o
LOAD ./Gui/lvgl/src/lv_widgets/lv_cont.o
LOAD ./Gui/lvgl/src/lv_widgets/lv_cpicker.o
LOAD ./Gui/lvgl/src/lv_widgets/lv_dropdown.o
LOAD ./Gui/lvgl/src/lv_widgets/lv_gauge.o
LOAD ./Gui/lvgl/src/lv_widgets/lv_img.o
LOAD ./Gui/lvgl/src/lv_widgets/lv_imgbtn.o
LOAD ./Gui/lvgl/src/lv_widgets/lv_keyboard.o
LOAD ./Gui/lvgl/src/lv_widgets/lv_label.o
LOAD ./Gui/lvgl/src/lv_widgets/lv_led.o
LOAD ./Gui/lvgl/src/lv_widgets/lv_line.o
LOAD ./Gui/lvgl/src/lv_widgets/lv_linemeter.o
LOAD ./Gui/lvgl/src/lv_widgets/lv_list.o
LOAD ./Gui/lvgl/src/lv_widgets/lv_msgbox.o
LOAD ./Gui/lvgl/src/lv_widgets/lv_objmask.o
LOAD ./Gui/lvgl/src/lv_widgets/lv_objx_templ.o
LOAD ./Gui/lvgl/src/lv_widgets/lv_page.o
LOAD ./Gui/lvgl/src/lv_widgets/lv_roller.o
LOAD ./Gui/lvgl/src/lv_widgets/lv_slider.o
LOAD ./Gui/lvgl/src/lv_widgets/lv_spinbox.o
LOAD ./Gui/lvgl/src/lv_widgets/lv_spinner.o
LOAD ./Gui/lvgl/src/lv_widgets/lv_switch.o
LOAD ./Gui/lvgl/src/lv_widgets/lv_table.o
LOAD ./Gui/lvgl/src/lv_widgets/lv_tabview.o
LOAD ./Gui/lvgl/src/lv_widgets/lv_textarea.o
LOAD ./Gui/lvgl/src/lv_widgets/lv_tileview.o
LOAD ./Gui/lvgl/src/lv_widgets/lv_win.o
LOAD ./Gui/lvgl/src/lv_themes/lv_theme.o
LOAD ./Gui/lvgl/src/lv_themes/lv_theme_empty.o
LOAD ./Gui/lvgl/src/lv_themes/lv_theme_material.o
LOAD ./Gui/lvgl/src/lv_themes/lv_theme_mono.o
LOAD ./Gui/lvgl/src/lv_themes/lv_theme_template.o
LOAD ./Gui/lvgl/src/lv_misc/lv_anim.o
LOAD ./Gui/lvgl/src/lv_misc/lv_area.o
LOAD ./Gui/lvgl/src/lv_misc/lv_async.o
LOAD ./Gui/lvgl/src/lv_misc/lv_bidi.o
LOAD ./Gui/lvgl/src/lv_misc/lv_color.o
LOAD ./Gui/lvgl/src/lv_misc/lv_debug.o
LOAD ./Gui/lvgl/src/lv_misc/lv_fs.o
LOAD ./Gui/lvgl/src/lv_misc/lv_gc.o
LOAD ./Gui/lvgl/src/lv_misc/lv_ll.o
LOAD ./Gui/lvgl/src/lv_misc/lv_log.o
LOAD ./Gui/lvgl/src/lv_misc/lv_math.o
LOAD ./Gui/lvgl/src/lv_misc/lv_mem.o
LOAD ./Gui/lvgl/src/lv_misc/lv_printf.o
LOAD ./Gui/lvgl/src/lv_misc/lv_task.o
LOAD ./Gui/lvgl/src/lv_misc/lv_templ.o
LOAD ./Gui/lvgl/src/lv_misc/lv_txt.o
LOAD ./Gui/lvgl/src/lv_misc/lv_txt_ap.o
LOAD ./Gui/lvgl/src/lv_misc/lv_utils.o
LOAD ./Gui/lvgl/src/lv_hal/lv_hal_disp.o
LOAD ./Gui/lvgl/src/lv_hal/lv_hal_indev.o
LOAD ./Gui/lvgl/src/lv_hal/lv_hal_tick.o
LOAD ./Gui/lvgl/src/lv_gpu/lv_gpu_nxp_pxp.o
LOAD ./Gui/lvgl/src/lv_gpu/lv_gpu_nxp_pxp_osa.o
LOAD ./Gui/lvgl/src/lv_gpu/lv_gpu_nxp_vglite.o
LOAD ./Gui/lvgl/src/lv_gpu/lv_gpu_stm32_dma2d.o
LOAD ./Gui/lvgl/src/lv_font/lv_font.o
LOAD ./Gui/lvgl/src/lv_font/lv_font_dejavu_16_persian_hebrew.o
LOAD ./Gui/lvgl/src/lv_font/lv_font_fmt_txt.o
LOAD ./Gui/lvgl/src/lv_font/lv_font_loader.o
LOAD ./Gui/lvgl/src/lv_font/lv_font_montserrat_10.o
LOAD ./Gui/lvgl/src/lv_font/lv_font_montserrat_12.o
LOAD ./Gui/lvgl/src/lv_font/lv_font_montserrat_12_subpx.o
LOAD ./Gui/lvgl/src/lv_font/lv_font_montserrat_14.o
LOAD ./Gui/lvgl/src/lv_font/lv_font_montserrat_16.o
LOAD ./Gui/lvgl/src/lv_font/lv_font_montserrat_18.o
LOAD ./Gui/lvgl/src/lv_font/lv_font_montserrat_20.o
LOAD ./Gui/lvgl/src/lv_font/lv_font_montserrat_22.o
LOAD ./Gui/lvgl/src/lv_font/lv_font_montserrat_24.o
LOAD ./Gui/lvgl/src/lv_font/lv_font_montserrat_26.o
LOAD ./Gui/lvgl/src/lv_font/lv_font_montserrat_28.o
LOAD ./Gui/lvgl/src/lv_font/lv_font_montserrat_28_compressed.o
LOAD ./Gui/lvgl/src/lv_font/lv_font_montserrat_30.o
LOAD ./Gui/lvgl/src/lv_font/lv_font_montserrat_32.o
LOAD ./Gui/lvgl/src/lv_font/lv_font_montserrat_34.o
LOAD ./Gui/lvgl/src/lv_font/lv_font_montserrat_36.o
LOAD ./Gui/lvgl/src/lv_font/lv_font_montserrat_38.o
LOAD ./Gui/lvgl/src/lv_font/lv_font_montserrat_40.o
LOAD ./Gui/lvgl/src/lv_font/lv_font_montserrat_42.o
LOAD ./Gui/lvgl/src/lv_font/lv_font_montserrat_44.o
LOAD ./Gui/lvgl/src/lv_font/lv_font_montserrat_46.o
LOAD ./Gui/lvgl/src/lv_font/lv_font_montserrat_48.o
LOAD ./Gui/lvgl/src/lv_font/lv_font_montserrat_8.o
LOAD ./Gui/lvgl/src/lv_font/lv_font_simsun_16_cjk.o
LOAD ./Gui/lvgl/src/lv_font/lv_font_unscii_16.o
LOAD ./Gui/lvgl/src/lv_font/lv_font_unscii_8.o
LOAD ./Gui/lvgl/src/lv_draw/lv_draw_arc.o
LOAD ./Gui/lvgl/src/lv_draw/lv_draw_blend.o
LOAD ./Gui/lvgl/src/lv_draw/lv_draw_img.o
LOAD ./Gui/lvgl/src/lv_draw/lv_draw_label.o
LOAD ./Gui/lvgl/src/lv_draw/lv_draw_line.o
LOAD ./Gui/lvgl/src/lv_draw/lv_draw_mask.o
LOAD ./Gui/lvgl/src/lv_draw/lv_draw_rect.o
LOAD ./Gui/lvgl/src/lv_draw/lv_draw_triangle.o
LOAD ./Gui/lvgl/src/lv_draw/lv_img_buf.o
LOAD ./Gui/lvgl/src/lv_draw/lv_img_cache.o
LOAD ./Gui/lvgl/src/lv_draw/lv_img_decoder.o
LOAD ./Gui/lvgl/src/lv_core/lv_disp.o
LOAD ./Gui/lvgl/src/lv_core/lv_group.o
LOAD ./Gui/lvgl/src/lv_core/lv_indev.o
LOAD ./Gui/lvgl/src/lv_core/lv_obj.o
LOAD ./Gui/lvgl/src/lv_core/lv_refr.o
LOAD ./Gui/lvgl/src/lv_core/lv_style.o
LOAD ./Gui/lvgl/examples/porting/lv_port_disp.o
LOAD ./Gui/lvgl/examples/porting/lv_port_fs.o
LOAD ./Gui/lvgl/examples/porting/lv_port_indev.o
LOAD ./Debug/debug.o
LOAD ./Core/core_riscv.o
LOAD d:/mounriver/mounriver_studio/toolchain/risc-v embedded gcc/bin/../lib/gcc/riscv-none-embed/8.2.0/../../../../riscv-none-embed/lib/rv32imacxw/ilp32\libm.a
LOAD d:/mounriver/mounriver_studio/toolchain/risc-v embedded gcc/bin/../lib/gcc/riscv-none-embed/8.2.0/rv32imacxw/ilp32\libgcc.a
LOAD d:/mounriver/mounriver_studio/toolchain/risc-v embedded gcc/bin/../lib/gcc/riscv-none-embed/8.2.0/../../../../riscv-none-embed/lib/rv32imacxw/ilp32\libg_nano.a
LOAD d:/mounriver/mounriver_studio/toolchain/risc-v embedded gcc/bin/../lib/gcc/riscv-none-embed/8.2.0/../../../../riscv-none-embed/lib/rv32imacxw/ilp32\libc_nano.a
LOAD d:/mounriver/mounriver_studio/toolchain/risc-v embedded gcc/bin/../lib/gcc/riscv-none-embed/8.2.0/rv32imacxw/ilp32\libgcc.a
START GROUP
LOAD d:/mounriver/mounriver_studio/toolchain/risc-v embedded gcc/bin/../lib/gcc/riscv-none-embed/8.2.0/rv32imacxw/ilp32\libgcc.a
LOAD d:/mounriver/mounriver_studio/toolchain/risc-v embedded gcc/bin/../lib/gcc/riscv-none-embed/8.2.0/../../../../riscv-none-embed/lib/rv32imacxw/ilp32\libc_nano.a
LOAD d:/mounriver/mounriver_studio/toolchain/risc-v embedded gcc/bin/../lib/gcc/riscv-none-embed/8.2.0/../../../../riscv-none-embed/lib/rv32imacxw/ilp32\libnosys.a
END GROUP
START GROUP
LOAD d:/mounriver/mounriver_studio/toolchain/risc-v embedded gcc/bin/../lib/gcc/riscv-none-embed/8.2.0/rv32imacxw/ilp32\libgcc.a
LOAD d:/mounriver/mounriver_studio/toolchain/risc-v embedded gcc/bin/../lib/gcc/riscv-none-embed/8.2.0/../../../../riscv-none-embed/lib/rv32imacxw/ilp32\libc_nano.a
LOAD d:/mounriver/mounriver_studio/toolchain/risc-v embedded gcc/bin/../lib/gcc/riscv-none-embed/8.2.0/../../../../riscv-none-embed/lib/rv32imacxw/ilp32\libnosys.a
END GROUP
                0x0000000000000800                __stack_size = 0x800
                [!provide]                        PROVIDE (_stack_size = __stack_size)

.init           0x0000000000000000        0x4
                0x0000000000000000                _sinit = .
                0x0000000000000000                . = ALIGN (0x4)
 *(SORT_NONE(.init))
 .init          0x0000000000000000        0x4 ./Startup/startup_ch32v30x_D8C.o
                0x0000000000000000                _start
                0x0000000000000004                . = ALIGN (0x4)
                0x0000000000000004                _einit = .

.vector         0x0000000000000004      0x1bc
 *(.vector)
 .vector        0x0000000000000004      0x1a0 ./Startup/startup_ch32v30x_D8C.o
                0x00000000000001c0                . = ALIGN (0x40)
 *fill*         0x00000000000001a4       0x1c 

.text           0x00000000000001c0    0x30718
                0x00000000000001c0                . = ALIGN (0x4)
 *(.text)
 .text          0x00000000000001c0       0x60 d:/mounriver/mounriver_studio/toolchain/risc-v embedded gcc/bin/../lib/gcc/riscv-none-embed/8.2.0/rv32imacxw/ilp32\libgcc.a(save-restore.o)
                0x00000000000001c0                __riscv_save_12
                0x00000000000001c8                __riscv_save_9
                0x00000000000001c8                __riscv_save_11
                0x00000000000001c8                __riscv_save_10
                0x00000000000001c8                __riscv_save_8
                0x00000000000001d6                __riscv_save_4
                0x00000000000001d6                __riscv_save_6
                0x00000000000001d6                __riscv_save_5
                0x00000000000001d6                __riscv_save_7
                0x00000000000001f0                __riscv_save_3
                0x00000000000001f0                __riscv_save_2
                0x00000000000001f0                __riscv_save_1
                0x00000000000001f0                __riscv_save_0
                0x00000000000001fc                __riscv_restore_12
                0x0000000000000200                __riscv_restore_11
                0x0000000000000200                __riscv_restore_9
                0x0000000000000200                __riscv_restore_10
                0x0000000000000200                __riscv_restore_8
                0x000000000000020a                __riscv_restore_5
                0x000000000000020a                __riscv_restore_7
                0x000000000000020a                __riscv_restore_6
                0x000000000000020a                __riscv_restore_4
                0x0000000000000214                __riscv_restore_3
                0x0000000000000214                __riscv_restore_0
                0x0000000000000214                __riscv_restore_2
                0x0000000000000214                __riscv_restore_1
 .text          0x0000000000000220       0xa8 d:/mounriver/mounriver_studio/toolchain/risc-v embedded gcc/bin/../lib/gcc/riscv-none-embed/8.2.0/../../../../riscv-none-embed/lib/rv32imacxw/ilp32\libg_nano.a(lib_a-memset.o)
                0x0000000000000220                memset
 .text          0x00000000000002c8      0x11a d:/mounriver/mounriver_studio/toolchain/risc-v embedded gcc/bin/../lib/gcc/riscv-none-embed/8.2.0/../../../../riscv-none-embed/lib/rv32imacxw/ilp32\libg_nano.a(lib_a-strcmp.o)
                0x00000000000002c8                strcmp
 *(.text.*)
 .text.BuzzerChange
                0x00000000000003e2       0xba ./User/buzzer.o
                0x00000000000003e2                BuzzerChange
 .text.NMI_Handler
                0x000000000000049c        0x2 ./User/ch32v30x_it.o
                0x000000000000049c                NMI_Handler
 .text.HardFault_Handler
                0x000000000000049e       0x10 ./User/ch32v30x_it.o
                0x000000000000049e                HardFault_Handler
 .text.ch9142_Init
                0x00000000000004ae      0x1e0 ./User/ch9142.o
                0x00000000000004ae                ch9142_Init
 .text.USART1_IRQHandler
                0x000000000000068e       0x80 ./User/ch9142.o
                0x000000000000068e                USART1_IRQHandler
 .text.USART2_IRQHandler
                0x000000000000070e       0x80 ./User/ch9142.o
                0x000000000000070e                USART2_IRQHandler
 .text.LCD_RD_DATA
                0x000000000000078e       0x16 ./User/lcd.o
                0x000000000000078e                LCD_RD_DATA
 .text.LCD_WriteRAM_Prepare
                0x00000000000007a4        0xe ./User/lcd.o
                0x00000000000007a4                LCD_WriteRAM_Prepare
 .text.LCD_SetCursor
                0x00000000000007b2       0x3a ./User/lcd.o
                0x00000000000007b2                LCD_SetCursor
 .text.LCD_Scan_Dir
                0x00000000000007ec       0xba ./User/lcd.o
                0x00000000000007ec                LCD_Scan_Dir
 .text.LCD_Display_Dir
                0x00000000000008a6       0x4c ./User/lcd.o
                0x00000000000008a6                LCD_Display_Dir
 .text.LCD_Reset_GPIO_Init
                0x00000000000008f2       0x3e ./User/lcd.o
                0x00000000000008f2                LCD_Reset_GPIO_Init
 .text.LCD_Clear
                0x0000000000000930       0x2e ./User/lcd.o
                0x0000000000000930                LCD_Clear
 .text.LCD_Init
                0x000000000000095e      0x380 ./User/lcd.o
                0x000000000000095e                LCD_Init
 .text.LCD_Fast_DrawPoint
                0x0000000000000cde       0x52 ./User/lcd.o
                0x0000000000000cde                LCD_Fast_DrawPoint
 .text.LCD_ShowChar
                0x0000000000000d30      0x11a ./User/lcd.o
                0x0000000000000d30                LCD_ShowChar
 .text.LCD_ShowString
                0x0000000000000e4a       0x68 ./User/lcd.o
                0x0000000000000e4a                LCD_ShowString
 .text.LCD_ShowNum
                0x0000000000000eb2       0x80 ./User/lcd.o
                0x0000000000000eb2                LCD_ShowNum
 .text.LCD_DrawLine
                0x0000000000000f32       0x7c ./User/lcd.o
                0x0000000000000f32                LCD_DrawLine
 .text.LCD_DrawCircle_8
                0x0000000000000fae       0xb2 ./User/lcd.o
                0x0000000000000fae                LCD_DrawCircle_8
 .text.LCD_DrawCircle
                0x0000000000001060       0x82 ./User/lcd.o
                0x0000000000001060                LCD_DrawCircle
 .text.m780eg_Init
                0x00000000000010e2       0xf4 ./User/m780eg.o
                0x00000000000010e2                m780eg_Init
 .text.USART3_IRQHandler
                0x00000000000011d6       0x80 ./User/m780eg.o
                0x00000000000011d6                USART3_IRQHandler
 .text.startup.main
                0x0000000000001256       0x80 ./User/main.o
                0x0000000000001256                main
 .text.TIM2_Trigger_Init
                0x00000000000012d6       0x70 ./User/periodicalTask.o
                0x00000000000012d6                TIM2_Trigger_Init
 .text.TIM2_IRQHandler
                0x0000000000001346       0x1a ./User/periodicalTask.o
                0x0000000000001346                TIM2_IRQHandler
 .text.powerOn_Init_Execute
                0x0000000000001360       0x84 ./User/powerManage.o
                0x0000000000001360                powerOn_Init_Execute
 .text.powerMagage_Init
                0x00000000000013e4      0x106 ./User/powerManage.o
                0x00000000000013e4                powerMagage_Init
 .text.Get_ConversionVal
                0x00000000000014ea       0x2a ./User/powerManage.o
                0x00000000000014ea                Get_ConversionVal
 .text.getVolInPercent
                0x0000000000001514       0x78 ./User/powerManage.o
                0x0000000000001514                getVolInPercent
 .text.ADC1_2_IRQHandler
                0x000000000000158c       0x44 ./User/powerManage.o
                0x000000000000158c                ADC1_2_IRQHandler
 .text.SystemInit
                0x00000000000015d0       0xfa ./User/system_ch32v30x.o
                0x00000000000015d0                SystemInit
 .text.SystemCoreClockUpdate
                0x00000000000016ca      0x134 ./User/system_ch32v30x.o
                0x00000000000016ca                SystemCoreClockUpdate
 .text.TP_Write_Byte
                0x00000000000017fe       0x4c ./User/touch.o
                0x00000000000017fe                TP_Write_Byte
 .text.TP_Read_AD
                0x000000000000184a       0xbc ./User/touch.o
                0x000000000000184a                TP_Read_AD
 .text.TP_Read_XOY
                0x0000000000001906       0x64 ./User/touch.o
                0x0000000000001906                TP_Read_XOY
 .text.TP_Read_XY
                0x000000000000196a       0x26 ./User/touch.o
                0x000000000000196a                TP_Read_XY
 .text.TP_Init  0x0000000000001990       0xc4 ./User/touch.o
                0x0000000000001990                TP_Init
 .text.TP_Read_XY2
                0x0000000000001a54       0x6e ./User/touch.o
                0x0000000000001a54                TP_Read_XY2
 .text.TP_Scan  0x0000000000001ac2       0xba ./User/touch.o
                0x0000000000001ac2                TP_Scan
 .text.TP_Draw_Touch_Point
                0x0000000000001b7c       0x9c ./User/touch.o
                0x0000000000001b7c                TP_Draw_Touch_Point
 .text.TP_Adj_Info_Show
                0x0000000000001c18      0x1c8 ./User/touch.o
                0x0000000000001c18                TP_Adj_Info_Show
 .text.TP_Adjust
                0x0000000000001de0      0x64e ./User/touch.o
                0x0000000000001de0                TP_Adjust
 .text.vector_handler
                0x000000000000242e        0x2 ./Startup/startup_ch32v30x_D8C.o
                0x000000000000242e                EXTI2_IRQHandler
                0x000000000000242e                TIM8_TRG_COM_IRQHandler
                0x000000000000242e                TIM8_CC_IRQHandler
                0x000000000000242e                UART8_IRQHandler
                0x000000000000242e                TIM1_CC_IRQHandler
                0x000000000000242e                TIM6_IRQHandler
                0x000000000000242e                SysTick_Handler
                0x000000000000242e                PVD_IRQHandler
                0x000000000000242e                SDIO_IRQHandler
                0x000000000000242e                TIM9_BRK_IRQHandler
                0x000000000000242e                DMA2_Channel8_IRQHandler
                0x000000000000242e                CAN2_RX1_IRQHandler
                0x000000000000242e                EXTI3_IRQHandler
                0x000000000000242e                USBHS_IRQHandler
                0x000000000000242e                DMA2_Channel9_IRQHandler
                0x000000000000242e                TIM10_CC_IRQHandler
                0x000000000000242e                USBFS_IRQHandler
                0x000000000000242e                EXTI0_IRQHandler
                0x000000000000242e                I2C2_EV_IRQHandler
                0x000000000000242e                TIM10_TRG_COM_IRQHandler
                0x000000000000242e                CAN2_SCE_IRQHandler
                0x000000000000242e                Break_Point_Handler
                0x000000000000242e                SPI1_IRQHandler
                0x000000000000242e                TAMPER_IRQHandler
                0x000000000000242e                CAN2_RX0_IRQHandler
                0x000000000000242e                TIM8_UP_IRQHandler
                0x000000000000242e                Ecall_M_Mode_Handler
                0x000000000000242e                DMA2_Channel2_IRQHandler
                0x000000000000242e                DMA1_Channel4_IRQHandler
                0x000000000000242e                TIM9_UP_IRQHandler
                0x000000000000242e                RTC_IRQHandler
                0x000000000000242e                DMA1_Channel7_IRQHandler
                0x000000000000242e                CAN1_RX1_IRQHandler
                0x000000000000242e                DVP_IRQHandler
                0x000000000000242e                UART5_IRQHandler
                0x000000000000242e                TIM4_IRQHandler
                0x000000000000242e                DMA2_Channel1_IRQHandler
                0x000000000000242e                I2C1_EV_IRQHandler
                0x000000000000242e                DMA1_Channel6_IRQHandler
                0x000000000000242e                UART4_IRQHandler
                0x000000000000242e                DMA2_Channel4_IRQHandler
                0x000000000000242e                TIM3_IRQHandler
                0x000000000000242e                RCC_IRQHandler
                0x000000000000242e                TIM1_TRG_COM_IRQHandler
                0x000000000000242e                DMA1_Channel1_IRQHandler
                0x000000000000242e                DMA2_Channel7_IRQHandler
                0x000000000000242e                EXTI15_10_IRQHandler
                0x000000000000242e                TIM7_IRQHandler
                0x000000000000242e                CAN2_TX_IRQHandler
                0x000000000000242e                TIM5_IRQHandler
                0x000000000000242e                EXTI9_5_IRQHandler
                0x000000000000242e                ETH_WKUP_IRQHandler
                0x000000000000242e                SPI2_IRQHandler
                0x000000000000242e                TIM10_BRK_IRQHandler
                0x000000000000242e                TIM9_CC_IRQHandler
                0x000000000000242e                DMA2_Channel5_IRQHandler
                0x000000000000242e                DMA1_Channel5_IRQHandler
                0x000000000000242e                EXTI4_IRQHandler
                0x000000000000242e                USB_LP_CAN1_RX0_IRQHandler
                0x000000000000242e                RNG_IRQHandler
                0x000000000000242e                USB_HP_CAN1_TX_IRQHandler
                0x000000000000242e                DMA1_Channel3_IRQHandler
                0x000000000000242e                ETH_IRQHandler
                0x000000000000242e                TIM1_UP_IRQHandler
                0x000000000000242e                WWDG_IRQHandler
                0x000000000000242e                USBHSWakeup_IRQHandler
                0x000000000000242e                DMA2_Channel11_IRQHandler
                0x000000000000242e                Ecall_U_Mode_Handler
                0x000000000000242e                DMA2_Channel6_IRQHandler
                0x000000000000242e                SW_Handler
                0x000000000000242e                TIM1_BRK_IRQHandler
                0x000000000000242e                DMA2_Channel10_IRQHandler
                0x000000000000242e                EXTI1_IRQHandler
                0x000000000000242e                RTCAlarm_IRQHandler
                0x000000000000242e                TIM10_UP_IRQHandler
                0x000000000000242e                TIM9_TRG_COM_IRQHandler
                0x000000000000242e                UART7_IRQHandler
                0x000000000000242e                UART6_IRQHandler
                0x000000000000242e                I2C2_ER_IRQHandler
                0x000000000000242e                DMA1_Channel2_IRQHandler
                0x000000000000242e                TIM8_BRK_IRQHandler
                0x000000000000242e                CAN1_SCE_IRQHandler
                0x000000000000242e                FLASH_IRQHandler
                0x000000000000242e                SPI3_IRQHandler
                0x000000000000242e                I2C1_ER_IRQHandler
                0x000000000000242e                USBWakeUp_IRQHandler
                0x000000000000242e                DMA2_Channel3_IRQHandler
 .text.handle_reset
                0x0000000000002430       0x8e ./Startup/startup_ch32v30x_D8C.o
                0x0000000000002430                handle_reset
 .text.ADC_DeInit
                0x00000000000024be       0x40 ./Peripheral/src/ch32v30x_adc.o
                0x00000000000024be                ADC_DeInit
 .text.ADC_Init
                0x00000000000024fe       0x56 ./Peripheral/src/ch32v30x_adc.o
                0x00000000000024fe                ADC_Init
 .text.ADC_Cmd  0x0000000000002554       0x10 ./Peripheral/src/ch32v30x_adc.o
                0x0000000000002554                ADC_Cmd
 .text.ADC_ITConfig
                0x0000000000002564       0x16 ./Peripheral/src/ch32v30x_adc.o
                0x0000000000002564                ADC_ITConfig
 .text.ADC_ResetCalibration
                0x000000000000257a        0xa ./Peripheral/src/ch32v30x_adc.o
                0x000000000000257a                ADC_ResetCalibration
 .text.ADC_GetResetCalibrationStatus
                0x0000000000002584        0x8 ./Peripheral/src/ch32v30x_adc.o
                0x0000000000002584                ADC_GetResetCalibrationStatus
 .text.ADC_StartCalibration
                0x000000000000258c        0xa ./Peripheral/src/ch32v30x_adc.o
                0x000000000000258c                ADC_StartCalibration
 .text.ADC_GetCalibrationStatus
                0x0000000000002596        0x8 ./Peripheral/src/ch32v30x_adc.o
                0x0000000000002596                ADC_GetCalibrationStatus
 .text.ADC_ExternalTrigInjectedConvCmd
                0x000000000000259e       0x14 ./Peripheral/src/ch32v30x_adc.o
                0x000000000000259e                ADC_ExternalTrigInjectedConvCmd
 .text.ADC_InjectedChannelConfig
                0x00000000000025b2       0x7a ./Peripheral/src/ch32v30x_adc.o
                0x00000000000025b2                ADC_InjectedChannelConfig
 .text.ADC_InjectedSequencerLengthConfig
                0x000000000000262c       0x14 ./Peripheral/src/ch32v30x_adc.o
                0x000000000000262c                ADC_InjectedSequencerLengthConfig
 .text.ADC_GetInjectedConversionValue
                0x0000000000002640       0x1c ./Peripheral/src/ch32v30x_adc.o
                0x0000000000002640                ADC_GetInjectedConversionValue
 .text.ADC_GetITStatus
                0x000000000000265c       0x1c ./Peripheral/src/ch32v30x_adc.o
                0x000000000000265c                ADC_GetITStatus
 .text.ADC_ClearITPendingBit
                0x0000000000002678        0xa ./Peripheral/src/ch32v30x_adc.o
                0x0000000000002678                ADC_ClearITPendingBit
 .text.ADC_BufferCmd
                0x0000000000002682       0x18 ./Peripheral/src/ch32v30x_adc.o
                0x0000000000002682                ADC_BufferCmd
 .text.Get_CalibrationValue
                0x000000000000269a      0x134 ./Peripheral/src/ch32v30x_adc.o
                0x000000000000269a                Get_CalibrationValue
 .text.FSMC_NORSRAMInit
                0x00000000000027ce       0xae ./Peripheral/src/ch32v30x_fsmc.o
                0x00000000000027ce                FSMC_NORSRAMInit
 .text.FSMC_NORSRAMCmd
                0x000000000000287c       0x1e ./Peripheral/src/ch32v30x_fsmc.o
                0x000000000000287c                FSMC_NORSRAMCmd
 .text.GPIO_Init
                0x000000000000289a       0xc0 ./Peripheral/src/ch32v30x_gpio.o
                0x000000000000289a                GPIO_Init
 .text.GPIO_ReadInputDataBit
                0x000000000000295a        0xa ./Peripheral/src/ch32v30x_gpio.o
                0x000000000000295a                GPIO_ReadInputDataBit
 .text.GPIO_SetBits
                0x0000000000002964        0x4 ./Peripheral/src/ch32v30x_gpio.o
                0x0000000000002964                GPIO_SetBits
 .text.GPIO_ResetBits
                0x0000000000002968        0x4 ./Peripheral/src/ch32v30x_gpio.o
                0x0000000000002968                GPIO_ResetBits
 .text.GPIO_WriteBit
                0x000000000000296c        0xa ./Peripheral/src/ch32v30x_gpio.o
                0x000000000000296c                GPIO_WriteBit
 .text.GPIO_PinRemapConfig
                0x0000000000002976       0xd6 ./Peripheral/src/ch32v30x_gpio.o
                0x0000000000002976                GPIO_PinRemapConfig
 .text.NVIC_PriorityGroupConfig
                0x0000000000002a4c        0x6 ./Peripheral/src/ch32v30x_misc.o
                0x0000000000002a4c                NVIC_PriorityGroupConfig
 .text.NVIC_Init
                0x0000000000002a52       0x5c ./Peripheral/src/ch32v30x_misc.o
                0x0000000000002a52                NVIC_Init
 .text.RCC_ADCCLKConfig
                0x0000000000002aae       0x12 ./Peripheral/src/ch32v30x_rcc.o
                0x0000000000002aae                RCC_ADCCLKConfig
 .text.RCC_GetClocksFreq
                0x0000000000002ac0      0x180 ./Peripheral/src/ch32v30x_rcc.o
                0x0000000000002ac0                RCC_GetClocksFreq
 .text.RCC_AHBPeriphClockCmd
                0x0000000000002c40       0x1e ./Peripheral/src/ch32v30x_rcc.o
                0x0000000000002c40                RCC_AHBPeriphClockCmd
 .text.RCC_APB2PeriphClockCmd
                0x0000000000002c5e       0x1e ./Peripheral/src/ch32v30x_rcc.o
                0x0000000000002c5e                RCC_APB2PeriphClockCmd
 .text.RCC_APB1PeriphClockCmd
                0x0000000000002c7c       0x1e ./Peripheral/src/ch32v30x_rcc.o
                0x0000000000002c7c                RCC_APB1PeriphClockCmd
 .text.RCC_APB2PeriphResetCmd
                0x0000000000002c9a       0x1e ./Peripheral/src/ch32v30x_rcc.o
                0x0000000000002c9a                RCC_APB2PeriphResetCmd
 .text.TIM_TimeBaseInit
                0x0000000000002cb8       0xaa ./Peripheral/src/ch32v30x_tim.o
                0x0000000000002cb8                TIM_TimeBaseInit
 .text.TIM_OC2Init
                0x0000000000002d62       0xae ./Peripheral/src/ch32v30x_tim.o
                0x0000000000002d62                TIM_OC2Init
 .text.TIM_Cmd  0x0000000000002e10       0x18 ./Peripheral/src/ch32v30x_tim.o
                0x0000000000002e10                TIM_Cmd
 .text.TIM_CtrlPWMOutputs
                0x0000000000002e28       0x16 ./Peripheral/src/ch32v30x_tim.o
                0x0000000000002e28                TIM_CtrlPWMOutputs
 .text.TIM_ITConfig
                0x0000000000002e3e       0x12 ./Peripheral/src/ch32v30x_tim.o
                0x0000000000002e3e                TIM_ITConfig
 .text.TIM_ARRPreloadConfig
                0x0000000000002e50       0x1a ./Peripheral/src/ch32v30x_tim.o
                0x0000000000002e50                TIM_ARRPreloadConfig
 .text.TIM_OC2PreloadConfig
                0x0000000000002e6a       0x16 ./Peripheral/src/ch32v30x_tim.o
                0x0000000000002e6a                TIM_OC2PreloadConfig
 .text.TIM_SelectOutputTrigger
                0x0000000000002e80       0x18 ./Peripheral/src/ch32v30x_tim.o
                0x0000000000002e80                TIM_SelectOutputTrigger
 .text.TIM_GetITStatus
                0x0000000000002e98       0x18 ./Peripheral/src/ch32v30x_tim.o
                0x0000000000002e98                TIM_GetITStatus
 .text.TIM_ClearITPendingBit
                0x0000000000002eb0        0xc ./Peripheral/src/ch32v30x_tim.o
                0x0000000000002eb0                TIM_ClearITPendingBit
 .text.USART_Init
                0x0000000000002ebc       0x90 ./Peripheral/src/ch32v30x_usart.o
                0x0000000000002ebc                USART_Init
 .text.USART_Cmd
                0x0000000000002f4c       0x16 ./Peripheral/src/ch32v30x_usart.o
                0x0000000000002f4c                USART_Cmd
 .text.USART_ITConfig
                0x0000000000002f62       0x36 ./Peripheral/src/ch32v30x_usart.o
                0x0000000000002f62                USART_ITConfig
 .text.USART_SendData
                0x0000000000002f98        0x8 ./Peripheral/src/ch32v30x_usart.o
                0x0000000000002f98                USART_SendData
 .text.USART_ReceiveData
                0x0000000000002fa0        0x8 ./Peripheral/src/ch32v30x_usart.o
                0x0000000000002fa0                USART_ReceiveData
 .text.USART_GetITStatus
                0x0000000000002fa8       0x3c ./Peripheral/src/ch32v30x_usart.o
                0x0000000000002fa8                USART_GetITStatus
 .text.screen_event_handler
                0x0000000000002fe4       0x52 ./Gui/my_design/generated/events_init.o
 .text.events_init_screen
                0x0000000000003036       0x16 ./Gui/my_design/generated/events_init.o
                0x0000000000003036                events_init_screen
 .text.events_init
                0x000000000000304c        0x2 ./Gui/my_design/generated/events_init.o
                0x000000000000304c                events_init
 .text.setup_ui
                0x000000000000304e       0x3e ./Gui/my_design/generated/gui_guider.o
                0x000000000000304e                setup_ui
 .text.kb_event_cb
                0x000000000000308c       0x24 ./Gui/my_design/generated/setup_scr_screen.o
 .text.setup_scr_screen
                0x00000000000030b0       0xf0 ./Gui/my_design/generated/setup_scr_screen.o
                0x00000000000030b0                setup_scr_screen
 .text.lv_color_hex
                0x00000000000031a0       0x1e ./Gui/my_design/generated/setup_scr_screen_1.o
 .text.kb_event_cb
                0x00000000000031be       0x24 ./Gui/my_design/generated/setup_scr_screen_1.o
 .text.text_area_event_cb
                0x00000000000031e2       0x56 ./Gui/my_design/generated/setup_scr_screen_1.o
 .text.setup_scr_screen_1
                0x0000000000003238      0x64e ./Gui/my_design/generated/setup_scr_screen_1.o
                0x0000000000003238                setup_scr_screen_1
 .text.lv_area_get_width
                0x0000000000003886       0x10 ./Gui/lvgl/src/lv_widgets/lv_bar.o
 .text.lv_area_get_height
                0x0000000000003896       0x10 ./Gui/lvgl/src/lv_widgets/lv_bar.o
 .text.lv_bar_anim_ready
                0x00000000000038a6       0x34 ./Gui/lvgl/src/lv_widgets/lv_bar.o
 .text.lv_bar_anim
                0x00000000000038da       0x10 ./Gui/lvgl/src/lv_widgets/lv_bar.o
 .text.lv_bar_set_value_with_anim.part.6
                0x00000000000038ea       0x6e ./Gui/lvgl/src/lv_widgets/lv_bar.o
 .text.lv_bar_signal
                0x0000000000003958      0x136 ./Gui/lvgl/src/lv_widgets/lv_bar.o
 .text.lv_bar_design
                0x0000000000003a8e      0x5f2 ./Gui/lvgl/src/lv_widgets/lv_bar.o
 .text.lv_bar_set_value
                0x0000000000004080       0x8e ./Gui/lvgl/src/lv_widgets/lv_bar.o
                0x0000000000004080                lv_bar_set_value
 .text.lv_bar_create
                0x000000000000410e      0x150 ./Gui/lvgl/src/lv_widgets/lv_bar.o
                0x000000000000410e                lv_bar_create
 .text.lv_bar_set_anim_time
                0x000000000000425e       0x2c ./Gui/lvgl/src/lv_widgets/lv_bar.o
                0x000000000000425e                lv_bar_set_anim_time
 .text.lv_bar_get_type
                0x000000000000428a       0x30 ./Gui/lvgl/src/lv_widgets/lv_bar.o
                0x000000000000428a                lv_bar_get_type
 .text.lv_bar_set_range
                0x00000000000042ba       0x88 ./Gui/lvgl/src/lv_widgets/lv_bar.o
                0x00000000000042ba                lv_bar_set_range
 .text.lv_area_copy
                0x0000000000004342       0x18 ./Gui/lvgl/src/lv_widgets/lv_btnmatrix.o
 .text.invalidate_button_area
                0x000000000000435a       0x58 ./Gui/lvgl/src/lv_widgets/lv_btnmatrix.o
 .text.get_button_from_point
                0x00000000000043b2      0x17c ./Gui/lvgl/src/lv_widgets/lv_btnmatrix.o
 .text.lv_btnmatrix_set_map
                0x000000000000452e      0x390 ./Gui/lvgl/src/lv_widgets/lv_btnmatrix.o
                0x000000000000452e                lv_btnmatrix_set_map
 .text.lv_btnmatrix_set_ctrl_map
                0x00000000000048be       0x48 ./Gui/lvgl/src/lv_widgets/lv_btnmatrix.o
                0x00000000000048be                lv_btnmatrix_set_ctrl_map
 .text.lv_btnmatrix_create
                0x0000000000004906      0x110 ./Gui/lvgl/src/lv_widgets/lv_btnmatrix.o
                0x0000000000004906                lv_btnmatrix_create
 .text.lv_btnmatrix_clear_btn_ctrl
                0x0000000000004a16       0x54 ./Gui/lvgl/src/lv_widgets/lv_btnmatrix.o
                0x0000000000004a16                lv_btnmatrix_clear_btn_ctrl
 .text.lv_btnmatrix_clear_btn_ctrl_all
                0x0000000000004a6a       0x48 ./Gui/lvgl/src/lv_widgets/lv_btnmatrix.o
                0x0000000000004a6a                lv_btnmatrix_clear_btn_ctrl_all
 .text.lv_btnmatrix_set_btn_ctrl
                0x0000000000004ab2       0x6a ./Gui/lvgl/src/lv_widgets/lv_btnmatrix.o
                0x0000000000004ab2                lv_btnmatrix_set_btn_ctrl
 .text.lv_btnmatrix_get_active_btn
                0x0000000000004b1c       0x2e ./Gui/lvgl/src/lv_widgets/lv_btnmatrix.o
                0x0000000000004b1c                lv_btnmatrix_get_active_btn
 .text.lv_btnmatrix_get_btn_text
                0x0000000000004b4a       0x86 ./Gui/lvgl/src/lv_widgets/lv_btnmatrix.o
                0x0000000000004b4a                lv_btnmatrix_get_btn_text
 .text.lv_btnmatrix_get_active_btn_text
                0x0000000000004bd0       0x3a ./Gui/lvgl/src/lv_widgets/lv_btnmatrix.o
                0x0000000000004bd0                lv_btnmatrix_get_active_btn_text
 .text.lv_btnmatrix_get_btn_ctrl
                0x0000000000004c0a       0x44 ./Gui/lvgl/src/lv_widgets/lv_btnmatrix.o
                0x0000000000004c0a                lv_btnmatrix_get_btn_ctrl
 .text.make_one_button_toggled
                0x0000000000004c4e       0x30 ./Gui/lvgl/src/lv_widgets/lv_btnmatrix.o
 .text.lv_btnmatrix_signal
                0x0000000000004c7e      0x510 ./Gui/lvgl/src/lv_widgets/lv_btnmatrix.o
 .text.lv_btnmatrix_get_align
                0x000000000000518e       0x3a ./Gui/lvgl/src/lv_widgets/lv_btnmatrix.o
                0x000000000000518e                lv_btnmatrix_get_align
 .text.lv_btnmatrix_design.part.10
                0x00000000000051c8      0x3c4 ./Gui/lvgl/src/lv_widgets/lv_btnmatrix.o
 .text.lv_btnmatrix_design
                0x000000000000558c       0x30 ./Gui/lvgl/src/lv_widgets/lv_btnmatrix.o
 .text.lv_area_copy
                0x00000000000055bc       0x18 ./Gui/lvgl/src/lv_widgets/lv_cont.o
 .text.lv_cont_refr_autofit
                0x00000000000055d4      0x372 ./Gui/lvgl/src/lv_widgets/lv_cont.o
 .text.lv_cont_create
                0x0000000000005946      0x100 ./Gui/lvgl/src/lv_widgets/lv_cont.o
                0x0000000000005946                lv_cont_create
 .text.lv_cont_set_fit4
                0x0000000000005a46       0x96 ./Gui/lvgl/src/lv_widgets/lv_cont.o
                0x0000000000005a46                lv_cont_set_fit4
 .text.lv_cont_get_layout
                0x0000000000005adc       0x30 ./Gui/lvgl/src/lv_widgets/lv_cont.o
                0x0000000000005adc                lv_cont_get_layout
 .text.lv_cont_refr_layout
                0x0000000000005b0c      0x696 ./Gui/lvgl/src/lv_widgets/lv_cont.o
 .text.lv_cont_signal
                0x00000000000061a2       0xb0 ./Gui/lvgl/src/lv_widgets/lv_cont.o
 .text.lv_cont_get_fit_left
                0x0000000000006252       0x32 ./Gui/lvgl/src/lv_widgets/lv_cont.o
                0x0000000000006252                lv_cont_get_fit_left
 .text.lv_cont_get_fit_right
                0x0000000000006284       0x30 ./Gui/lvgl/src/lv_widgets/lv_cont.o
                0x0000000000006284                lv_cont_get_fit_right
 .text.lv_cont_get_fit_top
                0x00000000000062b4       0x30 ./Gui/lvgl/src/lv_widgets/lv_cont.o
                0x00000000000062b4                lv_cont_get_fit_top
 .text.lv_img_design
                0x00000000000062e4      0x59a ./Gui/lvgl/src/lv_widgets/lv_img.o
 .text.lv_img_set_pivot
                0x000000000000687e       0xe0 ./Gui/lvgl/src/lv_widgets/lv_img.o
                0x000000000000687e                lv_img_set_pivot
 .text.lv_img_set_angle
                0x000000000000695e       0xf6 ./Gui/lvgl/src/lv_widgets/lv_img.o
                0x000000000000695e                lv_img_set_angle
 .text.lv_img_get_auto_size
                0x0000000000006a54       0x32 ./Gui/lvgl/src/lv_widgets/lv_img.o
                0x0000000000006a54                lv_img_get_auto_size
 .text.lv_img_set_src
                0x0000000000006a86      0x1be ./Gui/lvgl/src/lv_widgets/lv_img.o
                0x0000000000006a86                lv_img_set_src
 .text.lv_img_create
                0x0000000000006c44      0x142 ./Gui/lvgl/src/lv_widgets/lv_img.o
                0x0000000000006c44                lv_img_create
 .text.lv_img_signal
                0x0000000000006d86      0x2a6 ./Gui/lvgl/src/lv_widgets/lv_img.o
 .text.lv_keyboard_signal
                0x000000000000702c       0x74 ./Gui/lvgl/src/lv_widgets/lv_keyboard.o
 .text.lv_keyboard_create
                0x00000000000070a0      0x168 ./Gui/lvgl/src/lv_widgets/lv_keyboard.o
                0x00000000000070a0                lv_keyboard_create
 .text.lv_keyboard_set_textarea
                0x0000000000007208       0x6e ./Gui/lvgl/src/lv_widgets/lv_keyboard.o
                0x0000000000007208                lv_keyboard_set_textarea
 .text.lv_keyboard_def_event_cb
                0x0000000000007276      0x268 ./Gui/lvgl/src/lv_widgets/lv_keyboard.o
                0x0000000000007276                lv_keyboard_def_event_cb
 .text.lv_label_dot_tmp_free
                0x00000000000074de       0x2a ./Gui/lvgl/src/lv_widgets/lv_label.o
 .text.lv_label_revert_dots
                0x0000000000007508       0x72 ./Gui/lvgl/src/lv_widgets/lv_label.o
 .text.lv_label_set_dot_tmp
                0x000000000000757a       0x64 ./Gui/lvgl/src/lv_widgets/lv_label.o
 .text.lv_label_set_offset_y
                0x00000000000075de       0x1e ./Gui/lvgl/src/lv_widgets/lv_label.o
 .text.lv_label_set_offset_x
                0x00000000000075fc       0x1e ./Gui/lvgl/src/lv_widgets/lv_label.o
 .text.get_txt_coords
                0x000000000000761a       0x5e ./Gui/lvgl/src/lv_widgets/lv_label.o
 .text.lv_label_set_align
                0x0000000000007678       0x48 ./Gui/lvgl/src/lv_widgets/lv_label.o
                0x0000000000007678                lv_label_set_align
 .text.lv_label_get_text
                0x00000000000076c0       0x2e ./Gui/lvgl/src/lv_widgets/lv_label.o
                0x00000000000076c0                lv_label_get_text
 .text.lv_label_get_long_mode
                0x00000000000076ee       0x30 ./Gui/lvgl/src/lv_widgets/lv_label.o
                0x00000000000076ee                lv_label_get_long_mode
 .text.lv_label_get_align
                0x000000000000771e       0x3a ./Gui/lvgl/src/lv_widgets/lv_label.o
                0x000000000000771e                lv_label_get_align
 .text.lv_label_get_recolor
                0x0000000000007758       0x32 ./Gui/lvgl/src/lv_widgets/lv_label.o
                0x0000000000007758                lv_label_get_recolor
 .text.lv_label_get_letter_pos
                0x000000000000778a      0x226 ./Gui/lvgl/src/lv_widgets/lv_label.o
                0x000000000000778a                lv_label_get_letter_pos
 .text.lv_label_get_letter_on
                0x00000000000079b0      0x25a ./Gui/lvgl/src/lv_widgets/lv_label.o
                0x00000000000079b0                lv_label_get_letter_on
 .text.lv_label_get_text_sel_start
                0x0000000000007c0a       0x2a ./Gui/lvgl/src/lv_widgets/lv_label.o
                0x0000000000007c0a                lv_label_get_text_sel_start
 .text.lv_label_get_text_sel_end
                0x0000000000007c34       0x2a ./Gui/lvgl/src/lv_widgets/lv_label.o
                0x0000000000007c34                lv_label_get_text_sel_end
 .text.lv_label_design
                0x0000000000007c5e      0x220 ./Gui/lvgl/src/lv_widgets/lv_label.o
 .text.lv_label_refr_text
                0x0000000000007e7e      0x4b6 ./Gui/lvgl/src/lv_widgets/lv_label.o
                0x0000000000007e7e                lv_label_refr_text
 .text.lv_label_signal
                0x0000000000008334       0xcc ./Gui/lvgl/src/lv_widgets/lv_label.o
 .text.lv_label_set_text
                0x0000000000008400       0xd8 ./Gui/lvgl/src/lv_widgets/lv_label.o
                0x0000000000008400                lv_label_set_text
 .text.lv_label_ins_text
                0x00000000000084d8       0xb2 ./Gui/lvgl/src/lv_widgets/lv_label.o
                0x00000000000084d8                lv_label_ins_text
 .text.lv_label_set_text_static
                0x000000000000858a       0x54 ./Gui/lvgl/src/lv_widgets/lv_label.o
                0x000000000000858a                lv_label_set_text_static
 .text.lv_label_set_long_mode
                0x00000000000085de       0xae ./Gui/lvgl/src/lv_widgets/lv_label.o
                0x00000000000085de                lv_label_set_long_mode
 .text.lv_label_set_recolor
                0x000000000000868c       0x48 ./Gui/lvgl/src/lv_widgets/lv_label.o
                0x000000000000868c                lv_label_set_recolor
 .text.lv_label_create
                0x00000000000086d4      0x1e4 ./Gui/lvgl/src/lv_widgets/lv_label.o
                0x00000000000086d4                lv_label_create
 .text.get_edge_flash_area
                0x00000000000088b8       0xf6 ./Gui/lvgl/src/lv_widgets/lv_page.o
 .text.lv_obj_get_style_pad_right
                0x00000000000089ae        0xe ./Gui/lvgl/src/lv_widgets/lv_page.o
 .text.lv_obj_get_style_pad_bottom
                0x00000000000089bc        0xe ./Gui/lvgl/src/lv_widgets/lv_page.o
 .text.refr_ext_draw_pad
                0x00000000000089ca       0x36 ./Gui/lvgl/src/lv_widgets/lv_page.o
 .text.edge_flash_anim_end
                0x0000000000008a00       0x30 ./Gui/lvgl/src/lv_widgets/lv_page.o
 .text.edge_flash_anim
                0x0000000000008a30       0x2a ./Gui/lvgl/src/lv_widgets/lv_page.o
 .text.scrl_def_event_cb
                0x0000000000008a5a       0x2a ./Gui/lvgl/src/lv_widgets/lv_page.o
 .text.lv_obj_get_style_pad_top.constprop.17
                0x0000000000008a84       0x10 ./Gui/lvgl/src/lv_widgets/lv_page.o
 .text.lv_area_copy
                0x0000000000008a94       0x18 ./Gui/lvgl/src/lv_widgets/lv_page.o
 .text.lv_page_design
                0x0000000000008aac      0x13e ./Gui/lvgl/src/lv_widgets/lv_page.o
 .text.scrlbar_refresh
                0x0000000000008bea      0x432 ./Gui/lvgl/src/lv_widgets/lv_page.o
 .text.lv_page_set_scrollbar_mode
                0x000000000000901c       0x82 ./Gui/lvgl/src/lv_widgets/lv_page.o
                0x000000000000901c                lv_page_set_scrollbar_mode
 .text.lv_page_create
                0x000000000000909e      0x1a2 ./Gui/lvgl/src/lv_widgets/lv_page.o
                0x000000000000909e                lv_page_create
 .text.lv_page_set_edge_flash
                0x0000000000009240       0x38 ./Gui/lvgl/src/lv_widgets/lv_page.o
                0x0000000000009240                lv_page_set_edge_flash
 .text.lv_page_get_scrollable
                0x0000000000009278       0x2e ./Gui/lvgl/src/lv_widgets/lv_page.o
                0x0000000000009278                lv_page_get_scrollable
 .text.lv_page_get_anim_time
                0x00000000000092a6       0x2e ./Gui/lvgl/src/lv_widgets/lv_page.o
                0x00000000000092a6                lv_page_get_anim_time
 .text.lv_page_get_edge_flash
                0x00000000000092d4       0x32 ./Gui/lvgl/src/lv_widgets/lv_page.o
                0x00000000000092d4                lv_page_get_edge_flash
 .text.lv_page_get_width_fit
                0x0000000000009306       0x70 ./Gui/lvgl/src/lv_widgets/lv_page.o
                0x0000000000009306                lv_page_get_width_fit
 .text.lv_page_on_edge
                0x0000000000009376       0xa6 ./Gui/lvgl/src/lv_widgets/lv_page.o
                0x0000000000009376                lv_page_on_edge
 .text.lv_page_scroll_hor
                0x000000000000941c       0x52 ./Gui/lvgl/src/lv_widgets/lv_page.o
                0x000000000000941c                lv_page_scroll_hor
 .text.lv_page_scroll_ver
                0x000000000000946e       0x52 ./Gui/lvgl/src/lv_widgets/lv_page.o
                0x000000000000946e                lv_page_scroll_ver
 .text.lv_page_signal
                0x00000000000094c0      0x358 ./Gui/lvgl/src/lv_widgets/lv_page.o
 .text.lv_page_start_edge_flash
                0x0000000000009818       0xac ./Gui/lvgl/src/lv_widgets/lv_page.o
                0x0000000000009818                lv_page_start_edge_flash
 .text.scrl_reposition
                0x00000000000098c4      0x15c ./Gui/lvgl/src/lv_widgets/lv_page.o
 .text.lv_page_scrollable_signal
                0x0000000000009a20      0x316 ./Gui/lvgl/src/lv_widgets/lv_page.o
 .text.pwd_char_hider_anim
                0x0000000000009d36        0x2 ./Gui/lvgl/src/lv_widgets/lv_textarea.o
 .text.lv_page_set_scrollable_fit2
                0x0000000000009d38       0x20 ./Gui/lvgl/src/lv_widgets/lv_textarea.o
 .text.lv_textarea_design
                0x0000000000009d58       0x34 ./Gui/lvgl/src/lv_widgets/lv_textarea.o
 .text.lv_area_copy
                0x0000000000009d8c       0x18 ./Gui/lvgl/src/lv_widgets/lv_textarea.o
 .text.cursor_blink_anim
                0x0000000000009da4       0x66 ./Gui/lvgl/src/lv_widgets/lv_textarea.o
 .text.lv_anim_set_path
                0x0000000000009e0a       0x16 ./Gui/lvgl/src/lv_widgets/lv_textarea.o
 .text.lv_textarea_scrollable_design
                0x0000000000009e20      0x172 ./Gui/lvgl/src/lv_widgets/lv_textarea.o
 .text.lv_textarea_set_placeholder_text
                0x0000000000009f92       0x9c ./Gui/lvgl/src/lv_widgets/lv_textarea.o
                0x0000000000009f92                lv_textarea_set_placeholder_text
 .text.lv_textarea_get_text
                0x000000000000a02e       0x3e ./Gui/lvgl/src/lv_widgets/lv_textarea.o
                0x000000000000a02e                lv_textarea_get_text
 .text.lv_textarea_get_label
                0x000000000000a06c       0x2e ./Gui/lvgl/src/lv_widgets/lv_textarea.o
                0x000000000000a06c                lv_textarea_get_label
 .text.lv_textarea_get_cursor_pos
                0x000000000000a09a       0x2e ./Gui/lvgl/src/lv_widgets/lv_textarea.o
                0x000000000000a09a                lv_textarea_get_cursor_pos
 .text.refr_cursor_area
                0x000000000000a0c8      0x1d6 ./Gui/lvgl/src/lv_widgets/lv_textarea.o
 .text.pwd_char_hider
                0x000000000000a29e       0xae ./Gui/lvgl/src/lv_widgets/lv_textarea.o
 .text.pwd_char_hider_anim_ready
                0x000000000000a34c        0xe ./Gui/lvgl/src/lv_widgets/lv_textarea.o
 .text.lv_textarea_set_cursor_pos
                0x000000000000a35a      0x1c6 ./Gui/lvgl/src/lv_widgets/lv_textarea.o
                0x000000000000a35a                lv_textarea_set_cursor_pos
 .text.update_cursor_position_on_click
                0x000000000000a520       0xac ./Gui/lvgl/src/lv_widgets/lv_textarea.o
 .text.lv_textarea_scrollable_signal
                0x000000000000a5cc       0xfc ./Gui/lvgl/src/lv_widgets/lv_textarea.o
 .text.lv_textarea_set_cursor_hidden
                0x000000000000a6c8       0x40 ./Gui/lvgl/src/lv_widgets/lv_textarea.o
                0x000000000000a6c8                lv_textarea_set_cursor_hidden
 .text.lv_textarea_set_text_align
                0x000000000000a708       0x88 ./Gui/lvgl/src/lv_widgets/lv_textarea.o
                0x000000000000a708                lv_textarea_set_text_align
 .text.lv_textarea_set_one_line
                0x000000000000a790      0x102 ./Gui/lvgl/src/lv_widgets/lv_textarea.o
                0x000000000000a790                lv_textarea_set_one_line
 .text.lv_textarea_create
                0x000000000000a892      0x2d6 ./Gui/lvgl/src/lv_widgets/lv_textarea.o
                0x000000000000a892                lv_textarea_create
 .text.lv_textarea_get_one_line
                0x000000000000ab68       0x34 ./Gui/lvgl/src/lv_widgets/lv_textarea.o
                0x000000000000ab68                lv_textarea_get_one_line
 .text.lv_textarea_get_accepted_chars
                0x000000000000ab9c       0x2e ./Gui/lvgl/src/lv_widgets/lv_textarea.o
                0x000000000000ab9c                lv_textarea_get_accepted_chars
 .text.lv_textarea_get_max_length
                0x000000000000abca       0x2e ./Gui/lvgl/src/lv_widgets/lv_textarea.o
                0x000000000000abca                lv_textarea_get_max_length
 .text.lv_textarea_clear_selection
                0x000000000000abf8       0x26 ./Gui/lvgl/src/lv_widgets/lv_textarea.o
                0x000000000000abf8                lv_textarea_clear_selection
 .text.lv_textarea_add_text
                0x000000000000ac1e      0x1a2 ./Gui/lvgl/src/lv_widgets/lv_textarea.o
                0x000000000000ac1e                lv_textarea_add_text
 .text.insert_handler
                0x000000000000adc0       0x42 ./Gui/lvgl/src/lv_widgets/lv_textarea.o
 .text.lv_textarea_add_char
                0x000000000000ae02      0x1be ./Gui/lvgl/src/lv_widgets/lv_textarea.o
                0x000000000000ae02                lv_textarea_add_char
 .text.lv_textarea_del_char
                0x000000000000afc0      0x112 ./Gui/lvgl/src/lv_widgets/lv_textarea.o
                0x000000000000afc0                lv_textarea_del_char
 .text.lv_textarea_del_char_forward
                0x000000000000b0d2       0x44 ./Gui/lvgl/src/lv_widgets/lv_textarea.o
                0x000000000000b0d2                lv_textarea_del_char_forward
 .text.lv_textarea_set_text
                0x000000000000b116      0x198 ./Gui/lvgl/src/lv_widgets/lv_textarea.o
                0x000000000000b116                lv_textarea_set_text
 .text.lv_textarea_cursor_right
                0x000000000000b2ae       0x32 ./Gui/lvgl/src/lv_widgets/lv_textarea.o
                0x000000000000b2ae                lv_textarea_cursor_right
 .text.lv_textarea_cursor_left
                0x000000000000b2e0       0x34 ./Gui/lvgl/src/lv_widgets/lv_textarea.o
                0x000000000000b2e0                lv_textarea_cursor_left
 .text.lv_textarea_cursor_down
                0x000000000000b314       0x94 ./Gui/lvgl/src/lv_widgets/lv_textarea.o
                0x000000000000b314                lv_textarea_cursor_down
 .text.lv_textarea_cursor_up
                0x000000000000b3a8       0x8a ./Gui/lvgl/src/lv_widgets/lv_textarea.o
                0x000000000000b3a8                lv_textarea_cursor_up
 .text.lv_textarea_signal
                0x000000000000b432      0x28c ./Gui/lvgl/src/lv_widgets/lv_textarea.o
 .text.apply_theme
                0x000000000000b6be       0x2e ./Gui/lvgl/src/lv_themes/lv_theme.o
 .text.lv_theme_set_act
                0x000000000000b6ec        0x6 ./Gui/lvgl/src/lv_themes/lv_theme.o
                0x000000000000b6ec                lv_theme_set_act
 .text.lv_theme_apply
                0x000000000000b6f2      0x122 ./Gui/lvgl/src/lv_themes/lv_theme.o
                0x000000000000b6f2                lv_theme_apply
 .text.lv_theme_get_font_normal
                0x000000000000b814        0x8 ./Gui/lvgl/src/lv_themes/lv_theme.o
                0x000000000000b814                lv_theme_get_font_normal
 .text.lv_color_mix
                0x000000000000b81c       0x84 ./Gui/lvgl/src/lv_themes/lv_theme_material.o
 .text.lv_color_hex3
                0x000000000000b8a0       0x3a ./Gui/lvgl/src/lv_themes/lv_theme_material.o
 .text.theme_apply
                0x000000000000b8da      0x66c ./Gui/lvgl/src/lv_themes/lv_theme_material.o
 .text.lv_color_hex
                0x000000000000bf46       0x1e ./Gui/lvgl/src/lv_themes/lv_theme_material.o
 .text.gauge_init
                0x000000000000bf64      0x496 ./Gui/lvgl/src/lv_themes/lv_theme_material.o
 .text.calendar_init
                0x000000000000c3fa      0x5ae ./Gui/lvgl/src/lv_themes/lv_theme_material.o
 .text.list_init
                0x000000000000c9a8      0x66a ./Gui/lvgl/src/lv_themes/lv_theme_material.o
 .text.basic_init
                0x000000000000d012     0x10a4 ./Gui/lvgl/src/lv_themes/lv_theme_material.o
 .text.lv_theme_material_init
                0x000000000000e0b6     0x2018 ./Gui/lvgl/src/lv_themes/lv_theme_material.o
                0x000000000000e0b6                lv_theme_material_init
 .text.lv_anim_path_linear
                0x00000000000100ce       0x2c ./Gui/lvgl/src/lv_misc/lv_anim.o
                0x00000000000100ce                lv_anim_path_linear
 .text.anim_mark_list_change
                0x00000000000100fa       0x26 ./Gui/lvgl/src/lv_misc/lv_anim.o
 .text.anim_task
                0x0000000000010120      0x16e ./Gui/lvgl/src/lv_misc/lv_anim.o
 .text._lv_anim_core_init
                0x000000000001028e       0x32 ./Gui/lvgl/src/lv_misc/lv_anim.o
                0x000000000001028e                _lv_anim_core_init
 .text.lv_anim_init
                0x00000000000102c0       0x4c ./Gui/lvgl/src/lv_misc/lv_anim.o
                0x00000000000102c0                lv_anim_init
 .text.lv_anim_del
                0x000000000001030c       0x52 ./Gui/lvgl/src/lv_misc/lv_anim.o
                0x000000000001030c                lv_anim_del
 .text.lv_anim_start
                0x000000000001035e       0x92 ./Gui/lvgl/src/lv_misc/lv_anim.o
                0x000000000001035e                lv_anim_start
 .text.lv_anim_get
                0x00000000000103f0       0x2e ./Gui/lvgl/src/lv_misc/lv_anim.o
                0x00000000000103f0                lv_anim_get
 .text.lv_anim_speed_to_time
                0x000000000001041e       0x22 ./Gui/lvgl/src/lv_misc/lv_anim.o
                0x000000000001041e                lv_anim_speed_to_time
 .text.lv_anim_path_step
                0x0000000000010440       0x14 ./Gui/lvgl/src/lv_misc/lv_anim.o
                0x0000000000010440                lv_anim_path_step
 .text.lv_point_within_circle
                0x0000000000010454       0x46 ./Gui/lvgl/src/lv_misc/lv_area.o
 .text.lv_area_set
                0x000000000001049a        0xa ./Gui/lvgl/src/lv_misc/lv_area.o
                0x000000000001049a                lv_area_set
 .text.lv_area_set_width
                0x00000000000104a4        0xa ./Gui/lvgl/src/lv_misc/lv_area.o
                0x00000000000104a4                lv_area_set_width
 .text.lv_area_set_height
                0x00000000000104ae        0xa ./Gui/lvgl/src/lv_misc/lv_area.o
                0x00000000000104ae                lv_area_set_height
 .text._lv_area_set_pos
                0x00000000000104b8       0x1e ./Gui/lvgl/src/lv_misc/lv_area.o
                0x00000000000104b8                _lv_area_set_pos
 .text.lv_area_get_size
                0x00000000000104d6       0x1e ./Gui/lvgl/src/lv_misc/lv_area.o
                0x00000000000104d6                lv_area_get_size
 .text._lv_area_intersect
                0x00000000000104f4       0x94 ./Gui/lvgl/src/lv_misc/lv_area.o
                0x00000000000104f4                _lv_area_intersect
 .text._lv_area_join
                0x0000000000010588       0x68 ./Gui/lvgl/src/lv_misc/lv_area.o
                0x0000000000010588                _lv_area_join
 .text._lv_area_is_point_on
                0x00000000000105f0      0x14e ./Gui/lvgl/src/lv_misc/lv_area.o
                0x00000000000105f0                _lv_area_is_point_on
 .text._lv_area_is_on
                0x000000000001073e       0x3e ./Gui/lvgl/src/lv_misc/lv_area.o
                0x000000000001073e                _lv_area_is_on
 .text._lv_area_is_in
                0x000000000001077c       0x8a ./Gui/lvgl/src/lv_misc/lv_area.o
                0x000000000001077c                _lv_area_is_in
 .text._lv_area_align
                0x0000000000010806      0x212 ./Gui/lvgl/src/lv_misc/lv_area.o
                0x0000000000010806                _lv_area_align
 .text.lv_color_mix
                0x0000000000010a18       0x84 ./Gui/lvgl/src/lv_misc/lv_color.o
 .text.lv_color_fill
                0x0000000000010a9c       0x46 ./Gui/lvgl/src/lv_misc/lv_color.o
                0x0000000000010a9c                lv_color_fill
 .text.lv_color_lighten
                0x0000000000010ae2       0x14 ./Gui/lvgl/src/lv_misc/lv_color.o
                0x0000000000010ae2                lv_color_lighten
 .text.lv_color_darken
                0x0000000000010af6       0x12 ./Gui/lvgl/src/lv_misc/lv_color.o
                0x0000000000010af6                lv_color_darken
 .text.lv_debug_check_null
                0x0000000000010b08        0x6 ./Gui/lvgl/src/lv_misc/lv_debug.o
                0x0000000000010b08                lv_debug_check_null
 .text.lv_debug_log_error
                0x0000000000010b0e       0x24 ./Gui/lvgl/src/lv_misc/lv_debug.o
                0x0000000000010b0e                lv_debug_log_error
 .text.lv_fs_get_real_path
                0x0000000000010b32       0x26 ./Gui/lvgl/src/lv_misc/lv_fs.o
 .text._lv_fs_init
                0x0000000000010b58       0x12 ./Gui/lvgl/src/lv_misc/lv_fs.o
                0x0000000000010b58                _lv_fs_init
 .text.lv_fs_close
                0x0000000000010b6a       0x2a ./Gui/lvgl/src/lv_misc/lv_fs.o
                0x0000000000010b6a                lv_fs_close
 .text.lv_fs_read
                0x0000000000010b94       0x40 ./Gui/lvgl/src/lv_misc/lv_fs.o
                0x0000000000010b94                lv_fs_read
 .text.lv_fs_seek
                0x0000000000010bd4       0x22 ./Gui/lvgl/src/lv_misc/lv_fs.o
                0x0000000000010bd4                lv_fs_seek
 .text.lv_fs_get_drv
                0x0000000000010bf6       0x24 ./Gui/lvgl/src/lv_misc/lv_fs.o
                0x0000000000010bf6                lv_fs_get_drv
 .text.lv_fs_open
                0x0000000000010c1a       0xb2 ./Gui/lvgl/src/lv_misc/lv_fs.o
                0x0000000000010c1a                lv_fs_open
 .text.lv_fs_get_ext
                0x0000000000010ccc       0x42 ./Gui/lvgl/src/lv_misc/lv_fs.o
                0x0000000000010ccc                lv_fs_get_ext
 .text.node_set_prev.isra.0
                0x0000000000010d0e        0xa ./Gui/lvgl/src/lv_misc/lv_ll.o
 .text.node_set_next.isra.1
                0x0000000000010d18        0xa ./Gui/lvgl/src/lv_misc/lv_ll.o
 .text._lv_ll_init
                0x0000000000010d22       0x10 ./Gui/lvgl/src/lv_misc/lv_ll.o
                0x0000000000010d22                _lv_ll_init
 .text._lv_ll_ins_head
                0x0000000000010d32       0x3e ./Gui/lvgl/src/lv_misc/lv_ll.o
                0x0000000000010d32                _lv_ll_ins_head
 .text._lv_ll_ins_tail
                0x0000000000010d70       0x3e ./Gui/lvgl/src/lv_misc/lv_ll.o
                0x0000000000010d70                _lv_ll_ins_tail
 .text._lv_ll_get_head
                0x0000000000010dae        0xa ./Gui/lvgl/src/lv_misc/lv_ll.o
                0x0000000000010dae                _lv_ll_get_head
 .text._lv_ll_get_tail
                0x0000000000010db8        0xa ./Gui/lvgl/src/lv_misc/lv_ll.o
                0x0000000000010db8                _lv_ll_get_tail
 .text._lv_ll_get_next
                0x0000000000010dc2        0xe ./Gui/lvgl/src/lv_misc/lv_ll.o
                0x0000000000010dc2                _lv_ll_get_next
 .text._lv_ll_get_prev
                0x0000000000010dd0        0xe ./Gui/lvgl/src/lv_misc/lv_ll.o
                0x0000000000010dd0                _lv_ll_get_prev
 .text._lv_ll_ins_prev
                0x0000000000010dde       0x5e ./Gui/lvgl/src/lv_misc/lv_ll.o
                0x0000000000010dde                _lv_ll_ins_prev
 .text._lv_ll_remove
                0x0000000000010e3c       0x74 ./Gui/lvgl/src/lv_misc/lv_ll.o
                0x0000000000010e3c                _lv_ll_remove
 .text._lv_ll_chg_list
                0x0000000000010eb0       0x6e ./Gui/lvgl/src/lv_misc/lv_ll.o
                0x0000000000010eb0                _lv_ll_chg_list
 .text._lv_ll_get_len
                0x0000000000010f1e       0x22 ./Gui/lvgl/src/lv_misc/lv_ll.o
                0x0000000000010f1e                _lv_ll_get_len
 .text._lv_ll_move_before
                0x0000000000010f40       0x68 ./Gui/lvgl/src/lv_misc/lv_ll.o
                0x0000000000010f40                _lv_ll_move_before
 .text._lv_ll_is_empty
                0x0000000000010fa8       0x14 ./Gui/lvgl/src/lv_misc/lv_ll.o
                0x0000000000010fa8                _lv_ll_is_empty
 .text._lv_trigo_sin
                0x0000000000010fbc       0x7e ./Gui/lvgl/src/lv_misc/lv_math.o
                0x0000000000010fbc                _lv_trigo_sin
 .text._lv_sqrt
                0x000000000001103a       0x26 ./Gui/lvgl/src/lv_misc/lv_math.o
                0x000000000001103a                _lv_sqrt
 .text._lv_map  0x0000000000011060       0x26 ./Gui/lvgl/src/lv_misc/lv_math.o
                0x0000000000011060                _lv_map
 .text.ent_get_next
                0x0000000000011086       0x24 ./Gui/lvgl/src/lv_misc/lv_mem.o
 .text.ent_trunc
                0x00000000000110aa       0x2c ./Gui/lvgl/src/lv_misc/lv_mem.o
 .text._lv_mem_init
                0x00000000000110d6       0x16 ./Gui/lvgl/src/lv_misc/lv_mem.o
                0x00000000000110d6                _lv_mem_init
 .text.lv_mem_alloc
                0x00000000000110ec       0x5e ./Gui/lvgl/src/lv_misc/lv_mem.o
                0x00000000000110ec                lv_mem_alloc
 .text.lv_mem_defrag
                0x000000000001114a       0x42 ./Gui/lvgl/src/lv_misc/lv_mem.o
                0x000000000001114a                lv_mem_defrag
 .text.lv_mem_free
                0x000000000001118c       0x66 ./Gui/lvgl/src/lv_misc/lv_mem.o
                0x000000000001118c                lv_mem_free
 .text._lv_mem_get_size
                0x00000000000111f2       0x18 ./Gui/lvgl/src/lv_misc/lv_mem.o
                0x00000000000111f2                _lv_mem_get_size
 .text._lv_mem_buf_release
                0x000000000001120a       0x44 ./Gui/lvgl/src/lv_misc/lv_mem.o
                0x000000000001120a                _lv_mem_buf_release
 .text._lv_mem_buf_free_all
                0x000000000001124e       0x4c ./Gui/lvgl/src/lv_misc/lv_mem.o
                0x000000000001124e                _lv_mem_buf_free_all
 .text._lv_memcpy
                0x000000000001129a      0x1e2 ./Gui/lvgl/src/lv_misc/lv_mem.o
                0x000000000001129a                _lv_memcpy
 .text.lv_mem_realloc
                0x000000000001147c       0x64 ./Gui/lvgl/src/lv_misc/lv_mem.o
                0x000000000001147c                lv_mem_realloc
 .text._lv_mem_buf_get
                0x00000000000114e0      0x106 ./Gui/lvgl/src/lv_misc/lv_mem.o
                0x00000000000114e0                _lv_mem_buf_get
 .text._lv_memset
                0x00000000000115e6       0x66 ./Gui/lvgl/src/lv_misc/lv_mem.o
                0x00000000000115e6                _lv_memset
 .text._lv_memset_00
                0x000000000001164c       0x6c ./Gui/lvgl/src/lv_misc/lv_mem.o
                0x000000000001164c                _lv_memset_00
 .text._lv_memset_ff
                0x00000000000116b8       0x5e ./Gui/lvgl/src/lv_misc/lv_mem.o
                0x00000000000116b8                _lv_memset_ff
 .text._lv_task_core_init
                0x0000000000011716       0x18 ./Gui/lvgl/src/lv_misc/lv_task.o
                0x0000000000011716                _lv_task_core_init
 .text.lv_task_create
                0x000000000001172e       0xc6 ./Gui/lvgl/src/lv_misc/lv_task.o
                0x000000000001172e                lv_task_create
 .text.lv_task_set_prio
                0x00000000000117f4       0x58 ./Gui/lvgl/src/lv_misc/lv_task.o
                0x00000000000117f4                lv_task_set_prio
 .text.lv_task_ready
                0x000000000001184c       0x18 ./Gui/lvgl/src/lv_misc/lv_task.o
                0x000000000001184c                lv_task_ready
 .text.lv_txt_utf8_size
                0x0000000000011864       0x3a ./Gui/lvgl/src/lv_misc/lv_txt.o
 .text.lv_txt_utf8_next
                0x000000000001189e      0x124 ./Gui/lvgl/src/lv_misc/lv_txt.o
 .text.lv_txt_utf8_get_byte_id
                0x00000000000119c2       0x36 ./Gui/lvgl/src/lv_misc/lv_txt.o
 .text.lv_txt_utf8_get_char_id
                0x00000000000119f8       0x2a ./Gui/lvgl/src/lv_misc/lv_txt.o
 .text.lv_txt_utf8_get_length
                0x0000000000011a22       0x2c ./Gui/lvgl/src/lv_misc/lv_txt.o
 .text.lv_txt_unicode_to_utf8
                0x0000000000011a4e       0x9a ./Gui/lvgl/src/lv_misc/lv_txt.o
 .text.lv_txt_utf8_prev
                0x0000000000011ae8       0x46 ./Gui/lvgl/src/lv_misc/lv_txt.o
 .text._lv_txt_is_cmd
                0x0000000000011b2e       0x46 ./Gui/lvgl/src/lv_misc/lv_txt.o
                0x0000000000011b2e                _lv_txt_is_cmd
 .text._lv_txt_get_width
                0x0000000000011b74       0x94 ./Gui/lvgl/src/lv_misc/lv_txt.o
                0x0000000000011b74                _lv_txt_get_width
 .text._lv_txt_get_next_line
                0x0000000000011c08      0x1e0 ./Gui/lvgl/src/lv_misc/lv_txt.o
                0x0000000000011c08                _lv_txt_get_next_line
 .text._lv_txt_get_size
                0x0000000000011de8       0xbe ./Gui/lvgl/src/lv_misc/lv_txt.o
                0x0000000000011de8                _lv_txt_get_size
 .text._lv_txt_ins
                0x0000000000011ea6       0x62 ./Gui/lvgl/src/lv_misc/lv_txt.o
                0x0000000000011ea6                _lv_txt_ins
 .text._lv_txt_cut
                0x0000000000011f08       0x50 ./Gui/lvgl/src/lv_misc/lv_txt.o
                0x0000000000011f08                _lv_txt_cut
 .text._lv_utils_bsearch
                0x0000000000011f58       0x4a ./Gui/lvgl/src/lv_misc/lv_utils.o
                0x0000000000011f58                _lv_utils_bsearch
 .text.lv_disp_drv_init
                0x0000000000011fa2       0x42 ./Gui/lvgl/src/lv_hal/lv_hal_disp.o
                0x0000000000011fa2                lv_disp_drv_init
 .text.lv_disp_buf_init
                0x0000000000011fe4       0x28 ./Gui/lvgl/src/lv_hal/lv_hal_disp.o
                0x0000000000011fe4                lv_disp_buf_init
 .text.lv_disp_get_default
                0x000000000001200c        0x6 ./Gui/lvgl/src/lv_hal/lv_hal_disp.o
                0x000000000001200c                lv_disp_get_default
 .text.lv_disp_get_hor_res
                0x0000000000012012       0x2c ./Gui/lvgl/src/lv_hal/lv_hal_disp.o
                0x0000000000012012                lv_disp_get_hor_res
 .text.lv_disp_get_ver_res
                0x000000000001203e       0x2c ./Gui/lvgl/src/lv_hal/lv_hal_disp.o
                0x000000000001203e                lv_disp_get_ver_res
 .text.lv_disp_get_dpi
                0x000000000001206a       0x18 ./Gui/lvgl/src/lv_hal/lv_hal_disp.o
                0x000000000001206a                lv_disp_get_dpi
 .text.lv_disp_get_size_category
                0x0000000000012082       0x4a ./Gui/lvgl/src/lv_hal/lv_hal_disp.o
                0x0000000000012082                lv_disp_get_size_category
 .text.lv_disp_flush_ready
                0x00000000000120cc        0xc ./Gui/lvgl/src/lv_hal/lv_hal_disp.o
                0x00000000000120cc                lv_disp_flush_ready
 .text.lv_disp_get_next
                0x00000000000120d8       0x1a ./Gui/lvgl/src/lv_hal/lv_hal_disp.o
                0x00000000000120d8                lv_disp_get_next
 .text.lv_disp_get_buf
                0x00000000000120f2        0x4 ./Gui/lvgl/src/lv_hal/lv_hal_disp.o
                0x00000000000120f2                lv_disp_get_buf
 .text.lv_disp_get_inv_buf_size
                0x00000000000120f6        0xa ./Gui/lvgl/src/lv_hal/lv_hal_disp.o
                0x00000000000120f6                lv_disp_get_inv_buf_size
 .text._lv_disp_pop_from_inv_buf
                0x0000000000012100       0x24 ./Gui/lvgl/src/lv_hal/lv_hal_disp.o
                0x0000000000012100                _lv_disp_pop_from_inv_buf
 .text.lv_disp_is_double_buf
                0x0000000000012124       0x12 ./Gui/lvgl/src/lv_hal/lv_hal_disp.o
                0x0000000000012124                lv_disp_is_double_buf
 .text.lv_disp_is_true_double_buf
                0x0000000000012136       0x26 ./Gui/lvgl/src/lv_hal/lv_hal_disp.o
                0x0000000000012136                lv_disp_is_true_double_buf
 .text.lv_disp_drv_register
                0x000000000001215c      0x10c ./Gui/lvgl/src/lv_hal/lv_hal_disp.o
                0x000000000001215c                lv_disp_drv_register
 .text.lv_indev_drv_init
                0x0000000000012268       0x28 ./Gui/lvgl/src/lv_hal/lv_hal_indev.o
                0x0000000000012268                lv_indev_drv_init
 .text.lv_indev_drv_register
                0x0000000000012290       0x7e ./Gui/lvgl/src/lv_hal/lv_hal_indev.o
                0x0000000000012290                lv_indev_drv_register
 .text.lv_indev_get_next
                0x000000000001230e       0x1a ./Gui/lvgl/src/lv_hal/lv_hal_indev.o
                0x000000000001230e                lv_indev_get_next
 .text._lv_indev_read
                0x0000000000012328       0x4c ./Gui/lvgl/src/lv_hal/lv_hal_indev.o
                0x0000000000012328                _lv_indev_read
 .text.lv_tick_get
                0x0000000000012374       0x16 ./Gui/lvgl/src/lv_hal/lv_hal_tick.o
                0x0000000000012374                lv_tick_get
 .text.lv_tick_elaps
                0x000000000001238a       0x10 ./Gui/lvgl/src/lv_hal/lv_hal_tick.o
                0x000000000001238a                lv_tick_elaps
 .text.lv_font_get_glyph_bitmap
                0x000000000001239a        0xc ./Gui/lvgl/src/lv_font/lv_font.o
                0x000000000001239a                lv_font_get_glyph_bitmap
 .text.lv_font_get_glyph_dsc
                0x00000000000123a6        0xc ./Gui/lvgl/src/lv_font/lv_font.o
                0x00000000000123a6                lv_font_get_glyph_dsc
 .text.lv_font_get_glyph_width
                0x00000000000123b2       0x1e ./Gui/lvgl/src/lv_font/lv_font.o
                0x00000000000123b2                lv_font_get_glyph_width
 .text.kern_pair_8_compare
                0x00000000000123d0       0x16 ./Gui/lvgl/src/lv_font/lv_font_fmt_txt.o
 .text.kern_pair_16_compare
                0x00000000000123e6       0x16 ./Gui/lvgl/src/lv_font/lv_font_fmt_txt.o
 .text.get_bits
                0x00000000000123fc       0x7e ./Gui/lvgl/src/lv_font/lv_font_fmt_txt.o
 .text.bits_write
                0x000000000001247a       0x44 ./Gui/lvgl/src/lv_font/lv_font_fmt_txt.o
 .text.decompress_line
                0x00000000000124be      0x152 ./Gui/lvgl/src/lv_font/lv_font_fmt_txt.o
 .text.unicode_list_compare
                0x0000000000012610        0x8 ./Gui/lvgl/src/lv_font/lv_font_fmt_txt.o
 .text.get_glyph_dsc_id.isra.0.part.1
                0x0000000000012618       0xd4 ./Gui/lvgl/src/lv_font/lv_font_fmt_txt.o
 .text.lv_font_get_bitmap_fmt_txt
                0x00000000000126ec      0x1fe ./Gui/lvgl/src/lv_font/lv_font_fmt_txt.o
                0x00000000000126ec                lv_font_get_bitmap_fmt_txt
 .text.lv_font_get_glyph_dsc_fmt_txt
                0x00000000000128ea      0x168 ./Gui/lvgl/src/lv_font/lv_font_fmt_txt.o
                0x00000000000128ea                lv_font_get_glyph_dsc_fmt_txt
 .text._lv_font_clean_up_fmt_txt
                0x0000000000012a52       0x16 ./Gui/lvgl/src/lv_font/lv_font_fmt_txt.o
                0x0000000000012a52                _lv_font_clean_up_fmt_txt
 .text.lv_color_mix
                0x0000000000012a68       0x84 ./Gui/lvgl/src/lv_draw/lv_draw_blend.o
 .text.color_blend_true_color_additive
                0x0000000000012aec       0x8e ./Gui/lvgl/src/lv_draw/lv_draw_blend.o
 .text.color_blend_true_color_subtractive
                0x0000000000012b7a       0x8e ./Gui/lvgl/src/lv_draw/lv_draw_blend.o
 .text._lv_blend_fill
                0x0000000000012c08      0x5e2 ./Gui/lvgl/src/lv_draw/lv_draw_blend.o
                0x0000000000012c08                _lv_blend_fill
 .text._lv_blend_map
                0x00000000000131ea      0x562 ./Gui/lvgl/src/lv_draw/lv_draw_blend.o
                0x00000000000131ea                _lv_blend_map
 .text.show_error
                0x000000000001374c       0x3e ./Gui/lvgl/src/lv_draw/lv_draw_img.o
 .text.lv_area_copy
                0x000000000001378a       0x18 ./Gui/lvgl/src/lv_draw/lv_draw_img.o
 .text.lv_draw_map
                0x00000000000137a2      0x736 ./Gui/lvgl/src/lv_draw/lv_draw_img.o
 .text.lv_draw_img_dsc_init
                0x0000000000013ed8       0x26 ./Gui/lvgl/src/lv_draw/lv_draw_img.o
                0x0000000000013ed8                lv_draw_img_dsc_init
 .text.lv_img_cf_get_px_size
                0x0000000000013efe       0x1e ./Gui/lvgl/src/lv_draw/lv_draw_img.o
                0x0000000000013efe                lv_img_cf_get_px_size
 .text.lv_img_cf_is_chroma_keyed
                0x0000000000013f1c       0x1a ./Gui/lvgl/src/lv_draw/lv_draw_img.o
                0x0000000000013f1c                lv_img_cf_is_chroma_keyed
 .text.lv_img_cf_has_alpha
                0x0000000000013f36       0x1e ./Gui/lvgl/src/lv_draw/lv_draw_img.o
                0x0000000000013f36                lv_img_cf_has_alpha
 .text.lv_draw_img
                0x0000000000013f54      0x188 ./Gui/lvgl/src/lv_draw/lv_draw_img.o
                0x0000000000013f54                lv_draw_img
 .text.lv_img_src_get_type
                0x00000000000140dc       0x22 ./Gui/lvgl/src/lv_draw/lv_draw_img.o
                0x00000000000140dc                lv_img_src_get_type
 .text.hex_char_to_num
                0x00000000000140fe       0x3e ./Gui/lvgl/src/lv_draw/lv_draw_label.o
 .text.lv_draw_label_dsc_init
                0x000000000001413c       0x34 ./Gui/lvgl/src/lv_draw/lv_draw_label.o
                0x000000000001413c                lv_draw_label_dsc_init
 .text.lv_draw_label
                0x0000000000014170      0xcbc ./Gui/lvgl/src/lv_draw/lv_draw_label.o
                0x0000000000014170                lv_draw_label
 .text.lv_draw_line_dsc_init
                0x0000000000014e2c       0x1c ./Gui/lvgl/src/lv_draw/lv_draw_line.o
                0x0000000000014e2c                lv_draw_line_dsc_init
 .text.lv_draw_line
                0x0000000000014e48      0x846 ./Gui/lvgl/src/lv_draw/lv_draw_line.o
                0x0000000000014e48                lv_draw_line
 .text.mask_mix
                0x000000000001568e       0x28 ./Gui/lvgl/src/lv_draw/lv_draw_mask.o
 .text.lv_draw_mask_line
                0x00000000000156b6      0x40e ./Gui/lvgl/src/lv_draw/lv_draw_mask.o
 .text._lv_memcpy_small.constprop.2
                0x0000000000015ac4       0x18 ./Gui/lvgl/src/lv_draw/lv_draw_mask.o
 .text.lv_draw_mask_radius
                0x0000000000015adc      0x4b0 ./Gui/lvgl/src/lv_draw/lv_draw_mask.o
 .text.lv_draw_mask_add
                0x0000000000015f8c       0x34 ./Gui/lvgl/src/lv_draw/lv_draw_mask.o
                0x0000000000015f8c                lv_draw_mask_add
 .text.lv_draw_mask_apply
                0x0000000000015fc0       0x38 ./Gui/lvgl/src/lv_draw/lv_draw_mask.o
                0x0000000000015fc0                lv_draw_mask_apply
 .text.lv_draw_mask_remove_id
                0x0000000000015ff8       0x1e ./Gui/lvgl/src/lv_draw/lv_draw_mask.o
                0x0000000000015ff8                lv_draw_mask_remove_id
 .text.lv_draw_mask_remove_custom
                0x0000000000016016       0x24 ./Gui/lvgl/src/lv_draw/lv_draw_mask.o
                0x0000000000016016                lv_draw_mask_remove_custom
 .text.lv_draw_mask_get_cnt
                0x000000000001603a       0x1c ./Gui/lvgl/src/lv_draw/lv_draw_mask.o
                0x000000000001603a                lv_draw_mask_get_cnt
 .text.lv_draw_mask_line_points_init
                0x0000000000016056      0x122 ./Gui/lvgl/src/lv_draw/lv_draw_mask.o
                0x0000000000016056                lv_draw_mask_line_points_init
 .text.lv_draw_mask_radius_init
                0x0000000000016178       0x7a ./Gui/lvgl/src/lv_draw/lv_draw_mask.o
                0x0000000000016178                lv_draw_mask_radius_init
 .text.grad_get
                0x00000000000161f2       0xc4 ./Gui/lvgl/src/lv_draw/lv_draw_rect.o
 .text.shadow_blur_corner
                0x00000000000162b6      0x172 ./Gui/lvgl/src/lv_draw/lv_draw_rect.o
 .text.draw_full_border
                0x0000000000016428      0x48a ./Gui/lvgl/src/lv_draw/lv_draw_rect.o
 .text.lv_area_copy
                0x00000000000168b2       0x18 ./Gui/lvgl/src/lv_draw/lv_draw_rect.o
 .text.lv_draw_rect_dsc_init
                0x00000000000168ca       0x56 ./Gui/lvgl/src/lv_draw/lv_draw_rect.o
                0x00000000000168ca                lv_draw_rect_dsc_init
 .text.lv_draw_rect
                0x0000000000016920     0x19c6 ./Gui/lvgl/src/lv_draw/lv_draw_rect.o
                0x0000000000016920                lv_draw_rect
 .text.lv_color_mix
                0x00000000000182e6       0x84 ./Gui/lvgl/src/lv_draw/lv_img_buf.o
 .text._lv_memcpy_small
                0x000000000001836a       0x18 ./Gui/lvgl/src/lv_draw/lv_img_buf.o
 .text.lv_img_buf_get_px_color
                0x0000000000018382      0x126 ./Gui/lvgl/src/lv_draw/lv_img_buf.o
                0x0000000000018382                lv_img_buf_get_px_color
 .text.lv_img_buf_get_px_alpha
                0x00000000000184a8      0x124 ./Gui/lvgl/src/lv_draw/lv_img_buf.o
                0x00000000000184a8                lv_img_buf_get_px_alpha
 .text._lv_img_buf_transform_init
                0x00000000000185cc      0x128 ./Gui/lvgl/src/lv_draw/lv_img_buf.o
                0x00000000000185cc                _lv_img_buf_transform_init
 .text._lv_img_buf_get_transformed_area
                0x00000000000186f4      0x23a ./Gui/lvgl/src/lv_draw/lv_img_buf.o
                0x00000000000186f4                _lv_img_buf_get_transformed_area
 .text._lv_img_buf_transform_anti_alias
                0x000000000001892e      0x2f0 ./Gui/lvgl/src/lv_draw/lv_img_buf.o
                0x000000000001892e                _lv_img_buf_transform_anti_alias
 .text.lv_img_cache_match
                0x0000000000018c1e       0x42 ./Gui/lvgl/src/lv_draw/lv_img_cache.o
 .text._lv_img_cache_open
                0x0000000000018c60       0xf6 ./Gui/lvgl/src/lv_draw/lv_img_cache.o
                0x0000000000018c60                _lv_img_cache_open
 .text.lv_img_cache_invalidate_src
                0x0000000000018d56       0x50 ./Gui/lvgl/src/lv_draw/lv_img_cache.o
                0x0000000000018d56                lv_img_cache_invalidate_src
 .text.lv_img_cache_set_size
                0x0000000000018da6       0x68 ./Gui/lvgl/src/lv_draw/lv_img_cache.o
                0x0000000000018da6                lv_img_cache_set_size
 .text.lv_img_decoder_built_in_close
                0x0000000000018e0e       0x36 ./Gui/lvgl/src/lv_draw/lv_img_decoder.o
                0x0000000000018e0e                lv_img_decoder_built_in_close
 .text.lv_img_decoder_built_in_info
                0x0000000000018e44       0xca ./Gui/lvgl/src/lv_draw/lv_img_decoder.o
                0x0000000000018e44                lv_img_decoder_built_in_info
 .text.lv_img_decoder_built_in_read_line
                0x0000000000018f0e      0x3d4 ./Gui/lvgl/src/lv_draw/lv_img_decoder.o
                0x0000000000018f0e                lv_img_decoder_built_in_read_line
 .text.lv_img_decoder_built_in_open
                0x00000000000192e2      0x1e2 ./Gui/lvgl/src/lv_draw/lv_img_decoder.o
                0x00000000000192e2                lv_img_decoder_built_in_open
 .text.lv_img_decoder_get_info
                0x00000000000194c4       0x46 ./Gui/lvgl/src/lv_draw/lv_img_decoder.o
                0x00000000000194c4                lv_img_decoder_get_info
 .text.lv_img_decoder_open
                0x000000000001950a       0xd8 ./Gui/lvgl/src/lv_draw/lv_img_decoder.o
                0x000000000001950a                lv_img_decoder_open
 .text.lv_img_decoder_read_line
                0x00000000000195e2       0x26 ./Gui/lvgl/src/lv_draw/lv_img_decoder.o
                0x00000000000195e2                lv_img_decoder_read_line
 .text.lv_img_decoder_close
                0x0000000000019608       0x28 ./Gui/lvgl/src/lv_draw/lv_img_decoder.o
                0x0000000000019608                lv_img_decoder_close
 .text.lv_img_decoder_create
                0x0000000000019630       0x36 ./Gui/lvgl/src/lv_draw/lv_img_decoder.o
                0x0000000000019630                lv_img_decoder_create
 .text._lv_img_decoder_init
                0x0000000000019666       0x5e ./Gui/lvgl/src/lv_draw/lv_img_decoder.o
                0x0000000000019666                _lv_img_decoder_init
 .text.scr_anim_ready