Archive member included to satisfy reference by file (symbol)

d:/mounriver/mounriver_studio/toolchain/risc-v embedded gcc/bin/../lib/gcc/riscv-none-embed/8.2.0/../../../../riscv-none-embed/lib/rv32imacxw/ilp32\libm.a(lib_a-w_sqrt.o)
                              ./User/touch.o (sqrt)
d:/mounriver/mounriver_studio/toolchain/risc-v embedded gcc/bin/../lib/gcc/riscv-none-embed/8.2.0/../../../../riscv-none-embed/lib/rv32imacxw/ilp32\libm.a(lib_a-e_sqrt.o)
                              d:/mounriver/mounriver_studio/toolchain/risc-v embedded gcc/bin/../lib/gcc/riscv-none-embed/8.2.0/../../../../riscv-none-embed/lib/rv32imacxw/ilp32\libm.a(lib_a-w_sqrt.o) (__ieee754_sqrt)
d:/mounriver/mounriver_studio/toolchain/risc-v embedded gcc/bin/../lib/gcc/riscv-none-embed/8.2.0/../../../../riscv-none-embed/lib/rv32imacxw/ilp32\libm.a(lib_a-s_lib_ver.o)
                              d:/mounriver/mounriver_studio/toolchain/risc-v embedded gcc/bin/../lib/gcc/riscv-none-embed/8.2.0/../../../../riscv-none-embed/lib/rv32imacxw/ilp32\libm.a(lib_a-w_sqrt.o) (__fdlib_version)
d:/mounriver/mounriver_studio/toolchain/risc-v embedded gcc/bin/../lib/gcc/riscv-none-embed/8.2.0/../../../../riscv-none-embed/lib/rv32imacxw/ilp32\libm.a(lib_a-s_matherr.o)
                              d:/mounriver/mounriver_studio/toolchain/risc-v embedded gcc/bin/../lib/gcc/riscv-none-embed/8.2.0/../../../../riscv-none-embed/lib/rv32imacxw/ilp32\libm.a(lib_a-w_sqrt.o) (matherr)
d:/mounriver/mounriver_studio/toolchain/risc-v embedded gcc/bin/../lib/gcc/riscv-none-embed/8.2.0/rv32imacxw/ilp32\libgcc.a(_ffssi2.o)
                              ./Gui/src/misc/lv_tlsf.o (__ffssi2)
d:/mounriver/mounriver_studio/toolchain/risc-v embedded gcc/bin/../lib/gcc/riscv-none-embed/8.2.0/rv32imacxw/ilp32\libgcc.a(_clz.o)
                              d:/mounriver/mounriver_studio/toolchain/risc-v embedded gcc/bin/../lib/gcc/riscv-none-embed/8.2.0/rv32imacxw/ilp32\libgcc.a(_ffssi2.o) (__clz_tab)
d:/mounriver/mounriver_studio/toolchain/risc-v embedded gcc/bin/../lib/gcc/riscv-none-embed/8.2.0/rv32imacxw/ilp32\libgcc.a(_clzsi2.o)
                              ./Gui/src/misc/lv_tlsf.o (__clzsi2)
d:/mounriver/mounriver_studio/toolchain/risc-v embedded gcc/bin/../lib/gcc/riscv-none-embed/8.2.0/rv32imacxw/ilp32\libgcc.a(_udivdi3.o)
                              ./Gui/src/misc/lv_printf.o (__udivdi3)
d:/mounriver/mounriver_studio/toolchain/risc-v embedded gcc/bin/../lib/gcc/riscv-none-embed/8.2.0/rv32imacxw/ilp32\libgcc.a(_umoddi3.o)
                              ./Gui/src/misc/lv_printf.o (__umoddi3)
d:/mounriver/mounriver_studio/toolchain/risc-v embedded gcc/bin/../lib/gcc/riscv-none-embed/8.2.0/rv32imacxw/ilp32\libgcc.a(adddf3.o)
                              d:/mounriver/mounriver_studio/toolchain/risc-v embedded gcc/bin/../lib/gcc/riscv-none-embed/8.2.0/../../../../riscv-none-embed/lib/rv32imacxw/ilp32\libm.a(lib_a-e_sqrt.o) (__adddf3)
d:/mounriver/mounriver_studio/toolchain/risc-v embedded gcc/bin/../lib/gcc/riscv-none-embed/8.2.0/rv32imacxw/ilp32\libgcc.a(divdf3.o)
                              d:/mounriver/mounriver_studio/toolchain/risc-v embedded gcc/bin/../lib/gcc/riscv-none-embed/8.2.0/../../../../riscv-none-embed/lib/rv32imacxw/ilp32\libm.a(lib_a-w_sqrt.o) (__divdf3)
d:/mounriver/mounriver_studio/toolchain/risc-v embedded gcc/bin/../lib/gcc/riscv-none-embed/8.2.0/rv32imacxw/ilp32\libgcc.a(gedf2.o)
                              ./User/touch.o (__gtdf2)
d:/mounriver/mounriver_studio/toolchain/risc-v embedded gcc/bin/../lib/gcc/riscv-none-embed/8.2.0/rv32imacxw/ilp32\libgcc.a(ledf2.o)
                              ./User/touch.o (__ltdf2)
d:/mounriver/mounriver_studio/toolchain/risc-v embedded gcc/bin/../lib/gcc/riscv-none-embed/8.2.0/rv32imacxw/ilp32\libgcc.a(muldf3.o)
                              d:/mounriver/mounriver_studio/toolchain/risc-v embedded gcc/bin/../lib/gcc/riscv-none-embed/8.2.0/../../../../riscv-none-embed/lib/rv32imacxw/ilp32\libm.a(lib_a-e_sqrt.o) (__muldf3)
d:/mounriver/mounriver_studio/toolchain/risc-v embedded gcc/bin/../lib/gcc/riscv-none-embed/8.2.0/rv32imacxw/ilp32\libgcc.a(subdf3.o)
                              d:/mounriver/mounriver_studio/toolchain/risc-v embedded gcc/bin/../lib/gcc/riscv-none-embed/8.2.0/../../../../riscv-none-embed/lib/rv32imacxw/ilp32\libm.a(lib_a-e_sqrt.o) (__subdf3)
d:/mounriver/mounriver_studio/toolchain/risc-v embedded gcc/bin/../lib/gcc/riscv-none-embed/8.2.0/rv32imacxw/ilp32\libgcc.a(unorddf2.o)
                              d:/mounriver/mounriver_studio/toolchain/risc-v embedded gcc/bin/../lib/gcc/riscv-none-embed/8.2.0/../../../../riscv-none-embed/lib/rv32imacxw/ilp32\libm.a(lib_a-w_sqrt.o) (__unorddf2)
d:/mounriver/mounriver_studio/toolchain/risc-v embedded gcc/bin/../lib/gcc/riscv-none-embed/8.2.0/rv32imacxw/ilp32\libgcc.a(fixunsdfsi.o)
                              ./User/touch.o (__fixunsdfsi)
[...]
Memory Configuration

Name             Origin             Length             Attributes
FLASH            0x0000000000000000 0x0000000000040000 xr
RAM              0x0000000020000000 0x0000000000010000 xrw
*default*        0x0000000000000000 0xffffffffffffffff

Linker script and memory map

LOAD ./User/ch32v30x_it.o
LOAD ./User/ch9142.o
LOAD ./User/lcd.o
LOAD ./User/m780eg.o
LOAD ./User/main.o
LOAD ./User/periodicalTask.o
LOAD ./User/powerManage.o
LOAD ./User/system_ch32v30x.o
LOAD ./User/touch.o
LOAD ./Startup/startup_ch32v30x_D8C.o
LOAD ./Peripheral/src/ch32v30x_adc.o
LOAD ./Peripheral/src/ch32v30x_bkp.o
LOAD ./Peripheral/src/ch32v30x_can.o
LOAD ./Peripheral/src/ch32v30x_crc.o
LOAD ./Peripheral/src/ch32v30x_dac.o
LOAD ./Peripheral/src/ch32v30x_dbgmcu.o
LOAD ./Peripheral/src/ch32v30x_dma.o
LOAD ./Peripheral/src/ch32v30x_dvp.o
LOAD ./Peripheral/src/ch32v30x_eth.o
LOAD ./Peripheral/src/ch32v30x_exti.o
LOAD ./Peripheral/src/ch32v30x_flash.o
LOAD ./Peripheral/src/ch32v30x_fsmc.o
LOAD ./Peripheral/src/ch32v30x_gpio.o
LOAD ./Peripheral/src/ch32v30x_i2c.o
LOAD ./Peripheral/src/ch32v30x_iwdg.o
LOAD ./Peripheral/src/ch32v30x_misc.o
LOAD ./Peripheral/src/ch32v30x_opa.o
LOAD ./Peripheral/src/ch32v30x_pwr.o
LOAD ./Peripheral/src/ch32v30x_rcc.o
LOAD ./Peripheral/src/ch32v30x_rng.o
LOAD ./Peripheral/src/ch32v30x_rtc.o
LOAD ./Peripheral/src/ch32v30x_sdio.o
LOAD ./Peripheral/src/ch32v30x_spi.o
LOAD ./Peripheral/src/ch32v30x_tim.o
LOAD ./Peripheral/src/ch32v30x_usart.o
LOAD ./Peripheral/src/ch32v30x_wwdg.o
LOAD ./Gui/src/widgets/lv_arc.o
LOAD ./Gui/src/widgets/lv_bar.o
LOAD ./Gui/src/widgets/lv_btn.o
LOAD ./Gui/src/widgets/lv_btnmatrix.o
LOAD ./Gui/src/widgets/lv_canvas.o
LOAD ./Gui/src/widgets/lv_checkbox.o
LOAD ./Gui/src/widgets/lv_dropdown.o
LOAD ./Gui/src/widgets/lv_img.o
LOAD ./Gui/src/widgets/lv_label.o
LOAD ./Gui/src/widgets/lv_line.o
LOAD ./Gui/src/widgets/lv_objx_templ.o
LOAD ./Gui/src/widgets/lv_roller.o
LOAD ./Gui/src/widgets/lv_slider.o
LOAD ./Gui/src/widgets/lv_switch.o
LOAD ./Gui/src/widgets/lv_table.o
LOAD ./Gui/src/widgets/lv_textarea.o
LOAD ./Gui/src/widgets/lv_textprogress.o
LOAD ./Gui/src/misc/lv_anim.o
LOAD ./Gui/src/misc/lv_anim_timeline.o
LOAD ./Gui/src/misc/lv_area.o
LOAD ./Gui/src/misc/lv_async.o
LOAD ./Gui/src/misc/lv_bidi.o
LOAD ./Gui/src/misc/lv_color.o
LOAD ./Gui/src/misc/lv_fs.o
LOAD ./Gui/src/misc/lv_gc.o
LOAD ./Gui/src/misc/lv_ll.o
LOAD ./Gui/src/misc/lv_log.o
LOAD ./Gui/src/misc/lv_lru.o
LOAD ./Gui/src/misc/lv_math.o
LOAD ./Gui/src/misc/lv_mem.o
LOAD ./Gui/src/misc/lv_printf.o
LOAD ./Gui/src/misc/lv_style.o
LOAD ./Gui/src/misc/lv_style_gen.o
LOAD ./Gui/src/misc/lv_templ.o
LOAD ./Gui/src/misc/lv_timer.o
LOAD ./Gui/src/misc/lv_tlsf.o
LOAD ./Gui/src/misc/lv_txt.o
LOAD ./Gui/src/misc/lv_txt_ap.o
LOAD ./Gui/src/misc/lv_utils.o
LOAD ./Gui/src/hal/lv_hal_disp.o
LOAD ./Gui/src/hal/lv_hal_indev.o
LOAD ./Gui/src/hal/lv_hal_tick.o
LOAD ./Gui/src/font/lv_font.o
LOAD ./Gui/src/font/lv_font_dejavu_16_persian_hebrew.o
LOAD ./Gui/src/font/lv_font_fmt_txt.o
LOAD ./Gui/src/font/lv_font_loader.o
LOAD ./Gui/src/font/lv_font_montserrat_10.o
LOAD ./Gui/src/font/lv_font_montserrat_12.o
LOAD ./Gui/src/font/lv_font_montserrat_12_subpx.o
LOAD ./Gui/src/font/lv_font_montserrat_14.o
LOAD ./Gui/src/font/lv_font_montserrat_16.o
LOAD ./Gui/src/font/lv_font_montserrat_18.o
LOAD ./Gui/src/font/lv_font_montserrat_20.o
LOAD ./Gui/src/font/lv_font_montserrat_22.o
LOAD ./Gui/src/font/lv_font_montserrat_24.o
LOAD ./Gui/src/font/lv_font_montserrat_26.o
LOAD ./Gui/src/font/lv_font_montserrat_28.o
LOAD ./Gui/src/font/lv_font_montserrat_28_compressed.o
LOAD ./Gui/src/font/lv_font_montserrat_30.o
LOAD ./Gui/src/font/lv_font_montserrat_32.o
LOAD ./Gui/src/font/lv_font_montserrat_34.o
LOAD ./Gui/src/font/lv_font_montserrat_36.o
LOAD ./Gui/src/font/lv_font_montserrat_38.o
LOAD ./Gui/src/font/lv_font_montserrat_40.o
LOAD ./Gui/src/font/lv_font_montserrat_42.o
LOAD ./Gui/src/font/lv_font_montserrat_44.o
LOAD ./Gui/src/font/lv_font_montserrat_46.o
LOAD ./Gui/src/font/lv_font_montserrat_48.o
LOAD ./Gui/src/font/lv_font_montserrat_8.o
LOAD ./Gui/src/font/lv_font_simsun_16_cjk.o
LOAD ./Gui/src/font/lv_font_unscii_16.o
LOAD ./Gui/src/font/lv_font_unscii_8.o
LOAD ./Gui/src/extra/widgets/win/lv_win.o
LOAD ./Gui/src/extra/widgets/tileview/lv_tileview.o
LOAD ./Gui/src/extra/widgets/tabview/lv_tabview.o
LOAD ./Gui/src/extra/widgets/spinner/lv_spinner.o
LOAD ./Gui/src/extra/widgets/spinbox/lv_spinbox.o
LOAD ./Gui/src/extra/widgets/span/lv_span.o
LOAD ./Gui/src/extra/widgets/msgbox/lv_msgbox.o
LOAD ./Gui/src/extra/widgets/meter/lv_meter.o
LOAD ./Gui/src/extra/widgets/menu/lv_menu.o
LOAD ./Gui/src/extra/widgets/list/lv_list.o
LOAD ./Gui/src/extra/widgets/led/lv_led.o
LOAD ./Gui/src/extra/widgets/keyboard/lv_keyboard.o
LOAD ./Gui/src/extra/widgets/imgbtn/lv_imgbtn.o
LOAD ./Gui/src/extra/widgets/colorwheel/lv_colorwheel.o
LOAD ./Gui/src/extra/widgets/chart/lv_chart.o
LOAD ./Gui/src/extra/widgets/calendar/lv_calendar.o
LOAD ./Gui/src/extra/widgets/calendar/lv_calendar_header_arrow.o
LOAD ./Gui/src/extra/widgets/calendar/lv_calendar_header_dropdown.o
LOAD ./Gui/src/extra/widgets/animimg/lv_animimg.o
LOAD ./Gui/src/extra/themes/mono/lv_theme_mono.o
LOAD ./Gui/src/extra/themes/default/lv_theme_default.o
LOAD ./Gui/src/extra/themes/basic/lv_theme_basic.o
LOAD ./Gui/src/extra/others/snapshot/lv_snapshot.o
LOAD ./Gui/src/extra/others/msg/lv_msg.o
LOAD ./Gui/src/extra/others/monkey/lv_monkey.o
LOAD ./Gui/src/extra/others/imgfont/lv_imgfont.o
LOAD ./Gui/src/extra/others/ime/lv_ime_pinyin.o
LOAD ./Gui/src/extra/others/gridnav/lv_gridnav.o
LOAD ./Gui/src/extra/others/fragment/lv_fragment.o
LOAD ./Gui/src/extra/others/fragment/lv_fragment_manager.o
LOAD ./Gui/src/extra/libs/sjpg/lv_sjpg.o
LOAD ./Gui/src/extra/libs/sjpg/tjpgd.o
LOAD ./Gui/src/extra/libs/rlottie/lv_rlottie.o
LOAD ./Gui/src/extra/libs/qrcode/lv_qrcode.o
LOAD ./Gui/src/extra/libs/qrcode/qrcodegen.o
LOAD ./Gui/src/extra/libs/png/lodepng.o
LOAD ./Gui/src/extra/libs/png/lv_png.o
LOAD ./Gui/src/extra/libs/gif/gifdec.o
LOAD ./Gui/src/extra/libs/gif/lv_gif.o
LOAD ./Gui/src/extra/libs/fsdrv/lv_fs_fatfs.o
LOAD ./Gui/src/extra/libs/fsdrv/lv_fs_posix.o
LOAD ./Gui/src/extra/libs/fsdrv/lv_fs_stdio.o
LOAD ./Gui/src/extra/libs/fsdrv/lv_fs_win32.o
LOAD ./Gui/src/extra/libs/freetype/lv_freetype.o
LOAD ./Gui/src/extra/libs/ffmpeg/lv_ffmpeg.o
LOAD ./Gui/src/extra/libs/bmp/lv_bmp.o
LOAD ./Gui/src/extra/layouts/grid/lv_grid.o
LOAD ./Gui/src/extra/layouts/flex/lv_flex.o
LOAD ./Gui/src/extra/lv_extra.o
LOAD ./Gui/src/draw/swm341_dma2d/lv_gpu_swm341_dma2d.o
LOAD ./Gui/src/draw/sw/lv_draw_sw.o
LOAD ./Gui/src/draw/sw/lv_draw_sw_arc.o
LOAD ./Gui/src/draw/sw/lv_draw_sw_blend.o
LOAD ./Gui/src/draw/sw/lv_draw_sw_dither.o
LOAD ./Gui/src/draw/sw/lv_draw_sw_gradient.o
LOAD ./Gui/src/draw/sw/lv_draw_sw_img.o
LOAD ./Gui/src/draw/sw/lv_draw_sw_layer.o
LOAD ./Gui/src/draw/sw/lv_draw_sw_letter.o
LOAD ./Gui/src/draw/sw/lv_draw_sw_line.o
LOAD ./Gui/src/draw/sw/lv_draw_sw_polygon.o
LOAD ./Gui/src/draw/sw/lv_draw_sw_rect.o
LOAD ./Gui/src/draw/sw/lv_draw_sw_transform.o
LOAD ./Gui/src/draw/stm32_dma2d/lv_gpu_stm32_dma2d.o
LOAD ./Gui/src/draw/sdl/lv_draw_sdl.o
LOAD ./Gui/src/draw/sdl/lv_draw_sdl_arc.o
LOAD ./Gui/src/draw/sdl/lv_draw_sdl_bg.o
LOAD ./Gui/src/draw/sdl/lv_draw_sdl_composite.o
LOAD ./Gui/src/draw/sdl/lv_draw_sdl_img.o
LOAD ./Gui/src/draw/sdl/lv_draw_sdl_label.o
LOAD ./Gui/src/draw/sdl/lv_draw_sdl_layer.o
LOAD ./Gui/src/draw/sdl/lv_draw_sdl_line.o
LOAD ./Gui/src/draw/sdl/lv_draw_sdl_mask.o
LOAD ./Gui/src/draw/sdl/lv_draw_sdl_polygon.o
LOAD ./Gui/src/draw/sdl/lv_draw_sdl_rect.o
LOAD ./Gui/src/draw/sdl/lv_draw_sdl_stack_blur.o
LOAD ./Gui/src/draw/sdl/lv_draw_sdl_texture_cache.o
LOAD ./Gui/src/draw/sdl/lv_draw_sdl_utils.o
LOAD ./Gui/src/draw/renesas/lv_gpu_d2_draw_label.o
LOAD ./Gui/src/draw/renesas/lv_gpu_d2_ra6m3.o
LOAD ./Gui/src/draw/nxp/vglite/lv_draw_vglite.o
LOAD ./Gui/src/draw/nxp/vglite/lv_draw_vglite_arc.o
LOAD ./Gui/src/draw/nxp/vglite/lv_draw_vglite_blend.o
LOAD ./Gui/src/draw/nxp/vglite/lv_draw_vglite_line.o
LOAD ./Gui/src/draw/nxp/vglite/lv_draw_vglite_rect.o
LOAD ./Gui/src/draw/nxp/vglite/lv_vglite_buf.o
LOAD ./Gui/src/draw/nxp/vglite/lv_vglite_utils.o
LOAD ./Gui/src/draw/nxp/pxp/lv_draw_pxp.o
LOAD ./Gui/src/draw/nxp/pxp/lv_draw_pxp_blend.o
LOAD ./Gui/src/draw/nxp/pxp/lv_gpu_nxp_pxp.o
LOAD ./Gui/src/draw/nxp/pxp/lv_gpu_nxp_pxp_osa.o
LOAD ./Gui/src/draw/arm2d/lv_gpu_arm2d.o
LOAD ./Gui/src/draw/lv_draw.o
LOAD ./Gui/src/draw/lv_draw_arc.o
LOAD ./Gui/src/draw/lv_draw_img.o
LOAD ./Gui/src/draw/lv_draw_label.o
LOAD ./Gui/src/draw/lv_draw_layer.o
LOAD ./Gui/src/draw/lv_draw_line.o
LOAD ./Gui/src/draw/lv_draw_mask.o
LOAD ./Gui/src/draw/lv_draw_rect.o
LOAD ./Gui/src/draw/lv_draw_transform.o
LOAD ./Gui/src/draw/lv_draw_triangle.o
LOAD ./Gui/src/draw/lv_img_buf.o
LOAD ./Gui/src/draw/lv_img_cache.o
LOAD ./Gui/src/draw/lv_img_decoder.o
LOAD ./Gui/src/core/lv_disp.o
LOAD ./Gui/src/core/lv_event.o
LOAD ./Gui/src/core/lv_group.o
LOAD ./Gui/src/core/lv_indev.o
LOAD ./Gui/src/core/lv_indev_scroll.o
LOAD ./Gui/src/core/lv_obj.o
LOAD ./Gui/src/core/lv_obj_class.o
LOAD ./Gui/src/core/lv_obj_draw.o
LOAD ./Gui/src/core/lv_obj_pos.o
LOAD ./Gui/src/core/lv_obj_scroll.o
LOAD ./Gui/src/core/lv_obj_style.o
LOAD ./Gui/src/core/lv_obj_style_gen.o
LOAD ./Gui/src/core/lv_obj_tree.o
LOAD ./Gui/src/core/lv_refr.o
LOAD ./Gui/src/core/lv_theme.o
LOAD ./Gui/porting/lv_port_disp.o
LOAD ./Gui/porting/lv_port_fs.o
LOAD ./Gui/porting/lv_port_indev.o
LOAD ./Gui/generated/images/_1_alpha_320x240.o
LOAD ./Gui/generated/images/_2_alpha_100x100.o
LOAD ./Gui/generated/images/_58DC9A2F81E0F053C85B9185A7294362_alpha_213x102.o
LOAD ./Gui/generated/images/_C0C04F424616476844A271F0D7E2BB87_alpha_143x76.o
LOAD ./Gui/generated/images/_wch_alpha_143x76.o
LOAD ./Gui/generated/images/screen_1_animimg_12.o
LOAD ./Gui/generated/images/screen_1_animimg_1wch.o
LOAD ./Gui/generated/guider_fonts/lv_font_montserratMedium_12.o
LOAD ./Gui/generated/guider_fonts/lv_font_montserratMedium_13.o
LOAD ./Gui/generated/guider_fonts/lv_font_montserratMedium_16.o
LOAD ./Gui/generated/events_init.o
LOAD ./Gui/generated/gui_guider.o
LOAD ./Gui/generated/setup_scr_screen.o
LOAD ./Gui/generated/setup_scr_screen_1.o
LOAD ./Gui/generated/setup_scr_screen_2.o
LOAD ./Gui/generated/widgets_init.o
LOAD ./Gui/demos/widgets/assets/img_clothes.o
LOAD ./Gui/demos/widgets/assets/img_demo_widgets_avatar.o
LOAD ./Gui/demos/widgets/assets/img_lvgl_logo.o
LOAD ./Gui/demos/widgets/lv_demo_widgets.o
LOAD ./Gui/custom/custom.o
LOAD ./Debug/debug.o
LOAD ./Core/core_riscv.o
LOAD d:/mounriver/mounriver_studio/toolchain/risc-v embedded gcc/bin/../lib/gcc/riscv-none-embed/8.2.0/../../../../riscv-none-embed/lib/rv32imacxw/ilp32\libm.a
LOAD d:/mounriver/mounriver_studio/toolchain/risc-v embedded gcc/bin/../lib/gcc/riscv-none-embed/8.2.0/rv32imacxw/ilp32\libgcc.a
LOAD d:/mounriver/mounriver_studio/toolchain/risc-v embedded gcc/bin/../lib/gcc/riscv-none-embed/8.2.0/../../../../riscv-none-embed/lib/rv32imacxw/ilp32\libg_nano.a
LOAD d:/mounriver/mounriver_studio/toolchain/risc-v embedded gcc/bin/../lib/gcc/riscv-none-embed/8.2.0/../../../../riscv-none-embed/lib/rv32imacxw/ilp32\libc_nano.a
LOAD d:/mounriver/mounriver_studio/toolchain/risc-v embedded gcc/bin/../lib/gcc/riscv-none-embed/8.2.0/rv32imacxw/ilp32\libgcc.a
START GROUP
LOAD d:/mounriver/mounriver_studio/toolchain/risc-v embedded gcc/bin/../lib/gcc/riscv-none-embed/8.2.0/rv32imacxw/ilp32\libgcc.a
LOAD d:/mounriver/mounriver_studio/toolchain/risc-v embedded gcc/bin/../lib/gcc/riscv-none-embed/8.2.0/../../../../riscv-none-embed/lib/rv32imacxw/ilp32\libc_nano.a
LOAD d:/mounriver/mounriver_studio/toolchain/risc-v embedded gcc/bin/../lib/gcc/riscv-none-embed/8.2.0/../../../../riscv-none-embed/lib/rv32imacxw/ilp32\libnosys.a
END GROUP
START GROUP
LOAD d:/mounriver/mounriver_studio/toolchain/risc-v embedded gcc/bin/../lib/gcc/riscv-none-embed/8.2.0/rv32imacxw/ilp32\libgcc.a
LOAD d:/mounriver/mounriver_studio/toolchain/risc-v embedded gcc/bin/../lib/gcc/riscv-none-embed/8.2.0/../../../../riscv-none-embed/lib/rv32imacxw/ilp32\libc_nano.a
LOAD d:/mounriver/mounriver_studio/toolchain/risc-v embedded gcc/bin/../lib/gcc/riscv-none-embed/8.2.0/../../../../riscv-none-embed/lib/rv32imacxw/ilp32\libnosys.a
END GROUP
                0x0000000000000800                __stack_size = 0x800
                [!provide]                        PROVIDE (_stack_size = __stack_size)

.init           0x0000000000000000        0x4
                0x0000000000000000                _sinit = .
                0x0000000000000000                . = ALIGN (0x4)
 *(SORT_NONE(.init))
 .init          0x0000000000000000        0x4 ./Startup/startup_ch32v30x_D8C.o
                0x0000000000000000                _start
                0x0000000000000004                . = ALIGN (0x4)
                0x0000000000000004                _einit = .

.vector         0x0000000000000004      0x1bc
 *(.vector)
 .vector        0x0000000000000004      0x1a0 ./Startup/startup_ch32v30x_D8C.o
                0x00000000000001c0                . = ALIGN (0x40)
 *fill*         0x00000000000001a4       0x1c 

.text           0x00000000000001c0    0x329cc
                0x00000000000001c0                . = ALIGN (0x4)
 *(.text)
 .text          0x00000000000001c0       0x60 d:/mounriver/mounriver_studio/toolchain/risc-v embedded gcc/bin/../lib/gcc/riscv-none-embed/8.2.0/rv32imacxw/ilp32\libgcc.a(save-restore.o)
                0x00000000000001c0                __riscv_save_12
                0x00000000000001c8                __riscv_save_9
                0x00000000000001c8                __riscv_save_11
                0x00000000000001c8                __riscv_save_10
                0x00000000000001c8                __riscv_save_8
                0x00000000000001d6                __riscv_save_4
                0x00000000000001d6                __riscv_save_6
                0x00000000000001d6                __riscv_save_5
                0x00000000000001d6                __riscv_save_7
                0x00000000000001f0                __riscv_save_3
                0x00000000000001f0                __riscv_save_2
                0x00000000000001f0                __riscv_save_1
                0x00000000000001f0                __riscv_save_0
                0x00000000000001fc                __riscv_restore_12
                0x0000000000000200                __riscv_restore_11
                0x0000000000000200                __riscv_restore_9
                0x0000000000000200                __riscv_restore_10
                0x0000000000000200                __riscv_restore_8
                0x000000000000020a                __riscv_restore_5
                0x000000000000020a                __riscv_restore_7
                0x000000000000020a                __riscv_restore_6
                0x000000000000020a                __riscv_restore_4
                0x0000000000000214                __riscv_restore_3
                0x0000000000000214                __riscv_restore_0
                0x0000000000000214                __riscv_restore_2
                0x0000000000000214                __riscv_restore_1
 .text          0x0000000000000220       0xa8 d:/mounriver/mounriver_studio/toolchain/risc-v embedded gcc/bin/../lib/gcc/riscv-none-embed/8.2.0/../../../../riscv-none-embed/lib/rv32imacxw/ilp32\libg_nano.a(lib_a-memset.o)
                0x0000000000000220                memset
 .text          0x00000000000002c8      0x11a d:/mounriver/mounriver_studio/toolchain/risc-v embedded gcc/bin/../lib/gcc/riscv-none-embed/8.2.0/../../../../riscv-none-embed/lib/rv32imacxw/ilp32\libg_nano.a(lib_a-strcmp.o)
                0x00000000000002c8                strcmp
 *(.text.*)
 .text.NMI_Handler
                0x00000000000003e2        0x2 ./User/ch32v30x_it.o
                0x00000000000003e2                NMI_Handler
 .text.HardFault_Handler
                0x00000000000003e4       0x10 ./User/ch32v30x_it.o
                0x00000000000003e4                HardFault_Handler
 .text.ch9142_Init
                0x00000000000003f4      0x1e0 ./User/ch9142.o
                0x00000000000003f4                ch9142_Init
 .text.USART1_IRQHandler
                0x00000000000005d4       0x80 ./User/ch9142.o
                0x00000000000005d4                USART1_IRQHandler
 .text.USART2_IRQHandler
                0x0000000000000654       0x80 ./User/ch9142.o
                0x0000000000000654                USART2_IRQHandler
 .text.LCD_RD_DATA
                0x00000000000006d4       0x16 ./User/lcd.o
                0x00000000000006d4                LCD_RD_DATA
 .text.LCD_WriteRAM_Prepare
                0x00000000000006ea        0xe ./User/lcd.o
                0x00000000000006ea                LCD_WriteRAM_Prepare
 .text.LCD_SetCursor
                0x00000000000006f8       0x3a ./User/lcd.o
                0x00000000000006f8                LCD_SetCursor
 .text.LCD_Scan_Dir
                0x0000000000000732       0xba ./User/lcd.o
                0x0000000000000732                LCD_Scan_Dir
 .text.LCD_Display_Dir
                0x00000000000007ec       0x4c ./User/lcd.o
                0x00000000000007ec                LCD_Display_Dir
 .text.LCD_Reset_GPIO_Init
                0x0000000000000838       0x3c ./User/lcd.o
                0x0000000000000838                LCD_Reset_GPIO_Init
 .text.LCD_Clear
                0x0000000000000874       0x2c ./User/lcd.o
                0x0000000000000874                LCD_Clear
 .text.LCD_Init
                0x00000000000008a0      0x380 ./User/lcd.o
                0x00000000000008a0                LCD_Init
 .text.LCD_Fast_DrawPoint
                0x0000000000000c20       0x52 ./User/lcd.o
                0x0000000000000c20                LCD_Fast_DrawPoint
 .text.LCD_ShowChar
                0x0000000000000c72      0x11a ./User/lcd.o
                0x0000000000000c72                LCD_ShowChar
 .text.LCD_ShowString
                0x0000000000000d8c       0x68 ./User/lcd.o
                0x0000000000000d8c                LCD_ShowString
 .text.LCD_ShowNum
                0x0000000000000df4       0x80 ./User/lcd.o
                0x0000000000000df4                LCD_ShowNum
 .text.LCD_DrawLine
                0x0000000000000e74       0x7c ./User/lcd.o
                0x0000000000000e74                LCD_DrawLine
 .text.LCD_DrawCircle_8
                0x0000000000000ef0       0xb2 ./User/lcd.o
                0x0000000000000ef0                LCD_DrawCircle_8
 .text.LCD_DrawCircle
                0x0000000000000fa2       0x82 ./User/lcd.o
                0x0000000000000fa2                LCD_DrawCircle
 .text.m780eg_Init
                0x0000000000001024       0xf4 ./User/m780eg.o
                0x0000000000001024                m780eg_Init
 .text.USART3_IRQHandler
                0x0000000000001118       0x80 ./User/m780eg.o
                0x0000000000001118                USART3_IRQHandler
 .text.startup.main
                0x0000000000001198       0x88 ./User/main.o
                0x0000000000001198                main
 .text.TIM2_Trigger_Init
                0x0000000000001220       0x70 ./User/periodicalTask.o
                0x0000000000001220                TIM2_Trigger_Init
 .text.TIM2_IRQHandler
                0x0000000000001290       0x1a ./User/periodicalTask.o
                0x0000000000001290                TIM2_IRQHandler
 .text.powerMagage_Init
                0x00000000000012aa      0x106 ./User/powerManage.o
                0x00000000000012aa                powerMagage_Init
 .text.Get_ConversionVal
                0x00000000000013b0       0x2a ./User/powerManage.o
                0x00000000000013b0                Get_ConversionVal
 .text.getVolInPercent
                0x00000000000013da       0x78 ./User/powerManage.o
                0x00000000000013da                getVolInPercent
 .text.ADC1_2_IRQHandler
                0x0000000000001452       0x44 ./User/powerManage.o
                0x0000000000001452                ADC1_2_IRQHandler
 .text.SystemInit
                0x0000000000001496       0xfa ./User/system_ch32v30x.o
                0x0000000000001496                SystemInit
 .text.SystemCoreClockUpdate
                0x0000000000001590      0x134 ./User/system_ch32v30x.o
                0x0000000000001590                SystemCoreClockUpdate
 .text.TP_Write_Byte
                0x00000000000016c4       0x4e ./User/touch.o
                0x00000000000016c4                TP_Write_Byte
 .text.TP_Read_AD
                0x0000000000001712       0xbc ./User/touch.o
                0x0000000000001712                TP_Read_AD
 .text.TP_Read_XOY
                0x00000000000017ce       0x64 ./User/touch.o
                0x00000000000017ce                TP_Read_XOY
 .text.TP_Read_XY
                0x0000000000001832       0x26 ./User/touch.o
                0x0000000000001832                TP_Read_XY
 .text.TP_Init  0x0000000000001858       0xc4 ./User/touch.o
                0x0000000000001858                TP_Init
 .text.TP_Read_XY2
                0x000000000000191c       0x6e ./User/touch.o
                0x000000000000191c                TP_Read_XY2
 .text.TP_Scan  0x000000000000198a       0xba ./User/touch.o
                0x000000000000198a                TP_Scan
 .text.TP_Draw_Touch_Point
                0x0000000000001a44       0x9c ./User/touch.o
                0x0000000000001a44                TP_Draw_Touch_Point
 .text.TP_Adj_Info_Show
                0x0000000000001ae0      0x1c8 ./User/touch.o
                0x0000000000001ae0                TP_Adj_Info_Show
 .text.TP_Adjust
                0x0000000000001ca8      0x64e ./User/touch.o
                0x0000000000001ca8                TP_Adjust
 .text.vector_handler
                0x00000000000022f6        0x2 ./Startup/startup_ch32v30x_D8C.o
                0x00000000000022f6                EXTI2_IRQHandler
                0x00000000000022f6                TIM8_TRG_COM_IRQHandler
                0x00000000000022f6                TIM8_CC_IRQHandler
                0x00000000000022f6                UART8_IRQHandler
                0x00000000000022f6                TIM1_CC_IRQHandler
                0x00000000000022f6                TIM6_IRQHandler
                0x00000000000022f6                SysTick_Handler
                0x00000000000022f6                PVD_IRQHandler
                0x00000000000022f6                SDIO_IRQHandler
                0x00000000000022f6                TIM9_BRK_IRQHandler
                0x00000000000022f6                DMA2_Channel8_IRQHandler
                0x00000000000022f6                CAN2_RX1_IRQHandler
                0x00000000000022f6                EXTI3_IRQHandler
                0x00000000000022f6                USBHS_IRQHandler
                0x00000000000022f6                DMA2_Channel9_IRQHandler
                0x00000000000022f6                TIM10_CC_IRQHandler
                0x00000000000022f6                USBFS_IRQHandler
                0x00000000000022f6                EXTI0_IRQHandler
                0x00000000000022f6                I2C2_EV_IRQHandler
                0x00000000000022f6                TIM10_TRG_COM_IRQHandler
                0x00000000000022f6                CAN2_SCE_IRQHandler
                0x00000000000022f6                Break_Point_Handler
                0x00000000000022f6                SPI1_IRQHandler
                0x00000000000022f6                TAMPER_IRQHandler
                0x00000000000022f6                CAN2_RX0_IRQHandler
                0x00000000000022f6                TIM8_UP_IRQHandler
                0x00000000000022f6                Ecall_M_Mode_Handler
                0x00000000000022f6                DMA2_Channel2_IRQHandler
                0x00000000000022f6                DMA1_Channel4_IRQHandler
                0x00000000000022f6                TIM9_UP_IRQHandler
                0x00000000000022f6                RTC_IRQHandler
                0x00000000000022f6                DMA1_Channel7_IRQHandler
                0x00000000000022f6                CAN1_RX1_IRQHandler
                0x00000000000022f6                DVP_IRQHandler
                0x00000000000022f6                UART5_IRQHandler
                0x00000000000022f6                TIM4_IRQHandler
                0x00000000000022f6                DMA2_Channel1_IRQHandler
                0x00000000000022f6                I2C1_EV_IRQHandler
                0x00000000000022f6                DMA1_Channel6_IRQHandler
                0x00000000000022f6                UART4_IRQHandler
                0x00000000000022f6                DMA2_Channel4_IRQHandler
                0x00000000000022f6                TIM3_IRQHandler
                0x00000000000022f6                RCC_IRQHandler
                0x00000000000022f6                TIM1_TRG_COM_IRQHandler
                0x00000000000022f6                DMA1_Channel1_IRQHandler
                0x00000000000022f6                DMA2_Channel7_IRQHandler
                0x00000000000022f6                EXTI15_10_IRQHandler
                0x00000000000022f6                TIM7_IRQHandler
                0x00000000000022f6                CAN2_TX_IRQHandler
                0x00000000000022f6                TIM5_IRQHandler
                0x00000000000022f6                EXTI9_5_IRQHandler
                0x00000000000022f6                ETH_WKUP_IRQHandler
                0x00000000000022f6                SPI2_IRQHandler
                0x00000000000022f6                TIM10_BRK_IRQHandler
                0x00000000000022f6                TIM9_CC_IRQHandler
                0x00000000000022f6                DMA2_Channel5_IRQHandler
                0x00000000000022f6                DMA1_Channel5_IRQHandler
                0x00000000000022f6                EXTI4_IRQHandler
                0x00000000000022f6                USB_LP_CAN1_RX0_IRQHandler
                0x00000000000022f6                RNG_IRQHandler
                0x00000000000022f6                USB_HP_CAN1_TX_IRQHandler
                0x00000000000022f6                DMA1_Channel3_IRQHandler
                0x00000000000022f6                ETH_IRQHandler
                0x00000000000022f6                TIM1_UP_IRQHandler
                0x00000000000022f6                WWDG_IRQHandler
                0x00000000000022f6                USBHSWakeup_IRQHandler
                0x00000000000022f6                DMA2_Channel11_IRQHandler
                0x00000000000022f6                Ecall_U_Mode_Handler
                0x00000000000022f6                DMA2_Channel6_IRQHandler
                0x00000000000022f6                SW_Handler
                0x00000000000022f6                TIM1_BRK_IRQHandler
                0x00000000000022f6                DMA2_Channel10_IRQHandler
                0x00000000000022f6                EXTI1_IRQHandler
                0x00000000000022f6                RTCAlarm_IRQHandler
                0x00000000000022f6                TIM10_UP_IRQHandler
                0x00000000000022f6                TIM9_TRG_COM_IRQHandler
                0x00000000000022f6                UART7_IRQHandler
                0x00000000000022f6                UART6_IRQHandler
                0x00000000000022f6                I2C2_ER_IRQHandler
                0x00000000000022f6                DMA1_Channel2_IRQHandler
                0x00000000000022f6                TIM8_BRK_IRQHandler
                0x00000000000022f6                CAN1_SCE_IRQHandler
                0x00000000000022f6                FLASH_IRQHandler
                0x00000000000022f6                SPI3_IRQHandler
                0x00000000000022f6                I2C1_ER_IRQHandler
                0x00000000000022f6                USBWakeUp_IRQHandler
                0x00000000000022f6                DMA2_Channel3_IRQHandler
 .text.handle_reset
                0x00000000000022f8       0x8e ./Startup/startup_ch32v30x_D8C.o
                0x00000000000022f8                handle_reset
 .text.ADC_DeInit
                0x0000000000002386       0x40 ./Peripheral/src/ch32v30x_adc.o
                0x0000000000002386                ADC_DeInit
 .text.ADC_Init
                0x00000000000023c6       0x56 ./Peripheral/src/ch32v30x_adc.o
                0x00000000000023c6                ADC_Init
 .text.ADC_Cmd  0x000000000000241c       0x10 ./Peripheral/src/ch32v30x_adc.o
                0x000000000000241c                ADC_Cmd
 .text.ADC_ITConfig
                0x000000000000242c       0x16 ./Peripheral/src/ch32v30x_adc.o
                0x000000000000242c                ADC_ITConfig
 .text.ADC_ResetCalibration
                0x0000000000002442        0xa ./Peripheral/src/ch32v30x_adc.o
                0x0000000000002442                ADC_ResetCalibration
 .text.ADC_GetResetCalibrationStatus
                0x000000000000244c        0x8 ./Peripheral/src/ch32v30x_adc.o
                0x000000000000244c                ADC_GetResetCalibrationStatus
 .text.ADC_StartCalibration
                0x0000000000002454        0xa ./Peripheral/src/ch32v30x_adc.o
                0x0000000000002454                ADC_StartCalibration
 .text.ADC_GetCalibrationStatus
                0x000000000000245e        0x8 ./Peripheral/src/ch32v30x_adc.o
                0x000000000000245e                ADC_GetCalibrationStatus
 .text.ADC_ExternalTrigInjectedConvCmd
                0x0000000000002466       0x14 ./Peripheral/src/ch32v30x_adc.o
                0x0000000000002466                ADC_ExternalTrigInjectedConvCmd
 .text.ADC_InjectedChannelConfig
                0x000000000000247a       0x7a ./Peripheral/src/ch32v30x_adc.o
                0x000000000000247a                ADC_InjectedChannelConfig
 .text.ADC_InjectedSequencerLengthConfig
                0x00000000000024f4       0x14 ./Peripheral/src/ch32v30x_adc.o
                0x00000000000024f4                ADC_InjectedSequencerLengthConfig
 .text.ADC_GetInjectedConversionValue
                0x0000000000002508       0x1c ./Peripheral/src/ch32v30x_adc.o
                0x0000000000002508                ADC_GetInjectedConversionValue
 .text.ADC_GetITStatus
                0x0000000000002524       0x1c ./Peripheral/src/ch32v30x_adc.o
                0x0000000000002524                ADC_GetITStatus
 .text.ADC_ClearITPendingBit
                0x0000000000002540        0xa ./Peripheral/src/ch32v30x_adc.o
                0x0000000000002540                ADC_ClearITPendingBit
 .text.ADC_BufferCmd
                0x000000000000254a       0x18 ./Peripheral/src/ch32v30x_adc.o
                0x000000000000254a                ADC_BufferCmd
 .text.Get_CalibrationValue
                0x0000000000002562      0x134 ./Peripheral/src/ch32v30x_adc.o
                0x0000000000002562                Get_CalibrationValue
 .text.FSMC_NORSRAMInit
                0x0000000000002696       0xae ./Peripheral/src/ch32v30x_fsmc.o
                0x0000000000002696                FSMC_NORSRAMInit
 .text.FSMC_NORSRAMCmd
                0x0000000000002744       0x1e ./Peripheral/src/ch32v30x_fsmc.o
                0x0000000000002744                FSMC_NORSRAMCmd
 .text.GPIO_Init
                0x0000000000002762       0xc0 ./Peripheral/src/ch32v30x_gpio.o
                0x0000000000002762                GPIO_Init
 .text.GPIO_ReadInputDataBit
                0x0000000000002822        0xa ./Peripheral/src/ch32v30x_gpio.o
                0x0000000000002822                GPIO_ReadInputDataBit
 .text.GPIO_SetBits
                0x000000000000282c        0x4 ./Peripheral/src/ch32v30x_gpio.o
                0x000000000000282c                GPIO_SetBits
 .text.GPIO_ResetBits
                0x0000000000002830        0x4 ./Peripheral/src/ch32v30x_gpio.o
                0x0000000000002830                GPIO_ResetBits
 .text.GPIO_WriteBit
                0x0000000000002834        0xa ./Peripheral/src/ch32v30x_gpio.o
                0x0000000000002834                GPIO_WriteBit
 .text.NVIC_PriorityGroupConfig
                0x000000000000283e        0x6 ./Peripheral/src/ch32v30x_misc.o
                0x000000000000283e                NVIC_PriorityGroupConfig
 .text.NVIC_Init
                0x0000000000002844       0x5c ./Peripheral/src/ch32v30x_misc.o
                0x0000000000002844                NVIC_Init
 .text.RCC_ADCCLKConfig
                0x00000000000028a0       0x12 ./Peripheral/src/ch32v30x_rcc.o
                0x00000000000028a0                RCC_ADCCLKConfig
 .text.RCC_GetClocksFreq
                0x00000000000028b2      0x180 ./Peripheral/src/ch32v30x_rcc.o
                0x00000000000028b2                RCC_GetClocksFreq
 .text.RCC_AHBPeriphClockCmd
                0x0000000000002a32       0x1e ./Peripheral/src/ch32v30x_rcc.o
                0x0000000000002a32                RCC_AHBPeriphClockCmd
 .text.RCC_APB2PeriphClockCmd
                0x0000000000002a50       0x1e ./Peripheral/src/ch32v30x_rcc.o
                0x0000000000002a50                RCC_APB2PeriphClockCmd
 .text.RCC_APB1PeriphClockCmd
                0x0000000000002a6e       0x1e ./Peripheral/src/ch32v30x_rcc.o
                0x0000000000002a6e                RCC_APB1PeriphClockCmd
 .text.RCC_APB2PeriphResetCmd
                0x0000000000002a8c       0x1e ./Peripheral/src/ch32v30x_rcc.o
                0x0000000000002a8c                RCC_APB2PeriphResetCmd
 .text.TIM_TimeBaseInit
                0x0000000000002aaa       0xaa ./Peripheral/src/ch32v30x_tim.o
                0x0000000000002aaa                TIM_TimeBaseInit
 .text.TIM_Cmd  0x0000000000002b54       0x18 ./Peripheral/src/ch32v30x_tim.o
                0x0000000000002b54                TIM_Cmd
 .text.TIM_ITConfig
                0x0000000000002b6c       0x12 ./Peripheral/src/ch32v30x_tim.o
                0x0000000000002b6c                TIM_ITConfig
 .text.TIM_SelectOutputTrigger
                0x0000000000002b7e       0x18 ./Peripheral/src/ch32v30x_tim.o
                0x0000000000002b7e                TIM_SelectOutputTrigger
 .text.TIM_GetITStatus
                0x0000000000002b96       0x18 ./Peripheral/src/ch32v30x_tim.o
                0x0000000000002b96                TIM_GetITStatus
 .text.TIM_ClearITPendingBit
                0x0000000000002bae        0xc ./Peripheral/src/ch32v30x_tim.o
                0x0000000000002bae                TIM_ClearITPendingBit
 .text.USART_Init
                0x0000000000002bba       0x90 ./Peripheral/src/ch32v30x_usart.o
                0x0000000000002bba                USART_Init
 .text.USART_Cmd
                0x0000000000002c4a       0x16 ./Peripheral/src/ch32v30x_usart.o
                0x0000000000002c4a                USART_Cmd
 .text.USART_ITConfig
                0x0000000000002c60       0x36 ./Peripheral/src/ch32v30x_usart.o
                0x0000000000002c60                USART_ITConfig
 .text.USART_SendData
                0x0000000000002c96        0x8 ./Peripheral/src/ch32v30x_usart.o
                0x0000000000002c96                USART_SendData
 .text.USART_ReceiveData
                0x0000000000002c9e        0x8 ./Peripheral/src/ch32v30x_usart.o
                0x0000000000002c9e                USART_ReceiveData
 .text.USART_GetITStatus
                0x0000000000002ca6       0x3c ./Peripheral/src/ch32v30x_usart.o
                0x0000000000002ca6                USART_GetITStatus
 .text.get_angle
                0x0000000000002ce2       0x6e ./Gui/src/widgets/lv_arc.o
 .text.lv_obj_get_style_arc_width
                0x0000000000002d50       0x14 ./Gui/src/widgets/lv_arc.o
 .text.lv_obj_get_style_pad_left
                0x0000000000002d64       0x12 ./Gui/src/widgets/lv_arc.o
 .text.lv_obj_get_style_pad_right
                0x0000000000002d76       0x12 ./Gui/src/widgets/lv_arc.o
 .text.lv_obj_get_style_pad_top
                0x0000000000002d88       0x12 ./Gui/src/widgets/lv_arc.o
 .text.lv_obj_get_style_pad_bottom
                0x0000000000002d9a       0x12 ./Gui/src/widgets/lv_arc.o
 .text.get_center
                0x0000000000002dac       0x90 ./Gui/src/widgets/lv_arc.o
 .text.get_knob_area
                0x0000000000002e3c       0xc6 ./Gui/src/widgets/lv_arc.o
 .text.lv_arc_constructor
                0x0000000000002f02       0x5e ./Gui/src/widgets/lv_arc.o
 .text.inv_arc_area
                0x0000000000002f60       0xbe ./Gui/src/widgets/lv_arc.o
 .text.knob_get_extra_size
                0x000000000000301e       0xe2 ./Gui/src/widgets/lv_arc.o
 .text.inv_knob_area
                0x0000000000003100       0x42 ./Gui/src/widgets/lv_arc.o
 .text.lv_arc_set_start_angle
                0x0000000000003142       0x9e ./Gui/src/widgets/lv_arc.o
                0x0000000000003142                lv_arc_set_start_angle
 .text.lv_arc_set_end_angle
                0x00000000000031e0       0xa0 ./Gui/src/widgets/lv_arc.o
                0x00000000000031e0                lv_arc_set_end_angle
 .text.lv_arc_set_angles
                0x0000000000003280       0x1a ./Gui/src/widgets/lv_arc.o
                0x0000000000003280                lv_arc_set_angles
 .text.value_update
                0x000000000000329a      0x102 ./Gui/src/widgets/lv_arc.o
 .text.lv_arc_set_bg_start_angle
                0x000000000000339c       0x94 ./Gui/src/widgets/lv_arc.o
                0x000000000000339c                lv_arc_set_bg_start_angle
 .text.lv_arc_set_bg_end_angle
                0x0000000000003430       0x96 ./Gui/src/widgets/lv_arc.o
                0x0000000000003430                lv_arc_set_bg_end_angle
 .text.lv_arc_set_bg_angles
                0x00000000000034c6       0x1a ./Gui/src/widgets/lv_arc.o
                0x00000000000034c6                lv_arc_set_bg_angles
 .text.lv_arc_set_rotation
                0x00000000000034e0        0xe ./Gui/src/widgets/lv_arc.o
                0x00000000000034e0                lv_arc_set_rotation
 .text.lv_arc_set_value
                0x00000000000034ee       0x44 ./Gui/src/widgets/lv_arc.o
                0x00000000000034ee                lv_arc_set_value
 .text.lv_arc_event
                0x0000000000003532      0x634 ./Gui/src/widgets/lv_arc.o
 .text.lv_area_get_width
                0x0000000000003b66       0x10 ./Gui/src/widgets/lv_bar.o
 .text.lv_area_get_height
                0x0000000000003b76       0x10 ./Gui/src/widgets/lv_bar.o
 .text.lv_bar_destructor
                0x0000000000003b86       0x1e ./Gui/src/widgets/lv_bar.o
 .text.lv_bar_anim_ready
                0x0000000000003ba4       0x2e ./Gui/src/widgets/lv_bar.o
 .text.lv_bar_anim
                0x0000000000003bd2       0x10 ./Gui/src/widgets/lv_bar.o
 .text.lv_bar_set_value_with_anim
                0x0000000000003be2       0x84 ./Gui/src/widgets/lv_bar.o
 .text.draw_indic
                0x0000000000003c66      0x5ee ./Gui/src/widgets/lv_bar.o
 .text.lv_bar_event
                0x0000000000004254       0xf6 ./Gui/src/widgets/lv_bar.o
 .text.lv_bar_set_value
                0x000000000000434a       0x3a ./Gui/src/widgets/lv_bar.o
                0x000000000000434a                lv_bar_set_value
 .text.lv_bar_constructor
                0x0000000000004384       0x62 ./Gui/src/widgets/lv_bar.o
 .text.lv_bar_set_start_value
                0x00000000000043e6       0x42 ./Gui/src/widgets/lv_bar.o
                0x00000000000043e6                lv_bar_set_start_value
 .text.lv_bar_get_value
                0x0000000000004428       0x10 ./Gui/src/widgets/lv_bar.o
                0x0000000000004428                lv_bar_get_value
 .text.lv_bar_get_start_value
                0x0000000000004438       0x20 ./Gui/src/widgets/lv_bar.o
                0x0000000000004438                lv_bar_get_start_value
 .text.lv_bar_get_mode
                0x0000000000004458        0x6 ./Gui/src/widgets/lv_bar.o
                0x0000000000004458                lv_bar_get_mode
 .text.lv_btn_constructor
                0x000000000000445e       0x1c ./Gui/src/widgets/lv_btn.o
 .text.lv_btn_create
                0x000000000000447a       0x1e ./Gui/src/widgets/lv_btn.o
                0x000000000000447a                lv_btn_create
 .text.lv_btnmatrix_destructor
                0x0000000000004498       0x1e ./Gui/src/widgets/lv_btnmatrix.o
 .text.draw_main
                0x00000000000044b6      0x432 ./Gui/src/widgets/lv_btnmatrix.o
 .text.lv_obj_get_style_pad_column.constprop.10
                0x00000000000048e8       0x14 ./Gui/src/widgets/lv_btnmatrix.o
 .text.invalidate_button_area
                0x00000000000048fc       0xdc ./Gui/src/widgets/lv_btnmatrix.o
 .text.get_button_from_point
                0x00000000000049d8      0x1c2 ./Gui/src/widgets/lv_btnmatrix.o
 .text.lv_btnmatrix_set_map.part.1
                0x0000000000004b9a      0x286 ./Gui/src/widgets/lv_btnmatrix.o
 .text.lv_btnmatrix_constructor
                0x0000000000004e20       0x34 ./Gui/src/widgets/lv_btnmatrix.o
 .text.lv_btnmatrix_create
                0x0000000000004e54       0x1e ./Gui/src/widgets/lv_btnmatrix.o
                0x0000000000004e54                lv_btnmatrix_create
 .text.lv_btnmatrix_set_map
                0x0000000000004e72       0x10 ./Gui/src/widgets/lv_btnmatrix.o
                0x0000000000004e72                lv_btnmatrix_set_map
 .text.lv_btnmatrix_set_ctrl_map
                0x0000000000004e82       0x1c ./Gui/src/widgets/lv_btnmatrix.o
                0x0000000000004e82                lv_btnmatrix_set_ctrl_map
 .text.lv_btnmatrix_set_selected_btn
                0x0000000000004e9e       0x2c ./Gui/src/widgets/lv_btnmatrix.o
                0x0000000000004e9e                lv_btnmatrix_set_selected_btn
 .text.lv_btnmatrix_clear_btn_ctrl
                0x0000000000004eca       0x52 ./Gui/src/widgets/lv_btnmatrix.o
                0x0000000000004eca                lv_btnmatrix_clear_btn_ctrl
 .text.lv_btnmatrix_clear_btn_ctrl_all
                0x0000000000004f1c       0x26 ./Gui/src/widgets/lv_btnmatrix.o
                0x0000000000004f1c                lv_btnmatrix_clear_btn_ctrl_all
 .text.lv_btnmatrix_set_btn_ctrl
                0x0000000000004f42       0x90 ./Gui/src/widgets/lv_btnmatrix.o
                0x0000000000004f42                lv_btnmatrix_set_btn_ctrl
 .text.lv_btnmatrix_set_btn_ctrl_all
                0x0000000000004fd2       0x26 ./Gui/src/widgets/lv_btnmatrix.o
                0x0000000000004fd2                lv_btnmatrix_set_btn_ctrl_all
 .text.lv_btnmatrix_get_selected_btn
                0x0000000000004ff8        0x4 ./Gui/src/widgets/lv_btnmatrix.o
                0x0000000000004ff8                lv_btnmatrix_get_selected_btn
 .text.lv_btnmatrix_get_btn_text
                0x0000000000004ffc       0x72 ./Gui/src/widgets/lv_btnmatrix.o
                0x0000000000004ffc                lv_btnmatrix_get_btn_text
 .text.lv_btnmatrix_has_btn_ctrl
                0x000000000000506e       0x1c ./Gui/src/widgets/lv_btnmatrix.o
                0x000000000000506e                lv_btnmatrix_has_btn_ctrl
 .text.make_one_button_checked
                0x000000000000508a       0x30 ./Gui/src/widgets/lv_btnmatrix.o
 .text.lv_btnmatrix_event
                0x00000000000050ba      0x5a8 ./Gui/src/widgets/lv_btnmatrix.o
 .text.lv_btnmatrix_set_one_checked
                0x0000000000005662       0x1c ./Gui/src/widgets/lv_btnmatrix.o
                0x0000000000005662                lv_btnmatrix_set_one_checked
 .text.lv_checkbox_constructor
                0x000000000000567e       0x3a ./Gui/src/widgets/lv_checkbox.o
 .text.lv_checkbox_destructor
                0x00000000000056b8       0x1e ./Gui/src/widgets/lv_checkbox.o
 .text.lv_checkbox_event
                0x00000000000056d6      0x334 ./Gui/src/widgets/lv_checkbox.o
 .text.lv_dropdownlist_destructor
                0x0000000000005a0a        0x8 ./Gui/src/widgets/lv_dropdown.o
 .text.get_label
                0x0000000000005a12       0x14 ./Gui/src/widgets/lv_dropdown.o
 .text.lv_dropdownlist_constructor
                0x0000000000005a26       0x34 ./Gui/src/widgets/lv_dropdown.o
 .text.lv_dropdown_destructor
                0x0000000000005a5a       0x28 ./Gui/src/widgets/lv_dropdown.o
 .text.get_id_on_point
                0x0000000000005a82       0x6a ./Gui/src/widgets/lv_dropdown.o
 .text.draw_box_label
                0x0000000000005aec       0xd0 ./Gui/src/widgets/lv_dropdown.o
 .text.draw_box
                0x0000000000005bbc       0xba ./Gui/src/widgets/lv_dropdown.o
 .text.position_to_selected
                0x0000000000005c76       0x58 ./Gui/src/widgets/lv_dropdown.o
 .text.lv_dropdown_create
                0x0000000000005cce       0x1e ./Gui/src/widgets/lv_dropdown.o
                0x0000000000005cce                lv_dropdown_create
 .text.lv_dropdown_set_options
                0x0000000000005cec       0x82 ./Gui/src/widgets/lv_dropdown.o
                0x0000000000005cec                lv_dropdown_set_options
 .text.lv_dropdown_set_options_static
                0x0000000000005d6e       0x66 ./Gui/src/widgets/lv_dropdown.o
                0x0000000000005d6e                lv_dropdown_set_options_static
 .text.lv_dropdown_constructor
                0x0000000000005dd4       0x6e ./Gui/src/widgets/lv_dropdown.o
 .text.lv_dropdown_set_selected
                0x0000000000005e42       0x34 ./Gui/src/widgets/lv_dropdown.o
                0x0000000000005e42                lv_dropdown_set_selected
 .text.lv_dropdown_get_selected
                0x0000000000005e76        0x4 ./Gui/src/widgets/lv_dropdown.o
                0x0000000000005e76                lv_dropdown_get_selected
 .text.lv_dropdown_get_selected_str
                0x0000000000005e7a       0x7e ./Gui/src/widgets/lv_dropdown.o
                0x0000000000005e7a                lv_dropdown_get_selected_str
 .text.lv_dropdown_open
                0x0000000000005ef8      0x236 ./Gui/src/widgets/lv_dropdown.o
                0x0000000000005ef8                lv_dropdown_open
 .text.lv_dropdown_close
                0x000000000000612e       0x28 ./Gui/src/widgets/lv_dropdown.o
                0x000000000000612e                lv_dropdown_close
 .text.lv_dropdown_list_event
                0x0000000000006156      0x1c4 ./Gui/src/widgets/lv_dropdown.o
 .text.lv_dropdown_is_open
                0x000000000000631a       0x18 ./Gui/src/widgets/lv_dropdown.o
                0x000000000000631a                lv_dropdown_is_open
 .text.btn_release_handler
                0x0000000000006332       0x7e ./Gui/src/widgets/lv_dropdown.o
 .text.lv_dropdown_event
                0x00000000000063b0      0x3a4 ./Gui/src/widgets/lv_dropdown.o
 .text.lv_img_get_transformed_size
                0x0000000000006754       0x3c ./Gui/src/widgets/lv_img.o
 .text.lv_img_constructor
                0x0000000000006790       0x58 ./Gui/src/widgets/lv_img.o
 .text.lv_img_destructor
                0x00000000000067e8       0x2e ./Gui/src/widgets/lv_img.o
 .text.lv_img_create
                0x0000000000006816       0x1e ./Gui/src/widgets/lv_img.o
                0x0000000000006816                lv_img_create
 .text.lv_img_set_src
                0x0000000000006834      0x178 ./Gui/src/widgets/lv_img.o
                0x0000000000006834                lv_img_set_src
 .text.lv_img_event
                0x00000000000069ac      0x662 ./Gui/src/widgets/lv_img.o
 .text.lv_label_dot_tmp_free
                0x000000000000700e       0x2c ./Gui/src/widgets/lv_label.o
 .text.lv_label_destructor
                0x000000000000703a       0x22 ./Gui/src/widgets/lv_label.o
 .text.set_ofs_y_anim
                0x000000000000705c       0x10 ./Gui/src/widgets/lv_label.o
 .text.set_ofs_x_anim
                0x000000000000706c       0x10 ./Gui/src/widgets/lv_label.o
 .text.lv_label_revert_dots
                0x000000000000707c       0x66 ./Gui/src/widgets/lv_label.o
 .text.lv_obj_get_style_width.constprop.19
                0x00000000000070e2       0x14 ./Gui/src/widgets/lv_label.o
 .text.lv_obj_get_style_text_letter_space.constprop.20
                0x00000000000070f6       0x16 ./Gui/src/widgets/lv_label.o
 .text.lv_obj_get_style_text_line_space.constprop.21
                0x000000000000710c       0x16 ./Gui/src/widgets/lv_label.o
 .text.lv_obj_get_style_text_font.constprop.22
                0x0000000000007122       0x12 ./Gui/src/widgets/lv_label.o
 .text.lv_label_get_letter_on.part.10
                0x0000000000007134      0x202 ./Gui/src/widgets/lv_label.o
 .text.lv_label_refr_text
                0x0000000000007336      0x510 ./Gui/src/widgets/lv_label.o
 .text.lv_label_event
                0x0000000000007846      0x366 ./Gui/src/widgets/lv_label.o
 .text.lv_label_create
                0x0000000000007bac       0x1e ./Gui/src/widgets/lv_label.o
                0x0000000000007bac                lv_label_create
 .text.lv_label_set_text
                0x0000000000007bca       0x78 ./Gui/src/widgets/lv_label.o
                0x0000000000007bca                lv_label_set_text
 .text.lv_label_set_text_fmt
                0x0000000000007c42       0x5a ./Gui/src/widgets/lv_label.o
                0x0000000000007c42                lv_label_set_text_fmt
 .text.lv_label_set_text_static
                0x0000000000007c9c       0x3c ./Gui/src/widgets/lv_label.o
                0x0000000000007c9c                lv_label_set_text_static
 .text.lv_label_set_long_mode
                0x0000000000007cd8       0x6e ./Gui/src/widgets/lv_label.o
                0x0000000000007cd8                lv_label_set_long_mode
 .text.lv_label_constructor
                0x0000000000007d46       0x56 ./Gui/src/widgets/lv_label.o
 .text.lv_label_set_text_sel_start
                0x0000000000007d9c        0xe ./Gui/src/widgets/lv_label.o
                0x0000000000007d9c                lv_label_set_text_sel_start
 .text.lv_label_set_text_sel_end
                0x0000000000007daa        0xe ./Gui/src/widgets/lv_label.o
                0x0000000000007daa                lv_label_set_text_sel_end
 .text.lv_label_get_text
                0x0000000000007db8        0x4 ./Gui/src/widgets/lv_label.o
                0x0000000000007db8                lv_label_get_text
 .text.lv_label_get_recolor
                0x0000000000007dbc        0xa ./Gui/src/widgets/lv_label.o
                0x0000000000007dbc                lv_label_get_recolor
 .text.lv_label_get_letter_pos
                0x0000000000007dc6      0x1da ./Gui/src/widgets/lv_label.o
                0x0000000000007dc6                lv_label_get_letter_pos
 .text.lv_label_get_letter_on
                0x0000000000007fa0       0x10 ./Gui/src/widgets/lv_label.o
                0x0000000000007fa0                lv_label_get_letter_on
 .text.lv_label_is_char_under_pos
                0x0000000000007fb0      0x1c2 ./Gui/src/widgets/lv_label.o
                0x0000000000007fb0                lv_label_is_char_under_pos
 .text.lv_label_get_text_selection_start
                0x0000000000008172        0x4 ./Gui/src/widgets/lv_label.o
                0x0000000000008172                lv_label_get_text_selection_start
 .text.lv_label_get_text_selection_end
                0x0000000000008176        0x4 ./Gui/src/widgets/lv_label.o
                0x0000000000008176                lv_label_get_text_selection_end
 .text.lv_label_ins_text
                0x000000000000817a       0x64 ./Gui/src/widgets/lv_label.o
                0x000000000000817a                lv_label_ins_text
 .text.lv_line_constructor
                0x00000000000081de       0x22 ./Gui/src/widgets/lv_line.o
 .text.lv_line_event
                0x0000000000008200      0x19a ./Gui/src/widgets/lv_line.o
 .text.set_y_anim
                0x000000000000839a       0x10 ./Gui/src/widgets/lv_roller.o
 .text.lv_obj_get_style_text_font
                0x00000000000083aa       0x10 ./Gui/src/widgets/lv_roller.o
 .text.get_label
                0x00000000000083ba        0xe ./Gui/src/widgets/lv_roller.o
 .text.lv_obj_get_style_text_line_space.constprop.13
                0x00000000000083c8       0x16 ./Gui/src/widgets/lv_roller.o
 .text.get_sel_area
                0x00000000000083de       0x7c ./Gui/src/widgets/lv_roller.o
 .text.inf_normalize
                0x000000000000845a       0x80 ./Gui/src/widgets/lv_roller.o
 .text.scroll_anim_ready_cb
                0x00000000000084da       0x12 ./Gui/src/widgets/lv_roller.o
 .text.refr_position
                0x00000000000084ec      0x12e ./Gui/src/widgets/lv_roller.o
 .text.lv_roller_set_options.part.7
                0x000000000000861a       0xce ./Gui/src/widgets/lv_roller.o
 .text.lv_roller_constructor
                0x00000000000086e8       0x50 ./Gui/src/widgets/lv_roller.o
 .text.get_selected_label_width
                0x0000000000008738       0x5a ./Gui/src/widgets/lv_roller.o
 .text.lv_roller_label_event
                0x0000000000008792      0x154 ./Gui/src/widgets/lv_roller.o
 .text.lv_roller_set_selected
                0x00000000000088e6       0x86 ./Gui/src/widgets/lv_roller.o
                0x00000000000088e6                lv_roller_set_selected
 .text.lv_roller_event
                0x000000000000896c      0x486 ./Gui/src/widgets/lv_roller.o
 .text.lv_slider_get_mode
                0x0000000000008df2       0x22 ./Gui/src/widgets/lv_slider.o
 .text.lv_slider_constructor
                0x0000000000008e14       0x52 ./Gui/src/widgets/lv_slider.o
 .text.position_knob
                0x0000000000008e66       0xd8 ./Gui/src/widgets/lv_slider.o
 .text.lv_slider_event
                0x0000000000008f3e      0x728 ./Gui/src/widgets/lv_slider.o
 .text.lv_switch_anim_ready
                0x0000000000009666       0x12 ./Gui/src/widgets/lv_switch.o
 .text.lv_switch_anim_exec_cb
                0x0000000000009678        0xe ./Gui/src/widgets/lv_switch.o
 .text.lv_switch_destructor
                0x0000000000009686       0x10 ./Gui/src/widgets/lv_switch.o
 .text.lv_switch_constructor
                0x0000000000009696       0x28 ./Gui/src/widgets/lv_switch.o
 .text.lv_switch_event
                0x00000000000096be      0x2fa ./Gui/src/widgets/lv_switch.o
 .text.lv_obj_get_style_pad_left
                0x00000000000099b8       0x12 ./Gui/src/widgets/lv_table.o
 .text.lv_obj_get_style_pad_right
                0x00000000000099ca       0x12 ./Gui/src/widgets/lv_table.o
 .text.lv_obj_get_style_pad_top
                0x00000000000099dc       0x12 ./Gui/src/widgets/lv_table.o
 .text.get_row_height
                0x00000000000099ee      0x10c ./Gui/src/widgets/lv_table.o
 .text.lv_table_destructor
                0x0000000000009afa       0x4e ./Gui/src/widgets/lv_table.o
 .text.lv_table_constructor
                0x0000000000009b48       0x42 ./Gui/src/widgets/lv_table.o
 .text.get_cell_area
                0x0000000000009b8a      0x100 ./Gui/src/widgets/lv_table.o
 .text.scroll_to_selected_cell
                0x0000000000009c8a       0x84 ./Gui/src/widgets/lv_table.o
 .text.draw_main
                0x0000000000009d0e      0x514 ./Gui/src/widgets/lv_table.o
 .text.refr_size_form_row.constprop.4
                0x000000000000a222      0x100 ./Gui/src/widgets/lv_table.o
 .text.lv_table_event
                0x000000000000a322      0x2b8 ./Gui/src/widgets/lv_table.o
 .text.pwd_char_hider_anim
                0x000000000000a5da        0x2 ./Gui/src/widgets/lv_textarea.o
 .text.lv_textarea_destructor
                0x000000000000a5dc       0x2e ./Gui/src/widgets/lv_textarea.o
 .text.start_cursor_blink
                0x000000000000a60a       0x6a ./Gui/src/widgets/lv_textarea.o
 .text.lv_obj_get_style_text_font.constprop.21
                0x000000000000a674       0x12 ./Gui/src/widgets/lv_textarea.o
 .text.cursor_blink_anim_cb
                0x000000000000a686       0x52 ./Gui/src/widgets/lv_textarea.o
 .text.refr_cursor_area
                0x000000000000a6d8      0x20e ./Gui/src/widgets/lv_textarea.o
 .text.label_event_cb
                0x000000000000a8e6       0x3c ./Gui/src/widgets/lv_textarea.o
 .text.lv_textarea_set_cursor_pos
                0x000000000000a922       0xfe ./Gui/src/widgets/lv_textarea.o
                0x000000000000a922                lv_textarea_set_cursor_pos
 .text.lv_textarea_constructor
                0x000000000000aa20       0x92 ./Gui/src/widgets/lv_textarea.o
 .text.lv_textarea_set_cursor_click_pos
                0x000000000000aab2       0x14 ./Gui/src/widgets/lv_textarea.o
                0x000000000000aab2                lv_textarea_set_cursor_click_pos
 .text.lv_textarea_set_one_line
                0x000000000000aac6       0x72 ./Gui/src/widgets/lv_textarea.o
                0x000000000000aac6                lv_textarea_set_one_line
 .text.lv_textarea_get_text
                0x000000000000ab38       0x1a ./Gui/src/widgets/lv_textarea.o
                0x000000000000ab38                lv_textarea_get_text
 .text.lv_textarea_get_cursor_pos
                0x000000000000ab52        0x4 ./Gui/src/widgets/lv_textarea.o
                0x000000000000ab52                lv_textarea_get_cursor_pos
 .text.lv_textarea_get_password_bullet
                0x000000000000ab56       0x3c ./Gui/src/widgets/lv_textarea.o
                0x000000000000ab56                lv_textarea_get_password_bullet
 .text.pwd_char_hider
                0x000000000000ab92       0x72 ./Gui/src/widgets/lv_textarea.o
 .text.auto_hide_characters
                0x000000000000ac04       0x50 ./Gui/src/widgets/lv_textarea.o
 .text.pwd_char_hider_anim_ready
                0x000000000000ac54        0xe ./Gui/src/widgets/lv_textarea.o
 .text.lv_textarea_get_one_line
                0x000000000000ac62        0xa ./Gui/src/widgets/lv_textarea.o
                0x000000000000ac62                lv_textarea_get_one_line
 .text.lv_textarea_clear_selection
                0x000000000000ac6c       0x3c ./Gui/src/widgets/lv_textarea.o
                0x000000000000ac6c                lv_textarea_clear_selection
 .text.lv_textarea_add_text
                0x000000000000aca8       0xda ./Gui/src/widgets/lv_textarea.o
                0x000000000000aca8                lv_textarea_add_text
 .text.insert_handler
                0x000000000000ad82       0x42 ./Gui/src/widgets/lv_textarea.o
 .text.lv_textarea_add_char
                0x000000000000adc4      0x100 ./Gui/src/widgets/lv_textarea.o
                0x000000000000adc4                lv_textarea_add_char
 .text.lv_textarea_del_char
                0x000000000000aec4       0x9c ./Gui/src/widgets/lv_textarea.o
                0x000000000000aec4                lv_textarea_del_char
 .text.lv_textarea_del_char_forward
                0x000000000000af60       0x20 ./Gui/src/widgets/lv_textarea.o
                0x000000000000af60                lv_textarea_del_char_forward
 .text.lv_textarea_set_text
                0x000000000000af80       0xc8 ./Gui/src/widgets/lv_textarea.o
                0x000000000000af80                lv_textarea_set_text
 .text.lv_textarea_cursor_right
                0x000000000000b048       0x10 ./Gui/src/widgets/lv_textarea.o
                0x000000000000b048                lv_textarea_cursor_right
 .text.lv_textarea_cursor_left
                0x000000000000b058       0x14 ./Gui/src/widgets/lv_textarea.o
                0x000000000000b058                lv_textarea_cursor_left
 .text.lv_textarea_cursor_down
                0x000000000000b06c       0x64 ./Gui/src/widgets/lv_textarea.o
                0x000000000000b06c                lv_textarea_cursor_down
 .text.lv_textarea_cursor_up
                0x000000000000b0d0       0x56 ./Gui/src/widgets/lv_textarea.o
                0x000000000000b0d0                lv_textarea_cursor_up
 .text.lv_textarea_event
                0x000000000000b126      0x446 ./Gui/src/widgets/lv_textarea.o
 .text.lv_anim_path_linear
                0x000000000000b56c       0x28 ./Gui/src/misc/lv_anim.o
                0x000000000000b56c                lv_anim_path_linear
 .text.anim_mark_list_change
                0x000000000000b594       0x2a ./Gui/src/misc/lv_anim.o
 .text.anim_timer
                0x000000000000b5be      0x172 ./Gui/src/misc/lv_anim.o
 .text._lv_anim_core_init
                0x000000000000b730       0x30 ./Gui/src/misc/lv_anim.o
                0x000000000000b730                _lv_anim_core_init
 .text.lv_anim_init
                0x000000000000b760       0x3e ./Gui/src/misc/lv_anim.o
                0x000000000000b760                lv_anim_init
 .text.lv_anim_del
                0x000000000000b79e       0x5e ./Gui/src/misc/lv_anim.o
                0x000000000000b79e                lv_anim_del
 .text.lv_anim_start
                0x000000000000b7fc       0x86 ./Gui/src/misc/lv_anim.o
                0x000000000000b7fc                lv_anim_start
 .text.lv_anim_get
                0x000000000000b882       0x30 ./Gui/src/misc/lv_anim.o
                0x000000000000b882                lv_anim_get
 .text.lv_anim_speed_to_time
                0x000000000000b8b2       0x22 ./Gui/src/misc/lv_anim.o
                0x000000000000b8b2                lv_anim_speed_to_time
 .text.lv_anim_path_ease_out
                0x000000000000b8d4       0x3a ./Gui/src/misc/lv_anim.o
                0x000000000000b8d4                lv_anim_path_ease_out
 .text.lv_anim_path_ease_in_out
                0x000000000000b90e       0x3a ./Gui/src/misc/lv_anim.o
                0x000000000000b90e                lv_anim_path_ease_in_out
 .text.lv_anim_path_step
                0x000000000000b948       0x10 ./Gui/src/misc/lv_anim.o
                0x000000000000b948                lv_anim_path_step
 .text.lv_point_within_circle
                0x000000000000b958       0x46 ./Gui/src/misc/lv_area.o
 .text.lv_area_set
                0x000000000000b99e        0xa ./Gui/src/misc/lv_area.o
                0x000000000000b99e                lv_area_set
 .text.lv_area_set_width
                0x000000000000b9a8        0xa ./Gui/src/misc/lv_area.o
                0x000000000000b9a8                lv_area_set_width
 .text.lv_area_set_height
                0x000000000000b9b2        0xa ./Gui/src/misc/lv_area.o
                0x000000000000b9b2                lv_area_set_height
 .text.lv_area_get_size
                0x000000000000b9bc       0x1e ./Gui/src/misc/lv_area.o
                0x000000000000b9bc                lv_area_get_size
 .text.lv_area_increase
                0x000000000000b9da       0x22 ./Gui/src/misc/lv_area.o
                0x000000000000b9da                lv_area_increase
 .text.lv_area_move
                0x000000000000b9fc       0x22 ./Gui/src/misc/lv_area.o
                0x000000000000b9fc                lv_area_move
 .text._lv_area_intersect
                0x000000000000ba1e       0x94 ./Gui/src/misc/lv_area.o
                0x000000000000ba1e                _lv_area_intersect
 .text._lv_area_join
                0x000000000000bab2       0x68 ./Gui/src/misc/lv_area.o
                0x000000000000bab2                _lv_area_join
 .text._lv_area_is_point_on
                0x000000000000bb1a      0x14e ./Gui/src/misc/lv_area.o
                0x000000000000bb1a                _lv_area_is_point_on
 .text._lv_area_is_on
                0x000000000000bc68       0x3e ./Gui/src/misc/lv_area.o
                0x000000000000bc68                _lv_area_is_on
 .text._lv_area_is_in
                0x000000000000bca6       0x8a ./Gui/src/misc/lv_area.o
                0x000000000000bca6                _lv_area_is_in
 .text._lv_area_diff
                0x000000000000bd30      0x17c ./Gui/src/misc/lv_area.o
                0x000000000000bd30                _lv_area_diff
 .text._lv_area_is_out
                0x000000000000beac       0x98 ./Gui/src/misc/lv_area.o
                0x000000000000beac                _lv_area_is_out
 .text.lv_point_transform
                0x000000000000bf44      0x14e ./Gui/src/misc/lv_area.o
                0x000000000000bf44                lv_point_transform
 .text.lv_color_mix
                0x000000000000c092       0x3c ./Gui/src/misc/lv_color.o
 .text.lv_color_fill
                0x000000000000c0ce       0x46 ./Gui/src/misc/lv_color.o
                0x000000000000c0ce                lv_color_fill
 .text.lv_color_darken
                0x000000000000c114       0x12 ./Gui/src/misc/lv_color.o
                0x000000000000c114                lv_color_darken
 .text.lv_color_hsv_to_rgb
                0x000000000000c126      0x100 ./Gui/src/misc/lv_color.o
                0x000000000000c126                lv_color_hsv_to_rgb
 .text.lv_palette_main
                0x000000000000c226       0x1c ./Gui/src/misc/lv_color.o
                0x000000000000c226                lv_palette_main
 .text.lv_palette_lighten
                0x000000000000c242       0x2e ./Gui/src/misc/lv_color.o
                0x000000000000c242                lv_palette_lighten
 .text.lv_palette_darken
                0x000000000000c270       0x2a ./Gui/src/misc/lv_color.o
                0x000000000000c270                lv_palette_darken
 .text._lv_fs_init
                0x000000000000c29a       0x10 ./Gui/src/misc/lv_fs.o
                0x000000000000c29a                _lv_fs_init
 .text.lv_fs_close
                0x000000000000c2aa       0x42 ./Gui/src/misc/lv_fs.o
                0x000000000000c2aa                lv_fs_close
 .text.lv_fs_read
                0x000000000000c2ec      0x170 ./Gui/src/misc/lv_fs.o
                0x000000000000c2ec                lv_fs_read
 .text.lv_fs_seek
                0x000000000000c45c       0x74 ./Gui/src/misc/lv_fs.o
                0x000000000000c45c                lv_fs_seek
 .text.lv_fs_get_drv
                0x000000000000c4d0       0x28 ./Gui/src/misc/lv_fs.o
                0x000000000000c4d0                lv_fs_get_drv
 .text.lv_fs_open
                0x000000000000c4f8       0x8c ./Gui/src/misc/lv_fs.o
                0x000000000000c4f8                lv_fs_open
 .text.lv_fs_get_ext
                0x000000000000c584       0x42 ./Gui/src/misc/lv_fs.o
                0x000000000000c584                lv_fs_get_ext
 .text.node_set_prev.isra.0
                0x000000000000c5c6        0xa ./Gui/src/misc/lv_ll.o
 .text.node_set_next.isra.1
                0x000000000000c5d0        0xa ./Gui/src/misc/lv_ll.o
 .text._lv_ll_init
                0x000000000000c5da       0x10 ./Gui/src/misc/lv_ll.o
                0x000000000000c5da                _lv_ll_init
 .text._lv_ll_ins_head
                0x000000000000c5ea       0x3e ./Gui/src/misc/lv_ll.o
                0x000000000000c5ea                _lv_ll_ins_head
 .text._lv_ll_ins_prev
                0x000000000000c628       0x5c ./Gui/src/misc/lv_ll.o
                0x000000000000c628                _lv_ll_ins_prev
 .text._lv_ll_ins_tail
                0x000000000000c684       0x3e ./Gui/src/misc/lv_ll.o
                0x000000000000c684                _lv_ll_ins_tail
 .text._lv_ll_remove
                0x000000000000c6c2       0x58 ./Gui/src/misc/lv_ll.o
                0x000000000000c6c2                _lv_ll_remove
 .text._lv_ll_clear
                0x000000000000c71a       0x2a ./Gui/src/misc/lv_ll.o
                0x000000000000c71a                _lv_ll_clear
 .text._lv_ll_get_head
                0x000000000000c744        0xa ./Gui/src/misc/lv_ll.o
                0x000000000000c744                _lv_ll_get_head
 .text._lv_ll_get_tail
                0x000000000000c74e        0xa ./Gui/src/misc/lv_ll.o
                0x000000000000c74e                _lv_ll_get_tail
 .text._lv_ll_get_next
                0x000000000000c758        0x8 ./Gui/src/misc/lv_ll.o
                0x000000000000c758                _lv_ll_get_next
 .text._lv_ll_get_prev
                0x000000000000c760        0x8 ./Gui/src/misc/lv_ll.o
                0x000000000000c760                _lv_ll_get_prev
 .text._lv_ll_get_len
                0x000000000000c768       0x18 ./Gui/src/misc/lv_ll.o
                0x000000000000c768                _lv_ll_get_len
 .text._lv_ll_is_empty
                0x000000000000c780       0x14 ./Gui/src/misc/lv_ll.o
                0x000000000000c780                _lv_ll_is_empty
 .text.lv_trigo_sin
                0x000000000000c794       0x7e ./Gui/src/misc/lv_math.o
                0x000000000000c794                lv_trigo_sin
 .text.lv_bezier3
                0x000000000000c812       0x54 ./Gui/src/misc/lv_math.o
                0x000000000000c812                lv_bezier3
 .text.lv_atan2
                0x000000000000c866       0xc8 ./Gui/src/misc/lv_math.o
                0x000000000000c866                lv_atan2
 .text.lv_pow   0x000000000000c92e       0x3c ./Gui/src/misc/lv_math.o
                0x000000000000c92e                lv_pow
 .text.lv_map   0x000000000000c96a       0x30 ./Gui/src/misc/lv_math.o
                0x000000000000c96a                lv_map
 .text.lv_mem_init
                0x000000000000c99a       0x1e ./Gui/src/misc/lv_mem.o
                0x000000000000c99a                lv_mem_init
 .text.lv_mem_alloc
                0x000000000000c9b8       0x36 ./Gui/src/misc/lv_mem.o
                0x000000000000c9b8                lv_mem_alloc
 .text.lv_mem_free
                0x000000000000c9ee       0x32 ./Gui/src/misc/lv_mem.o
                0x000000000000c9ee                lv_mem_free
 .text.lv_mem_realloc
                0x000000000000ca20       0x30 ./Gui/src/misc/lv_mem.o
                0x000000000000ca20                lv_mem_realloc
 .text.lv_mem_buf_get
                0x000000000000ca50       0xb0 ./Gui/src/misc/lv_mem.o
                0x000000000000ca50                lv_mem_buf_get
 .text.lv_mem_buf_release
                0x000000000000cb00       0x28 ./Gui/src/misc/lv_mem.o
                0x000000000000cb00                lv_mem_buf_release
 .text.lv_mem_buf_free_all
                0x000000000000cb28       0x38 ./Gui/src/misc/lv_mem.o
                0x000000000000cb28                lv_mem_buf_free_all
 .text.lv_memcpy
                0x000000000000cb60      0x1e2 ./Gui/src/misc/lv_mem.o
                0x000000000000cb60                lv_memcpy
 .text.lv_memset
                0x000000000000cd42       0x66 ./Gui/src/misc/lv_mem.o
                0x000000000000cd42                lv_memset
 .text.lv_memset_00
                0x000000000000cda8       0x6c ./Gui/src/misc/lv_mem.o
                0x000000000000cda8                lv_memset_00
 .text.lv_memset_ff
                0x000000000000ce14       0x5e ./Gui/src/misc/lv_mem.o
                0x000000000000ce14                lv_memset_ff
 .text._out_buffer
                0x000000000000ce72        0xa ./Gui/src/misc/lv_printf.o
 .text._out_null
                0x000000000000ce7c        0x2 ./Gui/src/misc/lv_printf.o
 .text._ntoa_format
                0x000000000000ce7e      0x19e ./Gui/src/misc/lv_printf.o
 .text._ntoa_long
                0x000000000000d01c       0x86 ./Gui/src/misc/lv_printf.o
 .text._ntoa_long_long
                0x000000000000d0a2       0xf2 ./Gui/src/misc/lv_printf.o
 .text._vsnprintf
                0x000000000000d194      0x524 ./Gui/src/misc/lv_printf.o
 .text.lv_snprintf
                0x000000000000d6b8       0x2a ./Gui/src/misc/lv_printf.o
                0x000000000000d6b8                lv_snprintf
 .text.lv_vsnprintf
                0x000000000000d6e2       0x1c ./Gui/src/misc/lv_printf.o
                0x000000000000d6e2                lv_vsnprintf
 .text.lv_style_set_prop_helper
                0x000000000000d6fe        0x6 ./Gui/src/misc/lv_style.o
 .text.lv_style_init
                0x000000000000d704        0xe ./Gui/src/misc/lv_style.o
                0x000000000000d704                lv_style_init
 .text.lv_style_reset
                0x000000000000d712       0x2c ./Gui/src/misc/lv_style.o
                0x000000000000d712                lv_style_reset
 .text.lv_style_register_prop
                0x000000000000d73e       0x70 ./Gui/src/misc/lv_style.o
                0x000000000000d73e                lv_style_register_prop
 .text.lv_style_remove_prop
                0x000000000000d7ae       0xdc ./Gui/src/misc/lv_style.o
                0x000000000000d7ae                lv_style_remove_prop
 .text.lv_style_transition_dsc_init
                0x000000000000d88a       0x3a ./Gui/src/misc/lv_style.o
                0x000000000000d88a                lv_style_transition_dsc_init
 .text.lv_style_prop_get_default
                0x000000000000d8c4      0x100 ./Gui/src/misc/lv_style.o
                0x000000000000d8c4                lv_style_prop_get_default
 .text.lv_style_get_prop
                0x000000000000d9c4       0xcc ./Gui/src/misc/lv_style.o
                0x000000000000d9c4                lv_style_get_prop
 .text.lv_style_is_empty
                0x000000000000da90        0x8 ./Gui/src/misc/lv_style.o
                0x000000000000da90                lv_style_is_empty
 .text._lv_style_get_prop_group
                0x000000000000da98       0x14 ./Gui/src/misc/lv_style.o
                0x000000000000da98                _lv_style_get_prop_group
 .text.lv_style_set_prop_internal
                0x000000000000daac      0x11a ./Gui/src/misc/lv_style.o
 .text.lv_style_set_prop
                0x000000000000dbc6       0x14 ./Gui/src/misc/lv_style.o
                0x000000000000dbc6                lv_style_set_prop
 .text._lv_style_prop_lookup_flags
                0x000000000000dbda       0x42 ./Gui/src/misc/lv_style.o
                0x000000000000dbda                _lv_style_prop_lookup_flags
 .text.lv_style_set_width
                0x000000000000dc1c       0x10 ./Gui/src/misc/lv_style_gen.o
                0x000000000000dc1c                lv_style_set_width
 .text.lv_style_set_max_width
                0x000000000000dc2c       0x10 ./Gui/src/misc/lv_style_gen.o
                0x000000000000dc2c                lv_style_set_max_width
 .text.lv_style_set_height
                0x000000000000dc3c       0x10 ./Gui/src/misc/lv_style_gen.o
                0x000000000000dc3c                lv_style_set_height
 .text.lv_style_set_max_height
                0x000000000000dc4c       0x10 ./Gui/src/misc/lv_style_gen.o
                0x000000000000dc4c                lv_style_set_max_height
 .text.lv_style_set_transform_width
                0x000000000000dc5c       0x12 ./Gui/src/misc/lv_style_gen.o
                0x000000000000dc5c                lv_style_set_transform_width
 .text.lv_style_set_transform_height
                0x000000000000dc6e       0x12 ./Gui/src/misc/lv_style_gen.o
                0x000000000000dc6e                lv_style_set_transform_height
 .text.lv_style_set_pad_top
                0x000000000000dc80       0x10 ./Gui/src/misc/lv_style_gen.o
                0x000000000000dc80                lv_style_set_pad_top
 .text.lv_style_set_pad_bottom
                0x000000000000dc90       0x10 ./Gui/src/misc/lv_style_gen.o
                0x000000000000dc90                lv_style_set_pad_bottom
 .text.lv_style_set_pad_left
                0x000000000000dca0       0x10 ./Gui/src/misc/lv_style_gen.o
                0x000000000000dca0                lv_style_set_pad_left
 .text.lv_style_set_pad_right
                0x000000000000dcb0       0x10 ./Gui/src/misc/lv_style_gen.o
                0x000000000000dcb0                lv_style_set_pad_right
 .text.lv_style_set_pad_row
                0x000000000000dcc0       0x10 ./Gui/src/misc/lv_style_gen.o
                0x000000000000dcc0                lv_style_set_pad_row
 .text.lv_style_set_pad_column
                0x000000000000dcd0       0x10 ./Gui/src/misc/lv_style_gen.o
                0x000000000000dcd0                lv_style_set_pad_column
 .text.lv_style_set_bg_color
                0x000000000000dce0       0x1e ./Gui/src/misc/lv_style_gen.o
                0x000000000000dce0                lv_style_set_bg_color
 .text.lv_style_set_bg_opa
                0x000000000000dcfe       0x12 ./Gui/src/misc/lv_style_gen.o
                0x000000000000dcfe                lv_style_set_bg_opa
 .text.lv_style_set_bg_grad_color
                0x000000000000dd10       0x1e ./Gui/src/misc/lv_style_gen.o
                0x000000000000dd10                lv_style_set_bg_grad_color
 .text.lv_style_set_bg_img_src
                0x000000000000dd2e       0x12 ./Gui/src/misc/lv_style_gen.o
                0x000000000000dd2e                lv_style_set_bg_img_src
 .text.lv_style_set_border_color
                0x000000000000dd40       0x1e ./Gui/src/misc/lv_style_gen.o
                0x000000000000dd40                lv_style_set_border_color
 .text.lv_style_set_border_opa
                0x000000000000dd5e       0x12 ./Gui/src/misc/lv_style_gen.o
                0x000000000000dd5e                lv_style_set_border_opa
 .text.lv_style_set_border_width
                0x000000000000dd70       0x12 ./Gui/src/misc/lv_style_gen.o
                0x000000000000dd70                lv_style_set_border_width
 .text.lv_style_set_border_side
                0x000000000000dd82       0x12 ./Gui/src/misc/lv_style_gen.o
                0x000000000000dd82                lv_style_set_border_side
 .text.lv_style_set_border_post
                0x000000000000dd94       0x12 ./Gui/src/misc/lv_style_gen.o
                0x000000000000dd94                lv_style_set_border_post
 .text.lv_style_set_outline_width
                0x000000000000dda6       0x12 ./Gui/src/misc/lv_style_gen.o
                0x000000000000dda6                lv_style_set_outline_width
 .text.lv_style_set_outline_color
                0x000000000000ddb8       0x1e ./Gui/src/misc/lv_style_gen.o
                0x000000000000ddb8                lv_style_set_outline_color
 .text.lv_style_set_outline_opa
                0x000000000000ddd6       0x12 ./Gui/src/misc/lv_style_gen.o
                0x000000000000ddd6                lv_style_set_outline_opa
 .text.lv_style_set_outline_pad
                0x000000000000dde8       0x12 ./Gui/src/misc/lv_style_gen.o
                0x000000000000dde8                lv_style_set_outline_pad
 .text.lv_style_set_shadow_width
                0x000000000000ddfa       0x12 ./Gui/src/misc/lv_style_gen.o
                0x000000000000ddfa                lv_style_set_shadow_width
 .text.lv_style_set_shadow_ofs_y
                0x000000000000de0c       0x12 ./Gui/src/misc/lv_style_gen.o
                0x000000000000de0c                lv_style_set_shadow_ofs_y
 .text.lv_style_set_shadow_spread
                0x000000000000de1e       0x12 ./Gui/src/misc/lv_style_gen.o
                0x000000000000de1e                lv_style_set_shadow_spread
 .text.lv_style_set_shadow_color
                0x000000000000de30       0x1e ./Gui/src/misc/lv_style_gen.o
                0x000000000000de30                lv_style_set_shadow_color
 .text.lv_style_set_shadow_opa
                0x000000000000de4e       0x12 ./Gui/src/misc/lv_style_gen.o
                0x000000000000de4e                lv_style_set_shadow_opa
 .text.lv_style_set_line_width
                0x000000000000de60       0x12 ./Gui/src/misc/lv_style_gen.o
                0x000000000000de60                lv_style_set_line_width
 .text.lv_style_set_line_color
                0x000000000000de72       0x1e ./Gui/src/misc/lv_style_gen.o
                0x000000000000de72                lv_style_set_line_color
 .text.lv_style_set_arc_width
                0x000000000000de90       0x12 ./Gui/src/misc/lv_style_gen.o
                0x000000000000de90                lv_style_set_arc_width
 .text.lv_style_set_arc_rounded
                0x000000000000dea2       0x12 ./Gui/src/misc/lv_style_gen.o
                0x000000000000dea2                lv_style_set_arc_rounded
 .text.lv_style_set_arc_color
                0x000000000000deb4       0x1e ./Gui/src/misc/lv_style_gen.o
                0x000000000000deb4                lv_style_set_arc_color
 .text.lv_style_set_text_color
                0x000000000000ded2       0x1e ./Gui/src/misc/lv_style_gen.o
                0x000000000000ded2                lv_style_set_text_color
 .text.lv_style_set_text_font
                0x000000000000def0       0x12 ./Gui/src/misc/lv_style_gen.o
                0x000000000000def0                lv_style_set_text_font
 .text.lv_style_set_text_line_space
                0x000000000000df02       0x12 ./Gui/src/misc/lv_style_gen.o
                0x000000000000df02                lv_style_set_text_line_space
 .text.lv_style_set_text_align
                0x000000000000df14       0x12 ./Gui/src/misc/lv_style_gen.o
                0x000000000000df14                lv_style_set_text_align
 .text.lv_style_set_radius
                0x000000000000df26       0x10 ./Gui/src/misc/lv_style_gen.o
                0x000000000000df26                lv_style_set_radius
 .text.lv_style_set_clip_corner
                0x000000000000df36       0x10 ./Gui/src/misc/lv_style_gen.o
                0x000000000000df36                lv_style_set_clip_corner
 .text.lv_style_set_color_filter_dsc
                0x000000000000df46       0x12 ./Gui/src/misc/lv_style_gen.o
                0x000000000000df46                lv_style_set_color_filter_dsc
 .text.lv_style_set_color_filter_opa
                0x000000000000df58       0x12 ./Gui/src/misc/lv_style_gen.o
                0x000000000000df58                lv_style_set_color_filter_opa
 .text.lv_style_set_anim_time
                0x000000000000df6a       0x12 ./Gui/src/misc/lv_style_gen.o
                0x000000000000df6a                lv_style_set_anim_time
 .text.lv_style_set_transition
                0x000000000000df7c       0x12 ./Gui/src/misc/lv_style_gen.o
                0x000000000000df7c                lv_style_set_transition
 .text._lv_timer_core_init
                0x000000000000df8e       0x18 ./Gui/src/misc/lv_timer.o
                0x000000000000df8e                _lv_timer_core_init
 .text.lv_timer_create
                0x000000000000dfa6       0x42 ./Gui/src/misc/lv_timer.o
                0x000000000000dfa6                lv_timer_create
 .text.lv_timer_del
                0x000000000000dfe8       0x20 ./Gui/src/misc/lv_timer.o
                0x000000000000dfe8                lv_timer_del
 .text.lv_timer_handler
                0x000000000000e008      0x188 ./Gui/src/misc/lv_timer.o
                0x000000000000e008                lv_timer_handler
 .text.lv_timer_pause
                0x000000000000e190        0xa ./Gui/src/misc/lv_timer.o
                0x000000000000e190                lv_timer_pause
 .text.lv_timer_resume
                0x000000000000e19a        0x8 ./Gui/src/misc/lv_timer.o
                0x000000000000e19a                lv_timer_resume
 .text.lv_timer_ready
                0x000000000000e1a2       0x18 ./Gui/src/misc/lv_timer.o
                0x000000000000e1a2                lv_timer_ready
 .text.block_next
                0x000000000000e1ba        0xe ./Gui/src/misc/lv_tlsf.o
 .text.block_link_next
                0x000000000000e1c8       0x10 ./Gui/src/misc/lv_tlsf.o
 .text.block_mark_as_used
                0x000000000000e1d8       0x1a ./Gui/src/misc/lv_tlsf.o
 .text.block_split
                0x000000000000e1f2       0x64 ./Gui/src/misc/lv_tlsf.o
 .text.remove_free_block
                0x000000000000e256       0x50 ./Gui/src/misc/lv_tlsf.o
 .text.mapping_insert
                0x000000000000e2a6       0x40 ./Gui/src/misc/lv_tlsf.o
 .text.block_insert
                0x000000000000e2e6       0x62 ./Gui/src/misc/lv_tlsf.o
 .text.block_trim_free
                0x000000000000e348       0x46 ./Gui/src/misc/lv_tlsf.o
 .text.block_remove
                0x000000000000e38e       0x28 ./Gui/src/misc/lv_tlsf.o
 .text.block_merge_next
                0x000000000000e3b6       0x4a ./Gui/src/misc/lv_tlsf.o
 .text.block_locate_free
                0x000000000000e400       0xb2 ./Gui/src/misc/lv_tlsf.o
 .text.lv_tlsf_add_pool
                0x000000000000e4b2       0x40 ./Gui/src/misc/lv_tlsf.o
                0x000000000000e4b2                lv_tlsf_add_pool
 .text.lv_tlsf_create
                0x000000000000e4f2       0x3e ./Gui/src/misc/lv_tlsf.o
                0x000000000000e4f2                lv_tlsf_create
 .text.lv_tlsf_create_with_pool
                0x000000000000e530       0x26 ./Gui/src/misc/lv_tlsf.o
                0x000000000000e530                lv_tlsf_create_with_pool
 .text.lv_tlsf_malloc
                0x000000000000e556       0x56 ./Gui/src/misc/lv_tlsf.o
                0x000000000000e556                lv_tlsf_malloc
 .text.lv_tlsf_free
                0x000000000000e5ac       0x86 ./Gui/src/misc/lv_tlsf.o
                0x000000000000e5ac                lv_tlsf_free
 .text.lv_tlsf_realloc
                0x000000000000e632       0xde ./Gui/src/misc/lv_tlsf.o
                0x000000000000e632                lv_tlsf_realloc
 .text.lv_txt_utf8_size
                0x000000000000e710       0x3a ./Gui/src/misc/lv_txt.o
 .text.lv_txt_utf8_next
                0x000000000000e74a      0x128 ./Gui/src/misc/lv_txt.o
 .text.lv_txt_utf8_get_byte_id
                0x000000000000e872       0x36 ./Gui/src/misc/lv_txt.o
 .text.lv_txt_utf8_get_char_id
                0x000000000000e8a8       0x2a ./Gui/src/misc/lv_txt.o
 .text.lv_txt_utf8_get_length
                0x000000000000e8d2       0x2c ./Gui/src/misc/lv_txt.o
 .text.lv_txt_unicode_to_utf8
                0x000000000000e8fe       0x9e ./Gui/src/misc/lv_txt.o
 .text.lv_txt_utf8_prev
                0x000000000000e99c       0x46 ./Gui/src/misc/lv_txt.o
 .text._lv_txt_is_cmd
                0x000000000000e9e2       0x46 ./Gui/src/misc/lv_txt.o
                0x000000000000e9e2                _lv_txt_is_cmd
 .text._lv_txt_get_next_line
                0x000000000000ea28      0x230 ./Gui/src/misc/lv_txt.o
                0x000000000000ea28                _lv_txt_get_next_line
 .text._lv_txt_ins
                0x000000000000ec58       0x64 ./Gui/src/misc/lv_txt.o
                0x000000000000ec58                _lv_txt_ins
 .text._lv_txt_cut
                0x000000000000ecbc       0x52 ./Gui/src/misc/lv_txt.o
                0x000000000000ecbc                _lv_txt_cut
 .text._lv_txt_set_text_vfmt
                0x000000000000ed0e       0x42 ./Gui/src/misc/lv_txt.o
                0x000000000000ed0e                _lv_txt_set_text_vfmt
 .text._lv_txt_encoded_letter_next_2
                0x000000000000ed50       0x36 ./Gui/src/misc/lv_txt.o
                0x000000000000ed50                _lv_txt_encoded_letter_next_2
 .text.lv_txt_get_width
                0x000000000000ed86       0x7a ./Gui/src/misc/lv_txt.o
                0x000000000000ed86                lv_txt_get_width
 .text.lv_txt_get_size
                0x000000000000ee00       0xbe ./Gui/src/misc/lv_txt.o
                0x000000000000ee00                lv_txt_get_size
 .text._lv_utils_bsearch
                0x000000000000eebe       0x4a ./Gui/src/misc/lv_utils.o
                0x000000000000eebe                _lv_utils_bsearch
 .text.lv_disp_drv_init
                0x000000000000ef08       0x50 ./Gui/src/hal/lv_hal_disp.o
                0x000000000000ef08                lv_disp_drv_init
 .text.lv_disp_draw_buf_init
                0x000000000000ef58       0x26 ./Gui/src/hal/lv_hal_disp.o
                0x000000000000ef58                lv_disp_draw_buf_init
 .text.lv_disp_drv_register
                0x000000000000ef7e      0x144 ./Gui/src/hal/lv_hal_disp.o
                0x000000000000ef7e                lv_disp_drv_register
 .text.lv_disp_get_default
                0x000000000000f0c2        0x6 ./Gui/src/hal/lv_hal_disp.o
                0x000000000000f0c2                lv_disp_get_default
 .text.lv_disp_get_hor_res
                0x000000000000f0c8       0x2c ./Gui/src/hal/lv_hal_disp.o
                0x000000000000f0c8                lv_disp_get_hor_res
 .text.lv_disp_get_ver_res
                0x000000000000f0f4       0x2c ./Gui/src/hal/lv_hal_disp.o
                0x000000000000f0f4                lv_disp_get_ver_res
 .text.lv_disp_get_dpi
                0x000000000000f120       0x1a ./Gui/src/hal/lv_hal_disp.o
                0x000000000000f120                lv_disp_get_dpi
 .text.lv_disp_flush_ready
                0x000000000000f13a        0xc ./Gui/src/hal/lv_hal_disp.o
                0x000000000000f13a                lv_disp_flush_ready
 .text.lv_disp_get_next
                0x000000000000f146       0x1a ./Gui/src/hal/lv_hal_disp.o
                0x000000000000f146                lv_disp_get_next
 .text.lv_disp_get_draw_buf
                0x000000000000f160        0x6 ./Gui/src/hal/lv_hal_disp.o
                0x000000000000f160                lv_disp_get_draw_buf
 .text.lv_indev_drv_init
                0x000000000000f166       0x2a ./Gui/src/hal/lv_hal_indev.o
                0x000000000000f166                lv_indev_drv_init
 .text.lv_indev_drv_register
                0x000000000000f190       0x4e ./Gui/src/hal/lv_hal_indev.o
                0x000000000000f190                lv_indev_drv_register
 .text.lv_indev_get_next
                0x000000000000f1de       0x1a ./Gui/src/hal/lv_hal_indev.o
                0x000000000000f1de                lv_indev_get_next
 .text._lv_indev_read
                0x000000000000f1f8       0x44 ./Gui/src/hal/lv_hal_indev.o
                0x000000000000f1f8                _lv_indev_read
 .text.lv_tick_inc
                0x000000000000f23c       0x10 ./Gui/src/hal/lv_hal_tick.o
                0x000000000000f23c                lv_tick_inc
 .text.lv_tick_get
                0x000000000000f24c       0x16 ./Gui/src/hal/lv_hal_tick.o
                0x000000000000f24c                lv_tick_get
 .text.lv_tick_elaps
                0x000000000000f262       0x10 ./Gui/src/hal/lv_hal_tick.o
                0x000000000000f262                lv_tick_elaps
 .text.lv_font_get_glyph_bitmap
                0x000000000000f272       0x10 ./Gui/src/font/lv_font.o
                0x000000000000f272                lv_font_get_glyph_bitmap
 .text.lv_font_get_glyph_dsc
                0x000000000000f282       0xb0 ./Gui/src/font/lv_font.o
                0x000000000000f282                lv_font_get_glyph_dsc
 .text.lv_font_get_glyph_width
                0x000000000000f332       0x1c ./Gui/src/font/lv_font.o
                0x000000000000f332                lv_font_get_glyph_width
 .text.kern_pair_8_compare
                0x000000000000f34e       0x16 ./Gui/src/font/lv_font_fmt_txt.o
 .text.kern_pair_16_compare
                0x000000000000f364       0x16 ./Gui/src/font/lv_font_fmt_txt.o
 .text.unicode_list_compare
                0x000000000000f37a        0x8 ./Gui/src/font/lv_font_fmt_txt.o
 .text.get_glyph_dsc_id.isra.0.part.1
                0x000000000000f382       0xea ./Gui/src/font/lv_font_fmt_txt.o
 .text.lv_font_get_bitmap_fmt_txt
                0x000000000000f46c       0x3e ./Gui/src/font/lv_font_fmt_txt.o
                0x000000000000f46c                lv_font_get_bitmap_fmt_txt
 .text.lv_font_get_glyph_dsc_fmt_txt
                0x000000000000f4aa      0x17c ./Gui/src/font/lv_font_fmt_txt.o
                0x000000000000f4aa                lv_font_get_glyph_dsc_fmt_txt
 .text._lv_font_clean_up_fmt_txt
                0x000000000000f626        0x2 ./Gui/src/font/lv_font_fmt_txt.o
                0x000000000000f626                _lv_font_clean_up_fmt_txt
 .text.lv_win_constructor
                0x000000000000f628       0x76 ./Gui/src/extra/widgets/win/lv_win.o
 .text.lv_tileview_constructor
                0x000000000000f69e       0x44 ./Gui/src/extra/widgets/tileview/lv_tileview.o
 .text.tileview_event_cb
                0x000000000000f6e2       0xca ./Gui/src/extra/widgets/tileview/lv_tileview.o
 .text.lv_tileview_tile_constructor
                0x000000000000f7ac       0x76 ./Gui/src/extra/widgets/tileview/lv_tileview.o
 .text.lv_tabview_destructor
                0x000000000000f822       0x6c ./Gui/src/extra/widgets/tabview/lv_tabview.o
 .text.lv_tabview_constructor
                0x000000000000f88e      0x15e ./Gui/src/extra/widgets/tabview/lv_tabview.o
 .text.lv_tabview_get_content
                0x000000000000f9ec        0xe ./Gui/src/extra/widgets/tabview/lv_tabview.o
                0x000000000000f9ec                lv_tabview_get_content
 .text.lv_tabview_get_tab_btns
                0x000000000000f9fa        0xe ./Gui/src/extra/widgets/tabview/lv_tabview.o
                0x000000000000f9fa                lv_tabview_get_tab_btns
 .text.lv_tabview_set_act
                0x000000000000fa08       0xca ./Gui/src/extra/widgets/tabview/lv_tabview.o
                0x000000000000fa08                lv_tabview_set_act
 .text.lv_tabview_event
                0x000000000000fad2       0x3a ./Gui/src/extra/widgets/tabview/lv_tabview.o
 .text.cont_scroll_end_event_cb
                0x000000000000fb0c       0xde ./Gui/src/extra/widgets/tabview/lv_tabview.o
 .text.btns_value_changed_event_cb
                0x000000000000fbea       0x24 ./Gui/src/extra/widgets/tabview/lv_tabview.o
 .text.lv_spinner_constructor
                0x000000000000fc0e       0x82 ./Gui/src/extra/widgets/spinner/lv_spinner.o
 .text.arc_anim_start_angle
                0x000000000000fc90       0x10 ./Gui/src/extra/widgets/spinner/lv_spinner.o
 .text.arc_anim_end_angle
                0x000000000000fca0       0x10 ./Gui/src/extra/widgets/spinner/lv_spinner.o
 .text.lv_spinbox_updatevalue
                0x000000000000fcb0      0x120 ./Gui/src/extra/widgets/spinbox/lv_spinbox.o
 .text.lv_spinbox_constructor
                0x000000000000fdd0       0x48 ./Gui/src/extra/widgets/spinbox/lv_spinbox.o
 .text.lv_spinbox_step_next
                0x000000000000fe18       0x1e ./Gui/src/extra/widgets/spinbox/lv_spinbox.o
                0x000000000000fe18                lv_spinbox_step_next
 .text.lv_spinbox_step_prev
                0x000000000000fe36       0x2c ./Gui/src/extra/widgets/spinbox/lv_spinbox.o
                0x000000000000fe36                lv_spinbox_step_prev
 .text.lv_spinbox_increment
                0x000000000000fe62       0x44 ./Gui/src/extra/widgets/spinbox/lv_spinbox.o
                0x000000000000fe62                lv_spinbox_increment
 .text.lv_spinbox_decrement
                0x000000000000fea6       0x44 ./Gui/src/extra/widgets/spinbox/lv_spinbox.o
                0x000000000000fea6                lv_spinbox_decrement
 .text.lv_spinbox_event
                0x000000000000feea      0x184 ./Gui/src/extra/widgets/spinbox/lv_spinbox.o
 .text.lv_meter_destructor
                0x000000000001006e       0x20 ./Gui/src/extra/widgets/meter/lv_meter.o
 .text.lv_meter_constructor
                0x000000000001008e       0x20 ./Gui/src/extra/widgets/meter/lv_meter.o
 .text.lv_meter_event
                0x00000000000100ae      0x8c2 ./Gui/src/extra/widgets/meter/lv_meter.o
 .text.lv_menu_destructor